{"@timestamp":"2026-03-25T07:37:25.7906178+05:30","level":"WARN","logger_name":"com.zaxxer.hikari.pool.HikariPool","message":"HikariPool-1 - Thread starvation or clock leap detected (housekeeper delta=12h11m3s819ms989µs600ns).","service":"fms-auth","version":"1.0.0","environment":"default"}
{"@timestamp":"2026-03-25T07:38:44.8023224+05:30","level":"INFO","logger_name":"com.netflix.discovery.shared.resolver.aws.ConfigClusterResolver","message":"Resolving eureka endpoints via configuration","service":"fms-auth","version":"1.0.0","environment":"default"}
{"@timestamp":"2026-03-25T07:43:44.8107503+05:30","level":"INFO","logger_name":"com.netflix.discovery.shared.resolver.aws.ConfigClusterResolver","message":"Resolving eureka endpoints via configuration","service":"fms-auth","version":"1.0.0","environment":"default"}
{"@timestamp":"2026-03-25T07:48:44.8270761+05:30","level":"INFO","logger_name":"com.netflix.discovery.shared.resolver.aws.ConfigClusterResolver","message":"Resolving eureka endpoints via configuration","service":"fms-auth","version":"1.0.0","environment":"default"}
{"@timestamp":"2026-03-25T07:53:44.8474052+05:30","level":"INFO","logger_name":"com.netflix.discovery.shared.resolver.aws.ConfigClusterResolver","message":"Resolving eureka endpoints via configuration","service":"fms-auth","version":"1.0.0","environment":"default"}
{"@timestamp":"2026-03-25T07:58:45.1919186+05:30","level":"INFO","logger_name":"com.netflix.discovery.shared.resolver.aws.ConfigClusterResolver","message":"Resolving eureka endpoints via configuration","service":"fms-auth","version":"1.0.0","environment":"default"}
{"@timestamp":"2026-03-25T08:03:45.6464746+05:30","level":"INFO","logger_name":"com.netflix.discovery.shared.resolver.aws.ConfigClusterResolver","message":"Resolving eureka endpoints via configuration","service":"fms-auth","version":"1.0.0","environment":"default"}
{"@timestamp":"2026-03-25T08:08:45.6624416+05:30","level":"INFO","logger_name":"com.netflix.discovery.shared.resolver.aws.ConfigClusterResolver","message":"Resolving eureka endpoints via configuration","service":"fms-auth","version":"1.0.0","environment":"default"}
{"@timestamp":"2026-03-25T08:13:45.6691699+05:30","level":"INFO","logger_name":"com.netflix.discovery.shared.resolver.aws.ConfigClusterResolver","message":"Resolving eureka endpoints via configuration","service":"fms-auth","version":"1.0.0","environment":"default"}
{"@timestamp":"2026-03-25T08:18:45.8584286+05:30","level":"INFO","logger_name":"com.netflix.discovery.shared.resolver.aws.ConfigClusterResolver","message":"Resolving eureka endpoints via configuration","service":"fms-auth","version":"1.0.0","environment":"default"}
{"@timestamp":"2026-03-25T08:23:45.9276057+05:30","level":"INFO","logger_name":"com.netflix.discovery.shared.resolver.aws.ConfigClusterResolver","message":"Resolving eureka endpoints via configuration","service":"fms-auth","version":"1.0.0","environment":"default"}
{"@timestamp":"2026-03-25T08:28:45.9439944+05:30","level":"INFO","logger_name":"com.netflix.discovery.shared.resolver.aws.ConfigClusterResolver","message":"Resolving eureka endpoints via configuration","service":"fms-auth","version":"1.0.0","environment":"default"}
{"@timestamp":"2026-03-25T08:33:45.96136+05:30","level":"INFO","logger_name":"com.netflix.discovery.shared.resolver.aws.ConfigClusterResolver","message":"Resolving eureka endpoints via configuration","service":"fms-auth","version":"1.0.0","environment":"default"}
{"@timestamp":"2026-03-25T08:38:45.9843365+05:30","level":"INFO","logger_name":"com.netflix.discovery.shared.resolver.aws.ConfigClusterResolver","message":"Resolving eureka endpoints via configuration","service":"fms-auth","version":"1.0.0","environment":"default"}
{"@timestamp":"2026-03-25T08:43:46.042598+05:30","level":"INFO","logger_name":"com.netflix.discovery.shared.resolver.aws.ConfigClusterResolver","message":"Resolving eureka endpoints via configuration","service":"fms-auth","version":"1.0.0","environment":"default"}
{"@timestamp":"2026-03-25T08:48:46.0458872+05:30","level":"INFO","logger_name":"com.netflix.discovery.shared.resolver.aws.ConfigClusterResolver","message":"Resolving eureka endpoints via configuration","service":"fms-auth","version":"1.0.0","environment":"default"}
{"@timestamp":"2026-03-25T08:53:46.057169+05:30","level":"INFO","logger_name":"com.netflix.discovery.shared.resolver.aws.ConfigClusterResolver","message":"Resolving eureka endpoints via configuration","service":"fms-auth","version":"1.0.0","environment":"default"}
{"@timestamp":"2026-03-25T08:58:46.0647487+05:30","level":"INFO","logger_name":"com.netflix.discovery.shared.resolver.aws.ConfigClusterResolver","message":"Resolving eureka endpoints via configuration","service":"fms-auth","version":"1.0.0","environment":"default"}
{"@timestamp":"2026-03-25T09:03:46.0786585+05:30","level":"INFO","logger_name":"com.netflix.discovery.shared.resolver.aws.ConfigClusterResolver","message":"Resolving eureka endpoints via configuration","service":"fms-auth","version":"1.0.0","environment":"default"}
{"@timestamp":"2026-03-25T09:08:46.2176026+05:30","level":"INFO","logger_name":"com.netflix.discovery.shared.resolver.aws.ConfigClusterResolver","message":"Resolving eureka endpoints via configuration","service":"fms-auth","version":"1.0.0","environment":"default"}
{"@timestamp":"2026-03-25T09:13:46.2279384+05:30","level":"INFO","logger_name":"com.netflix.discovery.shared.resolver.aws.ConfigClusterResolver","message":"Resolving eureka endpoints via configuration","service":"fms-auth","version":"1.0.0","environment":"default"}
{"@timestamp":"2026-03-25T09:18:46.2370727+05:30","level":"INFO","logger_name":"com.netflix.discovery.shared.resolver.aws.ConfigClusterResolver","message":"Resolving eureka endpoints via configuration","service":"fms-auth","version":"1.0.0","environment":"default"}
{"@timestamp":"2026-03-25T09:23:46.2541551+05:30","level":"INFO","logger_name":"com.netflix.discovery.shared.resolver.aws.ConfigClusterResolver","message":"Resolving eureka endpoints via configuration","service":"fms-auth","version":"1.0.0","environment":"default"}
{"@timestamp":"2026-03-25T09:28:46.2728802+05:30","level":"INFO","logger_name":"com.netflix.discovery.shared.resolver.aws.ConfigClusterResolver","message":"Resolving eureka endpoints via configuration","service":"fms-auth","version":"1.0.0","environment":"default"}
{"@timestamp":"2026-03-25T09:33:46.2879484+05:30","level":"INFO","logger_name":"com.netflix.discovery.shared.resolver.aws.ConfigClusterResolver","message":"Resolving eureka endpoints via configuration","service":"fms-auth","version":"1.0.0","environment":"default"}
{"@timestamp":"2026-03-25T09:38:46.298551+05:30","level":"INFO","logger_name":"com.netflix.discovery.shared.resolver.aws.ConfigClusterResolver","message":"Resolving eureka endpoints via configuration","service":"fms-auth","version":"1.0.0","environment":"default"}
{"@timestamp":"2026-03-25T09:43:46.308878+05:30","level":"INFO","logger_name":"com.netflix.discovery.shared.resolver.aws.ConfigClusterResolver","message":"Resolving eureka endpoints via configuration","service":"fms-auth","version":"1.0.0","environment":"default"}
{"@timestamp":"2026-03-25T09:48:46.3866036+05:30","level":"INFO","logger_name":"com.netflix.discovery.shared.resolver.aws.ConfigClusterResolver","message":"Resolving eureka endpoints via configuration","service":"fms-auth","version":"1.0.0","environment":"default"}
{"@timestamp":"2026-03-25T09:53:46.400543+05:30","level":"INFO","logger_name":"com.netflix.discovery.shared.resolver.aws.ConfigClusterResolver","message":"Resolving eureka endpoints via configuration","service":"fms-auth","version":"1.0.0","environment":"default"}
{"@timestamp":"2026-03-25T09:58:46.4145687+05:30","level":"INFO","logger_name":"com.netflix.discovery.shared.resolver.aws.ConfigClusterResolver","message":"Resolving eureka endpoints via configuration","service":"fms-auth","version":"1.0.0","environment":"default"}
{"@timestamp":"2026-03-25T10:03:46.6159303+05:30","level":"INFO","logger_name":"com.netflix.discovery.shared.resolver.aws.ConfigClusterResolver","message":"Resolving eureka endpoints via configuration","service":"fms-auth","version":"1.0.0","environment":"default"}
{"@timestamp":"2026-03-25T10:08:46.6314196+05:30","level":"INFO","logger_name":"com.netflix.discovery.shared.resolver.aws.ConfigClusterResolver","message":"Resolving eureka endpoints via configuration","service":"fms-auth","version":"1.0.0","environment":"default"}
{"@timestamp":"2026-03-25T10:13:46.6407829+05:30","level":"INFO","logger_name":"com.netflix.discovery.shared.resolver.aws.ConfigClusterResolver","message":"Resolving eureka endpoints via configuration","service":"fms-auth","version":"1.0.0","environment":"default"}
{"@timestamp":"2026-03-25T10:18:46.6624539+05:30","level":"INFO","logger_name":"com.netflix.discovery.shared.resolver.aws.ConfigClusterResolver","message":"Resolving eureka endpoints via configuration","service":"fms-auth","version":"1.0.0","environment":"default"}
{"@timestamp":"2026-03-25T10:23:46.6760567+05:30","level":"INFO","logger_name":"com.netflix.discovery.shared.resolver.aws.ConfigClusterResolver","message":"Resolving eureka endpoints via configuration","service":"fms-auth","version":"1.0.0","environment":"default"}
{"@timestamp":"2026-03-25T10:28:46.8688631+05:30","level":"INFO","logger_name":"com.netflix.discovery.shared.resolver.aws.ConfigClusterResolver","message":"Resolving eureka endpoints via configuration","service":"fms-auth","version":"1.0.0","environment":"default"}
{"@timestamp":"2026-03-25T10:33:46.875314+05:30","level":"INFO","logger_name":"com.netflix.discovery.shared.resolver.aws.ConfigClusterResolver","message":"Resolving eureka endpoints via configuration","service":"fms-auth","version":"1.0.0","environment":"default"}
{"@timestamp":"2026-03-25T10:38:46.8872676+05:30","level":"INFO","logger_name":"com.netflix.discovery.shared.resolver.aws.ConfigClusterResolver","message":"Resolving eureka endpoints via configuration","service":"fms-auth","version":"1.0.0","environment":"default"}
{"@timestamp":"2026-03-25T10:43:46.9089018+05:30","level":"INFO","logger_name":"com.netflix.discovery.shared.resolver.aws.ConfigClusterResolver","message":"Resolving eureka endpoints via configuration","service":"fms-auth","version":"1.0.0","environment":"default"}
{"@timestamp":"2026-03-25T10:48:46.9160701+05:30","level":"INFO","logger_name":"com.netflix.discovery.shared.resolver.aws.ConfigClusterResolver","message":"Resolving eureka endpoints via configuration","service":"fms-auth","version":"1.0.0","environment":"default"}
{"@timestamp":"2026-03-25T10:53:46.9280012+05:30","level":"INFO","logger_name":"com.netflix.discovery.shared.resolver.aws.ConfigClusterResolver","message":"Resolving eureka endpoints via configuration","service":"fms-auth","version":"1.0.0","environment":"default"}
{"@timestamp":"2026-03-25T10:58:46.9477748+05:30","level":"INFO","logger_name":"com.netflix.discovery.shared.resolver.aws.ConfigClusterResolver","message":"Resolving eureka endpoints via configuration","service":"fms-auth","version":"1.0.0","environment":"default"}
{"@timestamp":"2026-03-25T11:03:46.9606938+05:30","level":"INFO","logger_name":"com.netflix.discovery.shared.resolver.aws.ConfigClusterResolver","message":"Resolving eureka endpoints via configuration","service":"fms-auth","version":"1.0.0","environment":"default"}
{"@timestamp":"2026-03-25T11:08:46.9668969+05:30","level":"INFO","logger_name":"com.netflix.discovery.shared.resolver.aws.ConfigClusterResolver","message":"Resolving eureka endpoints via configuration","service":"fms-auth","version":"1.0.0","environment":"default"}
{"@timestamp":"2026-03-25T11:13:46.9725427+05:30","level":"INFO","logger_name":"com.netflix.discovery.shared.resolver.aws.ConfigClusterResolver","message":"Resolving eureka endpoints via configuration","service":"fms-auth","version":"1.0.0","environment":"default"}
{"@timestamp":"2026-03-25T11:18:46.9869167+05:30","level":"INFO","logger_name":"com.netflix.discovery.shared.resolver.aws.ConfigClusterResolver","message":"Resolving eureka endpoints via configuration","service":"fms-auth","version":"1.0.0","environment":"default"}
{"@timestamp":"2026-03-25T11:23:47.0013538+05:30","level":"INFO","logger_name":"com.netflix.discovery.shared.resolver.aws.ConfigClusterResolver","message":"Resolving eureka endpoints via configuration","service":"fms-auth","version":"1.0.0","environment":"default"}
{"@timestamp":"2026-03-25T11:28:47.0146867+05:30","level":"INFO","logger_name":"com.netflix.discovery.shared.resolver.aws.ConfigClusterResolver","message":"Resolving eureka endpoints via configuration","service":"fms-auth","version":"1.0.0","environment":"default"}
{"@timestamp":"2026-03-25T11:33:47.0296583+05:30","level":"INFO","logger_name":"com.netflix.discovery.shared.resolver.aws.ConfigClusterResolver","message":"Resolving eureka endpoints via configuration","service":"fms-auth","version":"1.0.0","environment":"default"}
{"@timestamp":"2026-03-25T11:38:47.0479512+05:30","level":"INFO","logger_name":"com.netflix.discovery.shared.resolver.aws.ConfigClusterResolver","message":"Resolving eureka endpoints via configuration","service":"fms-auth","version":"1.0.0","environment":"default"}
{"@timestamp":"2026-03-25T11:43:47.0571373+05:30","level":"INFO","logger_name":"com.netflix.discovery.shared.resolver.aws.ConfigClusterResolver","message":"Resolving eureka endpoints via configuration","service":"fms-auth","version":"1.0.0","environment":"default"}
{"@timestamp":"2026-03-25T11:48:47.0607146+05:30","level":"INFO","logger_name":"com.netflix.discovery.shared.resolver.aws.ConfigClusterResolver","message":"Resolving eureka endpoints via configuration","service":"fms-auth","version":"1.0.0","environment":"default"}
{"@timestamp":"2026-03-25T11:53:47.0799796+05:30","level":"INFO","logger_name":"com.netflix.discovery.shared.resolver.aws.ConfigClusterResolver","message":"Resolving eureka endpoints via configuration","service":"fms-auth","version":"1.0.0","environment":"default"}
{"@timestamp":"2026-03-25T11:58:47.099122+05:30","level":"INFO","logger_name":"com.netflix.discovery.shared.resolver.aws.ConfigClusterResolver","message":"Resolving eureka endpoints via configuration","service":"fms-auth","version":"1.0.0","environment":"default"}
{"@timestamp":"2026-03-25T12:03:47.1121995+05:30","level":"INFO","logger_name":"com.netflix.discovery.shared.resolver.aws.ConfigClusterResolver","message":"Resolving eureka endpoints via configuration","service":"fms-auth","version":"1.0.0","environment":"default"}
{"@timestamp":"2026-03-25T12:08:47.1256192+05:30","level":"INFO","logger_name":"com.netflix.discovery.shared.resolver.aws.ConfigClusterResolver","message":"Resolving eureka endpoints via configuration","service":"fms-auth","version":"1.0.0","environment":"default"}
{"@timestamp":"2026-03-25T12:13:47.2935662+05:30","level":"INFO","logger_name":"com.netflix.discovery.shared.resolver.aws.ConfigClusterResolver","message":"Resolving eureka endpoints via configuration","service":"fms-auth","version":"1.0.0","environment":"default"}
{"@timestamp":"2026-03-25T12:18:47.3068475+05:30","level":"INFO","logger_name":"com.netflix.discovery.shared.resolver.aws.ConfigClusterResolver","message":"Resolving eureka endpoints via configuration","service":"fms-auth","version":"1.0.0","environment":"default"}
{"@timestamp":"2026-03-25T12:23:47.319418+05:30","level":"INFO","logger_name":"com.netflix.discovery.shared.resolver.aws.ConfigClusterResolver","message":"Resolving eureka endpoints via configuration","service":"fms-auth","version":"1.0.0","environment":"default"}
{"@timestamp":"2026-03-25T12:24:32.4880053+05:30","level":"INFO","logger_name":"org.apache.catalina.core.ContainerBase.[Tomcat].[localhost].[/fms-auth-service]","message":"Initializing Spring DispatcherServlet 'dispatcherServlet'","service":"fms-auth","version":"1.0.0","environment":"default"}
{"@timestamp":"2026-03-25T12:24:32.5050044+05:30","level":"INFO","logger_name":"org.springframework.web.servlet.DispatcherServlet","message":"Initializing Servlet 'dispatcherServlet'","service":"fms-auth","version":"1.0.0","environment":"default"}
{"@timestamp":"2026-03-25T12:24:32.5930112+05:30","level":"INFO","logger_name":"org.springframework.web.servlet.DispatcherServlet","message":"Completed initialization in 86 ms","service":"fms-auth","version":"1.0.0","environment":"default"}
{"@timestamp":"2026-03-25T12:24:33.1660144+05:30","level":"INFO","logger_name":"net.com.fms_auth.service.IMPL.CustomUserDetailsServiceIMPL","message":"Loading user by username: kavindadarmasiri15@gmail.com","service":"fms-auth","version":"1.0.0","environment":"default"}
{"@timestamp":"2026-03-25T12:24:33.7440143+05:30","level":"INFO","logger_name":"net.com.fms_auth.service.IMPL.CustomUserDetailsServiceIMPL","message":"User found: Kavinda Gimhan, Password hash: $2a$10$gYmjVFL1oCCukYVHhSSmkeLSBUODgNdSX5CKXqb.Jp.6.9p0snVBC","service":"fms-auth","version":"1.0.0","environment":"default"}
{"@timestamp":"2026-03-25T12:24:34.2860343+05:30","level":"ERROR","logger_name":"net.com.fms_auth.service.IMPL.AuthServiceIMPL","message":"kavindadarmasiri15@gmail.com authenticated successfully","service":"fms-auth","version":"1.0.0","environment":"default"}
{"@timestamp":"2026-03-25T12:24:35.107023+05:30","level":"INFO","logger_name":"net.com.fms_auth.config.TokenAuthenticationFilter","message":"tokenBearer 533fb1c1-8630-426b-a2c6-27d1108bc4e8","service":"fms-auth","version":"1.0.0","environment":"default"}
{"@timestamp":"2026-03-25T12:24:35.1210227+05:30","level":"INFO","logger_name":"net.com.fms_auth.config.TokenAuthenticationFilter","message":"token = 533fb1c1-8630-426b-a2c6-27d1108bc4e8","service":"fms-auth","version":"1.0.0","environment":"default"}
{"@timestamp":"2026-03-25T12:25:34.2506746+05:30","level":"INFO","logger_name":"net.com.fms_auth.config.TokenAuthenticationFilter","message":"tokenBearer 533fb1c1-8630-426b-a2c6-27d1108bc4e8","service":"fms-auth","version":"1.0.0","environment":"default"}
{"@timestamp":"2026-03-25T12:25:34.2516749+05:30","level":"INFO","logger_name":"net.com.fms_auth.config.TokenAuthenticationFilter","message":"token = 533fb1c1-8630-426b-a2c6-27d1108bc4e8","service":"fms-auth","version":"1.0.0","environment":"default"}
{"@timestamp":"2026-03-25T12:25:34.5276805+05:30","level":"INFO","logger_name":"net.com.fms_auth.service.IMPL.RoleServiceIMPL","message":"::::Returned All Roles.","service":"fms-auth","version":"1.0.0","environment":"default"}
{"@timestamp":"2026-03-25T12:25:34.5436782+05:30","level":"WARN","logger_name":"org.springframework.data.web.config.SpringDataJacksonConfiguration$PageModule$WarningLoggingModifier","message":"Serializing PageImpl instances as-is is not supported, meaning that there is no guarantee about the stability of the resulting JSON structure!\n\tFor a stable JSON structure, please use Spring Data's PagedModel (globally via @EnableSpringDataWebSupport(pageSerializationMode = VIA_DTO))\n\tor Spring HATEOAS and Spring Data's PagedResourcesAssembler as documented in https://docs.spring.io/spring-data/commons/reference/repositories/core-extensions.html#core.web.pageables.\n","service":"fms-auth","version":"1.0.0","environment":"default"}
{"@timestamp":"2026-03-25T12:25:35.2886967+05:30","level":"INFO","logger_name":"net.com.fms_auth.config.TokenAuthenticationFilter","message":"tokenBearer 533fb1c1-8630-426b-a2c6-27d1108bc4e8","service":"fms-auth","version":"1.0.0","environment":"default"}
{"@timestamp":"2026-03-25T12:25:35.2896866+05:30","level":"INFO","logger_name":"net.com.fms_auth.config.TokenAuthenticationFilter","message":"token = 533fb1c1-8630-426b-a2c6-27d1108bc4e8","service":"fms-auth","version":"1.0.0","environment":"default"}
{"@timestamp":"2026-03-25T12:25:35.3286836+05:30","level":"WARN","logger_name":"org.hibernate.orm.query","message":"HHH90003004: firstResult/maxResults specified with collection fetch; applying in memory","service":"fms-auth","version":"1.0.0","environment":"default"}
{"@timestamp":"2026-03-25T12:25:35.3496851+05:30","level":"INFO","logger_name":"net.com.fms_auth.config.TokenAuthenticationFilter","message":"tokenBearer 533fb1c1-8630-426b-a2c6-27d1108bc4e8","service":"fms-auth","version":"1.0.0","environment":"default"}
{"@timestamp":"2026-03-25T12:25:35.3506842+05:30","level":"INFO","logger_name":"net.com.fms_auth.config.TokenAuthenticationFilter","message":"token = 533fb1c1-8630-426b-a2c6-27d1108bc4e8","service":"fms-auth","version":"1.0.0","environment":"default"}
{"@timestamp":"2026-03-25T12:25:35.3546852+05:30","level":"ERROR","logger_name":"net.com.fms_auth.service.IMPL.UserServiceIMPL","message":"---------------------------------------------------","service":"fms-auth","version":"1.0.0","environment":"default"}
{"@timestamp":"2026-03-25T12:25:35.3556855+05:30","level":"ERROR","logger_name":"net.com.fms_auth.service.IMPL.UserServiceIMPL","message":"filter data :::[hibernateexample.User[ userId=2 ]]","service":"fms-auth","version":"1.0.0","environment":"default"}
{"@timestamp":"2026-03-25T12:25:36.9164964+05:30","level":"INFO","logger_name":"net.com.fms_auth.config.TokenAuthenticationFilter","message":"tokenBearer 533fb1c1-8630-426b-a2c6-27d1108bc4e8","service":"fms-auth","version":"1.0.0","environment":"default"}
{"@timestamp":"2026-03-25T12:25:36.917498+05:30","level":"INFO","logger_name":"net.com.fms_auth.config.TokenAuthenticationFilter","message":"token = 533fb1c1-8630-426b-a2c6-27d1108bc4e8","service":"fms-auth","version":"1.0.0","environment":"default"}
{"@timestamp":"2026-03-25T12:25:36.937497+05:30","level":"WARN","logger_name":"org.hibernate.orm.query","message":"HHH90003004: firstResult/maxResults specified with collection fetch; applying in memory","service":"fms-auth","version":"1.0.0","environment":"default"}
{"@timestamp":"2026-03-25T12:25:36.9504996+05:30","level":"ERROR","logger_name":"net.com.fms_auth.service.IMPL.UserServiceIMPL","message":"---------------------------------------------------","service":"fms-auth","version":"1.0.0","environment":"default"}
{"@timestamp":"2026-03-25T12:25:36.9504996+05:30","level":"ERROR","logger_name":"net.com.fms_auth.service.IMPL.UserServiceIMPL","message":"filter data :::[hibernateexample.User[ userId=2 ]]","service":"fms-auth","version":"1.0.0","environment":"default"}
{"@timestamp":"2026-03-25T12:25:37.0805007+05:30","level":"INFO","logger_name":"net.com.fms_auth.config.TokenAuthenticationFilter","message":"tokenBearer 533fb1c1-8630-426b-a2c6-27d1108bc4e8","service":"fms-auth","version":"1.0.0","environment":"default"}
{"@timestamp":"2026-03-25T12:25:37.0814998+05:30","level":"INFO","logger_name":"net.com.fms_auth.config.TokenAuthenticationFilter","message":"token = 533fb1c1-8630-426b-a2c6-27d1108bc4e8","service":"fms-auth","version":"1.0.0","environment":"default"}
{"@timestamp":"2026-03-25T12:25:39.359517+05:30","level":"INFO","logger_name":"net.com.fms_auth.config.TokenAuthenticationFilter","message":"tokenBearer 533fb1c1-8630-426b-a2c6-27d1108bc4e8","service":"fms-auth","version":"1.0.0","environment":"default"}
{"@timestamp":"2026-03-25T12:25:39.359517+05:30","level":"INFO","logger_name":"net.com.fms_auth.config.TokenAuthenticationFilter","message":"token = 533fb1c1-8630-426b-a2c6-27d1108bc4e8","service":"fms-auth","version":"1.0.0","environment":"default"}
{"@timestamp":"2026-03-25T12:28:47.3313079+05:30","level":"INFO","logger_name":"com.netflix.discovery.shared.resolver.aws.ConfigClusterResolver","message":"Resolving eureka endpoints via configuration","service":"fms-auth","version":"1.0.0","environment":"default"}
{"@timestamp":"2026-03-25T12:32:31.4473604+05:30","level":"INFO","logger_name":"net.com.fms_auth.config.TokenAuthenticationFilter","message":"tokenBearer 533fb1c1-8630-426b-a2c6-27d1108bc4e8","service":"fms-auth","version":"1.0.0","environment":"default"}
{"@timestamp":"2026-03-25T12:32:31.448361+05:30","level":"INFO","logger_name":"net.com.fms_auth.config.TokenAuthenticationFilter","message":"token = 533fb1c1-8630-426b-a2c6-27d1108bc4e8","service":"fms-auth","version":"1.0.0","environment":"default"}
{"@timestamp":"2026-03-25T12:32:31.4713611+05:30","level":"WARN","logger_name":"org.hibernate.orm.query","message":"HHH90003004: firstResult/maxResults specified with collection fetch; applying in memory","service":"fms-auth","version":"1.0.0","environment":"default"}
{"@timestamp":"2026-03-25T12:32:31.4803635+05:30","level":"ERROR","logger_name":"net.com.fms_auth.service.IMPL.UserServiceIMPL","message":"---------------------------------------------------","service":"fms-auth","version":"1.0.0","environment":"default"}
{"@timestamp":"2026-03-25T12:32:31.4803635+05:30","level":"ERROR","logger_name":"net.com.fms_auth.service.IMPL.UserServiceIMPL","message":"filter data :::[hibernateexample.User[ userId=2 ]]","service":"fms-auth","version":"1.0.0","environment":"default"}
{"@timestamp":"2026-03-25T12:32:31.5043649+05:30","level":"INFO","logger_name":"net.com.fms_auth.config.TokenAuthenticationFilter","message":"tokenBearer 533fb1c1-8630-426b-a2c6-27d1108bc4e8","service":"fms-auth","version":"1.0.0","environment":"default"}
{"@timestamp":"2026-03-25T12:32:31.5043649+05:30","level":"INFO","logger_name":"net.com.fms_auth.config.TokenAuthenticationFilter","message":"token = 533fb1c1-8630-426b-a2c6-27d1108bc4e8","service":"fms-auth","version":"1.0.0","environment":"default"}
{"@timestamp":"2026-03-25T12:32:51.7901848+05:30","level":"INFO","logger_name":"net.com.fms_auth.config.TokenAuthenticationFilter","message":"tokenBearer 533fb1c1-8630-426b-a2c6-27d1108bc4e8","service":"fms-auth","version":"1.0.0","environment":"default"}
{"@timestamp":"2026-03-25T12:32:51.7911871+05:30","level":"INFO","logger_name":"net.com.fms_auth.config.TokenAuthenticationFilter","message":"token = 533fb1c1-8630-426b-a2c6-27d1108bc4e8","service":"fms-auth","version":"1.0.0","environment":"default"}
{"@timestamp":"2026-03-25T12:33:35.3261968+05:30","level":"INFO","logger_name":"net.com.fms_auth.config.TokenAuthenticationFilter","message":"tokenBearer 533fb1c1-8630-426b-a2c6-27d1108bc4e8","service":"fms-auth","version":"1.0.0","environment":"default"}
{"@timestamp":"2026-03-25T12:33:35.3261968+05:30","level":"INFO","logger_name":"net.com.fms_auth.config.TokenAuthenticationFilter","message":"token = 533fb1c1-8630-426b-a2c6-27d1108bc4e8","service":"fms-auth","version":"1.0.0","environment":"default"}
{"@timestamp":"2026-03-25T12:33:35.3551969+05:30","level":"INFO","logger_name":"net.com.fms_auth.service.IMPL.RoleServiceIMPL","message":"::::Returned All Roles.","service":"fms-auth","version":"1.0.0","environment":"default"}
{"@timestamp":"2026-03-25T12:33:47.3457274+05:30","level":"INFO","logger_name":"com.netflix.discovery.shared.resolver.aws.ConfigClusterResolver","message":"Resolving eureka endpoints via configuration","service":"fms-auth","version":"1.0.0","environment":"default"}
{"@timestamp":"2026-03-25T12:34:59.9426875+05:30","level":"INFO","logger_name":"net.com.fms_auth.config.TokenAuthenticationFilter","message":"tokenBearer 533fb1c1-8630-426b-a2c6-27d1108bc4e8","service":"fms-auth","version":"1.0.0","environment":"default"}
{"@timestamp":"2026-03-25T12:34:59.9436867+05:30","level":"INFO","logger_name":"net.com.fms_auth.config.TokenAuthenticationFilter","message":"token = 533fb1c1-8630-426b-a2c6-27d1108bc4e8","service":"fms-auth","version":"1.0.0","environment":"default"}
{"@timestamp":"2026-03-25T12:34:59.9456866+05:30","level":"INFO","logger_name":"net.com.fms_auth.config.TokenAuthenticationFilter","message":"tokenBearer 533fb1c1-8630-426b-a2c6-27d1108bc4e8","service":"fms-auth","version":"1.0.0","environment":"default"}
{"@timestamp":"2026-03-25T12:34:59.946685+05:30","level":"INFO","logger_name":"net.com.fms_auth.config.TokenAuthenticationFilter","message":"token = 533fb1c1-8630-426b-a2c6-27d1108bc4e8","service":"fms-auth","version":"1.0.0","environment":"default"}
{"@timestamp":"2026-03-25T12:35:25.1579199+05:30","level":"INFO","logger_name":"net.com.fms_auth.config.TokenAuthenticationFilter","message":"tokenBearer 533fb1c1-8630-426b-a2c6-27d1108bc4e8","service":"fms-auth","version":"1.0.0","environment":"default"}
{"@timestamp":"2026-03-25T12:35:25.158921+05:30","level":"INFO","logger_name":"net.com.fms_auth.config.TokenAuthenticationFilter","message":"token = 533fb1c1-8630-426b-a2c6-27d1108bc4e8","service":"fms-auth","version":"1.0.0","environment":"default"}
{"@timestamp":"2026-03-25T12:35:25.1609213+05:30","level":"INFO","logger_name":"net.com.fms_auth.config.TokenAuthenticationFilter","message":"tokenBearer 533fb1c1-8630-426b-a2c6-27d1108bc4e8","service":"fms-auth","version":"1.0.0","environment":"default"}
{"@timestamp":"2026-03-25T12:35:25.1609213+05:30","level":"INFO","logger_name":"net.com.fms_auth.config.TokenAuthenticationFilter","message":"token = 533fb1c1-8630-426b-a2c6-27d1108bc4e8","service":"fms-auth","version":"1.0.0","environment":"default"}
{"@timestamp":"2026-03-25T12:37:28.3226119+05:30","level":"INFO","logger_name":"net.com.fms_auth.config.TokenAuthenticationFilter","message":"tokenBearer 533fb1c1-8630-426b-a2c6-27d1108bc4e8","service":"fms-auth","version":"1.0.0","environment":"default"}
{"@timestamp":"2026-03-25T12:37:28.3226119+05:30","level":"INFO","logger_name":"net.com.fms_auth.config.TokenAuthenticationFilter","message":"token = 533fb1c1-8630-426b-a2c6-27d1108bc4e8","service":"fms-auth","version":"1.0.0","environment":"default"}
{"@timestamp":"2026-03-25T12:37:52.4790094+05:30","level":"INFO","logger_name":"net.com.fms_auth.config.TokenAuthenticationFilter","message":"tokenBearer 533fb1c1-8630-426b-a2c6-27d1108bc4e8","service":"fms-auth","version":"1.0.0","environment":"default"}
{"@timestamp":"2026-03-25T12:37:52.4790094+05:30","level":"INFO","logger_name":"net.com.fms_auth.config.TokenAuthenticationFilter","message":"token = 533fb1c1-8630-426b-a2c6-27d1108bc4e8","service":"fms-auth","version":"1.0.0","environment":"default"}
{"@timestamp":"2026-03-25T12:38:47.3683684+05:30","level":"INFO","logger_name":"com.netflix.discovery.shared.resolver.aws.ConfigClusterResolver","message":"Resolving eureka endpoints via configuration","service":"fms-auth","version":"1.0.0","environment":"default"}
{"@timestamp":"2026-03-25T12:43:47.3842397+05:30","level":"INFO","logger_name":"com.netflix.discovery.shared.resolver.aws.ConfigClusterResolver","message":"Resolving eureka endpoints via configuration","service":"fms-auth","version":"1.0.0","environment":"default"}
{"@timestamp":"2026-03-25T12:48:47.3960217+05:30","level":"INFO","logger_name":"com.netflix.discovery.shared.resolver.aws.ConfigClusterResolver","message":"Resolving eureka endpoints via configuration","service":"fms-auth","version":"1.0.0","environment":"default"}
{"@timestamp":"2026-03-25T12:53:47.4066419+05:30","level":"INFO","logger_name":"com.netflix.discovery.shared.resolver.aws.ConfigClusterResolver","message":"Resolving eureka endpoints via configuration","service":"fms-auth","version":"1.0.0","environment":"default"}
{"@timestamp":"2026-03-25T12:58:47.4123591+05:30","level":"INFO","logger_name":"com.netflix.discovery.shared.resolver.aws.ConfigClusterResolver","message":"Resolving eureka endpoints via configuration","service":"fms-auth","version":"1.0.0","environment":"default"}
{"@timestamp":"2026-03-25T13:03:47.4232649+05:30","level":"INFO","logger_name":"com.netflix.discovery.shared.resolver.aws.ConfigClusterResolver","message":"Resolving eureka endpoints via configuration","service":"fms-auth","version":"1.0.0","environment":"default"}
{"@timestamp":"2026-03-25T13:08:47.4451266+05:30","level":"INFO","logger_name":"com.netflix.discovery.shared.resolver.aws.ConfigClusterResolver","message":"Resolving eureka endpoints via configuration","service":"fms-auth","version":"1.0.0","environment":"default"}
{"@timestamp":"2026-03-25T13:13:47.4565552+05:30","level":"INFO","logger_name":"com.netflix.discovery.shared.resolver.aws.ConfigClusterResolver","message":"Resolving eureka endpoints via configuration","service":"fms-auth","version":"1.0.0","environment":"default"}
{"@timestamp":"2026-03-25T13:18:47.468256+05:30","level":"INFO","logger_name":"com.netflix.discovery.shared.resolver.aws.ConfigClusterResolver","message":"Resolving eureka endpoints via configuration","service":"fms-auth","version":"1.0.0","environment":"default"}
{"@timestamp":"2026-03-25T13:23:47.5037716+05:30","level":"INFO","logger_name":"com.netflix.discovery.shared.resolver.aws.ConfigClusterResolver","message":"Resolving eureka endpoints via configuration","service":"fms-auth","version":"1.0.0","environment":"default"}
{"@timestamp":"2026-03-25T13:28:47.5134416+05:30","level":"INFO","logger_name":"com.netflix.discovery.shared.resolver.aws.ConfigClusterResolver","message":"Resolving eureka endpoints via configuration","service":"fms-auth","version":"1.0.0","environment":"default"}
{"@timestamp":"2026-03-25T13:33:47.5239417+05:30","level":"INFO","logger_name":"com.netflix.discovery.shared.resolver.aws.ConfigClusterResolver","message":"Resolving eureka endpoints via configuration","service":"fms-auth","version":"1.0.0","environment":"default"}
{"@timestamp":"2026-03-25T13:38:47.5505864+05:30","level":"INFO","logger_name":"com.netflix.discovery.shared.resolver.aws.ConfigClusterResolver","message":"Resolving eureka endpoints via configuration","service":"fms-auth","version":"1.0.0","environment":"default"}
{"@timestamp":"2026-03-25T13:43:47.5595451+05:30","level":"INFO","logger_name":"com.netflix.discovery.shared.resolver.aws.ConfigClusterResolver","message":"Resolving eureka endpoints via configuration","service":"fms-auth","version":"1.0.0","environment":"default"}
{"@timestamp":"2026-03-25T13:48:47.5722179+05:30","level":"INFO","logger_name":"com.netflix.discovery.shared.resolver.aws.ConfigClusterResolver","message":"Resolving eureka endpoints via configuration","service":"fms-auth","version":"1.0.0","environment":"default"}
{"@timestamp":"2026-03-25T13:53:47.578175+05:30","level":"INFO","logger_name":"com.netflix.discovery.shared.resolver.aws.ConfigClusterResolver","message":"Resolving eureka endpoints via configuration","service":"fms-auth","version":"1.0.0","environment":"default"}
{"@timestamp":"2026-03-25T13:58:47.5898653+05:30","level":"INFO","logger_name":"com.netflix.discovery.shared.resolver.aws.ConfigClusterResolver","message":"Resolving eureka endpoints via configuration","service":"fms-auth","version":"1.0.0","environment":"default"}
{"@timestamp":"2026-03-25T14:03:47.6020136+05:30","level":"INFO","logger_name":"com.netflix.discovery.shared.resolver.aws.ConfigClusterResolver","message":"Resolving eureka endpoints via configuration","service":"fms-auth","version":"1.0.0","environment":"default"}
{"@timestamp":"2026-03-25T14:08:47.6070146+05:30","level":"INFO","logger_name":"com.netflix.discovery.shared.resolver.aws.ConfigClusterResolver","message":"Resolving eureka endpoints via configuration","service":"fms-auth","version":"1.0.0","environment":"default"}
{"@timestamp":"2026-03-25T14:13:47.6206855+05:30","level":"INFO","logger_name":"com.netflix.discovery.shared.resolver.aws.ConfigClusterResolver","message":"Resolving eureka endpoints via configuration","service":"fms-auth","version":"1.0.0","environment":"default"}
{"@timestamp":"2026-03-25T14:18:47.6820382+05:30","level":"INFO","logger_name":"com.netflix.discovery.shared.resolver.aws.ConfigClusterResolver","message":"Resolving eureka endpoints via configuration","service":"fms-auth","version":"1.0.0","environment":"default"}
{"@timestamp":"2026-03-25T14:23:47.6979377+05:30","level":"INFO","logger_name":"com.netflix.discovery.shared.resolver.aws.ConfigClusterResolver","message":"Resolving eureka endpoints via configuration","service":"fms-auth","version":"1.0.0","environment":"default"}
{"@timestamp":"2026-03-25T14:28:47.7074336+05:30","level":"INFO","logger_name":"com.netflix.discovery.shared.resolver.aws.ConfigClusterResolver","message":"Resolving eureka endpoints via configuration","service":"fms-auth","version":"1.0.0","environment":"default"}
{"@timestamp":"2026-03-25T14:33:47.7376739+05:30","level":"INFO","logger_name":"com.netflix.discovery.shared.resolver.aws.ConfigClusterResolver","message":"Resolving eureka endpoints via configuration","service":"fms-auth","version":"1.0.0","environment":"default"}
{"@timestamp":"2026-03-25T14:38:47.7533998+05:30","level":"INFO","logger_name":"com.netflix.discovery.shared.resolver.aws.ConfigClusterResolver","message":"Resolving eureka endpoints via configuration","service":"fms-auth","version":"1.0.0","environment":"default"}
{"@timestamp":"2026-03-25T14:43:47.7739701+05:30","level":"INFO","logger_name":"com.netflix.discovery.shared.resolver.aws.ConfigClusterResolver","message":"Resolving eureka endpoints via configuration","service":"fms-auth","version":"1.0.0","environment":"default"}
{"@timestamp":"2026-03-25T14:48:47.7878692+05:30","level":"INFO","logger_name":"com.netflix.discovery.shared.resolver.aws.ConfigClusterResolver","message":"Resolving eureka endpoints via configuration","service":"fms-auth","version":"1.0.0","environment":"default"}
{"@timestamp":"2026-03-25T14:53:47.9367515+05:30","level":"INFO","logger_name":"com.netflix.discovery.shared.resolver.aws.ConfigClusterResolver","message":"Resolving eureka endpoints via configuration","service":"fms-auth","version":"1.0.0","environment":"default"}
{"@timestamp":"2026-03-25T14:56:47.4813721+05:30","level":"INFO","logger_name":"org.springframework.cloud.netflix.eureka.serviceregistry.EurekaServiceRegistry","message":"Unregistering application FMS_AUTH with eureka with status DOWN","service":"fms-auth","version":"1.0.0","environment":"default"}
{"@timestamp":"2026-03-25T14:56:47.4903741+05:30","level":"INFO","logger_name":"com.netflix.discovery.DiscoveryClient","message":"Saw local status change event StatusChangeEvent [timestamp=1774430807489, current=DOWN, previous=UP]","service":"fms-auth","version":"1.0.0","environment":"default"}
{"@timestamp":"2026-03-25T14:56:47.4953727+05:30","level":"INFO","logger_name":"com.netflix.discovery.DiscoveryClient","message":"DiscoveryClient_FMS_AUTH/KAVINDA5242.mshome.net:fms_auth:8085: registering service...","service":"fms-auth","version":"1.0.0","environment":"default"}
{"@timestamp":"2026-03-25T14:56:47.7363735+05:30","level":"INFO","logger_name":"com.netflix.discovery.DiscoveryClient","message":"DiscoveryClient_FMS_AUTH/KAVINDA5242.mshome.net:fms_auth:8085 - registration status: 204","service":"fms-auth","version":"1.0.0","environment":"default"}
{"@timestamp":"2026-03-25T14:56:47.7583742+05:30","level":"INFO","logger_name":"org.springframework.boot.web.embedded.tomcat.GracefulShutdown","message":"Commencing graceful shutdown. Waiting for active requests to complete","service":"fms-auth","version":"1.0.0","environment":"default"}
{"@timestamp":"2026-03-25T14:56:47.8513771+05:30","level":"INFO","logger_name":"org.springframework.boot.web.embedded.tomcat.GracefulShutdown","message":"Graceful shutdown complete","service":"fms-auth","version":"1.0.0","environment":"default"}
{"@timestamp":"2026-03-25T14:56:48.0203748+05:30","level":"INFO","logger_name":"org.springframework.orm.jpa.LocalContainerEntityManagerFactoryBean","message":"Closing JPA EntityManagerFactory for persistence unit 'default'","service":"fms-auth","version":"1.0.0","environment":"default"}
{"@timestamp":"2026-03-25T14:56:48.1273771+05:30","level":"INFO","logger_name":"com.zaxxer.hikari.HikariDataSource","message":"HikariPool-1 - Shutdown initiated...","service":"fms-auth","version":"1.0.0","environment":"default"}
{"@timestamp":"2026-03-25T14:56:48.1803785+05:30","level":"INFO","logger_name":"com.zaxxer.hikari.HikariDataSource","message":"HikariPool-1 - Shutdown completed.","service":"fms-auth","version":"1.0.0","environment":"default"}
{"@timestamp":"2026-03-25T14:56:48.1913759+05:30","level":"INFO","logger_name":"com.netflix.discovery.DiscoveryClient","message":"Shutting down DiscoveryClient ...","service":"fms-auth","version":"1.0.0","environment":"default"}
{"@timestamp":"2026-03-25T14:56:51.2753943+05:30","level":"INFO","logger_name":"com.netflix.discovery.DiscoveryClient","message":"Unregistering ...","service":"fms-auth","version":"1.0.0","environment":"default"}
{"@timestamp":"2026-03-25T14:56:51.2763935+05:30","level":"WARN","logger_name":"com.netflix.discovery.TimedSupervisorTask","message":"task supervisor shutting down, can't accept the task","service":"fms-auth","version":"1.0.0","environment":"default"}
{"@timestamp":"2026-03-25T14:56:51.4874193+05:30","level":"INFO","logger_name":"com.netflix.discovery.DiscoveryClient","message":"DiscoveryClient_FMS_AUTH/KAVINDA5242.mshome.net:fms_auth:8085 - deregister  status: 200","service":"fms-auth","version":"1.0.0","environment":"default"}
{"@timestamp":"2026-03-25T14:56:51.4893945+05:30","level":"INFO","logger_name":"com.netflix.discovery.DiscoveryClient","message":"Completed shut down of DiscoveryClient","service":"fms-auth","version":"1.0.0","environment":"default"}
