{"@timestamp":"2026-02-21T11:26:00.7909101+05:30","level":"INFO","logger_name":"net.com.fms_core.FmsCoreApplication","message":"Starting FmsCoreApplication using Java 21.0.2 with PID 15508 (C:\\Users\\kavinda_d\\Documents\\e soft\\final project\\project\\fms backend\\fms_core\\target\\classes started by kavinda_d in C:\\Users\\kavinda_d\\Documents\\e soft\\final project\\project\\fms backend)","service":"fms-core","version":"1.0.0","environment":"default"}
{"@timestamp":"2026-02-21T11:26:00.8309187+05:30","level":"DEBUG","logger_name":"net.com.fms_core.FmsCoreApplication","message":"Running with Spring Boot v3.4.4, Spring v6.2.5","service":"fms-core","version":"1.0.0","environment":"default"}
{"@timestamp":"2026-02-21T11:26:00.8329168+05:30","level":"INFO","logger_name":"net.com.fms_core.FmsCoreApplication","message":"The following 1 profile is active: \"dev\"","service":"fms-core","version":"1.0.0","environment":"default"}
{"@timestamp":"2026-02-21T11:26:00.9709135+05:30","level":"INFO","logger_name":"org.springframework.cloud.config.client.ConfigServerConfigDataLoader","message":"Fetching config from server at : http://localhost:8888","service":"fms-core","version":"1.0.0","environment":"default"}
{"@timestamp":"2026-02-21T11:26:00.9719129+05:30","level":"INFO","logger_name":"org.springframework.cloud.config.client.ConfigServerConfigDataLoader","message":"Located environment: name=fms_core, profiles=[dev], label=null, version=null, state=null","service":"fms-core","version":"1.0.0","environment":"default"}
{"@timestamp":"2026-02-21T11:26:00.9769166+05:30","level":"INFO","logger_name":"org.springframework.boot.devtools.env.DevToolsPropertyDefaultsPostProcessor","message":"Devtools property defaults active! Set 'spring.devtools.add-properties' to 'false' to disable","service":"fms-core","version":"1.0.0","environment":"default"}
{"@timestamp":"2026-02-21T11:26:00.9779245+05:30","level":"INFO","logger_name":"org.springframework.boot.devtools.env.DevToolsPropertyDefaultsPostProcessor","message":"For additional web related logging consider setting the 'logging.level.web' property to 'DEBUG'","service":"fms-core","version":"1.0.0","environment":"default"}
{"@timestamp":"2026-02-21T11:26:04.7949422+05:30","level":"INFO","logger_name":"org.springframework.data.repository.config.RepositoryConfigurationDelegate","message":"Bootstrapping Spring Data JPA repositories in DEFAULT mode.","service":"fms-core","version":"1.0.0","environment":"default"}
{"@timestamp":"2026-02-21T11:26:05.6819203+05:30","level":"INFO","logger_name":"org.springframework.data.repository.config.RepositoryConfigurationDelegate","message":"Finished Spring Data repository scanning in 870 ms. Found 19 JPA repository interfaces.","service":"fms-core","version":"1.0.0","environment":"default"}
{"@timestamp":"2026-02-21T11:26:06.390597+05:30","level":"INFO","logger_name":"org.springframework.cloud.context.scope.GenericScope","message":"BeanFactory id=10a06e1a-2004-3de4-b0bc-71e62f26c2cc","service":"fms-core","version":"1.0.0","environment":"default"}
{"@timestamp":"2026-02-21T11:26:11.2535982+05:30","level":"INFO","logger_name":"org.springframework.boot.web.embedded.tomcat.TomcatWebServer","message":"Tomcat initialized with port 8084 (http)","service":"fms-core","version":"1.0.0","environment":"default"}
{"@timestamp":"2026-02-21T11:26:11.3005963+05:30","level":"INFO","logger_name":"org.apache.catalina.core.StandardService","message":"Starting service [Tomcat]","service":"fms-core","version":"1.0.0","environment":"default"}
{"@timestamp":"2026-02-21T11:26:11.3005963+05:30","level":"INFO","logger_name":"org.apache.catalina.core.StandardEngine","message":"Starting Servlet engine: [Apache Tomcat/10.1.39]","service":"fms-core","version":"1.0.0","environment":"default"}
{"@timestamp":"2026-02-21T11:26:11.5775954+05:30","level":"INFO","logger_name":"org.apache.catalina.core.ContainerBase.[Tomcat].[localhost].[/fms-core-service]","message":"Initializing Spring embedded WebApplicationContext","service":"fms-core","version":"1.0.0","environment":"default"}
{"@timestamp":"2026-02-21T11:26:11.5785967+05:30","level":"INFO","logger_name":"org.springframework.boot.web.servlet.context.ServletWebServerApplicationContext","message":"Root WebApplicationContext: initialization completed in 10599 ms","service":"fms-core","version":"1.0.0","environment":"default"}
{"@timestamp":"2026-02-21T11:26:13.049598+05:30","level":"INFO","logger_name":"com.zaxxer.hikari.HikariDataSource","message":"HikariPool-1 - Starting...","service":"fms-core","version":"1.0.0","environment":"default"}
{"@timestamp":"2026-02-21T11:26:13.7216004+05:30","level":"INFO","logger_name":"com.zaxxer.hikari.pool.HikariPool","message":"HikariPool-1 - Added connection com.mysql.cj.jdbc.ConnectionImpl@8d35e03","service":"fms-core","version":"1.0.0","environment":"default"}
{"@timestamp":"2026-02-21T11:26:13.7256058+05:30","level":"INFO","logger_name":"com.zaxxer.hikari.HikariDataSource","message":"HikariPool-1 - Start completed.","service":"fms-core","version":"1.0.0","environment":"default"}
{"@timestamp":"2026-02-21T11:26:13.8376101+05:30","level":"INFO","logger_name":"org.hibernate.jpa.internal.util.LogHelper","message":"HHH000204: Processing PersistenceUnitInfo [name: default]","service":"fms-core","version":"1.0.0","environment":"default"}
{"@timestamp":"2026-02-21T11:26:14.0605967+05:30","level":"INFO","logger_name":"org.hibernate.Version","message":"HHH000412: Hibernate ORM core version 6.6.11.Final","service":"fms-core","version":"1.0.0","environment":"default"}
{"@timestamp":"2026-02-21T11:26:14.2445965+05:30","level":"INFO","logger_name":"org.hibernate.cache.internal.RegionFactoryInitiator","message":"HHH000026: Second-level cache disabled","service":"fms-core","version":"1.0.0","environment":"default"}
{"@timestamp":"2026-02-21T11:26:15.2145989+05:30","level":"INFO","logger_name":"org.springframework.orm.jpa.persistenceunit.SpringPersistenceUnitInfo","message":"No LoadTimeWeaver setup: ignoring JPA class transformer","service":"fms-core","version":"1.0.0","environment":"default"}
{"@timestamp":"2026-02-21T11:26:15.6035981+05:30","level":"INFO","logger_name":"org.hibernate.orm.connections.pooling","message":"HHH10001005: Database info:\n\tDatabase JDBC URL [Connecting through datasource 'HikariDataSource (HikariPool-1)']\n\tDatabase driver: undefined/unknown\n\tDatabase version: 8.1\n\tAutocommit mode: undefined/unknown\n\tIsolation level: undefined/unknown\n\tMinimum pool size: undefined/unknown\n\tMaximum pool size: undefined/unknown","service":"fms-core","version":"1.0.0","environment":"default"}
{"@timestamp":"2026-02-21T11:26:19.8385967+05:30","level":"INFO","logger_name":"org.hibernate.engine.transaction.jta.platform.internal.JtaPlatformInitiator","message":"HHH000489: No JTA platform available (set 'hibernate.transaction.jta.platform' to enable JTA platform integration)","service":"fms-core","version":"1.0.0","environment":"default"}
{"@timestamp":"2026-02-21T11:26:20.9326006+05:30","level":"INFO","logger_name":"org.springframework.orm.jpa.LocalContainerEntityManagerFactoryBean","message":"Initialized JPA EntityManagerFactory for persistence unit 'default'","service":"fms-core","version":"1.0.0","environment":"default"}
{"@timestamp":"2026-02-21T11:26:21.8315968+05:30","level":"INFO","logger_name":"org.springframework.data.jpa.repository.query.QueryEnhancerFactory","message":"Hibernate is in classpath; If applicable, HQL parser will be used.","service":"fms-core","version":"1.0.0","environment":"default"}
{"@timestamp":"2026-02-21T11:26:32.4625991+05:30","level":"WARN","logger_name":"org.springframework.boot.autoconfigure.orm.jpa.JpaBaseConfiguration$JpaWebConfiguration","message":"spring.jpa.open-in-view is enabled by default. Therefore, database queries may be performed during view rendering. Explicitly configure spring.jpa.open-in-view to disable this warning","service":"fms-core","version":"1.0.0","environment":"default"}
{"@timestamp":"2026-02-21T11:26:32.563597+05:30","level":"INFO","logger_name":"org.springframework.validation.beanvalidation.OptionalValidatorFactoryBean","message":"Failed to set up a Bean Validation provider: jakarta.validation.NoProviderFoundException: Unable to create a Configuration, because no Jakarta Bean Validation provider could be found. Add a provider like Hibernate Validator (RI) to your classpath.","service":"fms-core","version":"1.0.0","environment":"default"}
{"@timestamp":"2026-02-21T11:26:37.8846009+05:30","level":"WARN","logger_name":"org.springframework.boot.devtools.autoconfigure.OptionalLiveReloadServer","message":"Unable to start LiveReload server","service":"fms-core","version":"1.0.0","environment":"default"}
{"@timestamp":"2026-02-21T11:26:38.049595+05:30","level":"INFO","logger_name":"org.springframework.cloud.netflix.eureka.config.DiscoveryClientOptionalArgsConfiguration","message":"Eureka HTTP Client uses RestTemplate.","service":"fms-core","version":"1.0.0","environment":"default"}
{"@timestamp":"2026-02-21T11:26:38.3915979+05:30","level":"WARN","logger_name":"org.springframework.cloud.loadbalancer.config.LoadBalancerCacheAutoConfiguration$LoadBalancerCaffeineWarnLogger","message":"Spring Cloud LoadBalancer is currently working with the default cache. While this cache implementation is useful for development and tests, it's recommended to use Caffeine cache in production.You can switch to using Caffeine cache, by adding it and org.springframework.cache.caffeine.CaffeineCacheManager to the classpath.","service":"fms-core","version":"1.0.0","environment":"default"}
{"@timestamp":"2026-02-21T11:26:38.4305982+05:30","level":"INFO","logger_name":"org.springframework.boot.actuate.endpoint.web.EndpointLinksResolver","message":"Exposing 6 endpoints beneath base path '/actuator'","service":"fms-core","version":"1.0.0","environment":"default"}
{"@timestamp":"2026-02-21T11:26:38.7245967+05:30","level":"INFO","logger_name":"org.springframework.messaging.simp.broker.SimpleBrokerMessageHandler","message":"Starting...","service":"fms-core","version":"1.0.0","environment":"default"}
{"@timestamp":"2026-02-21T11:26:38.7255976+05:30","level":"INFO","logger_name":"org.springframework.messaging.simp.broker.SimpleBrokerMessageHandler","message":"BrokerAvailabilityEvent[available=true, SimpleBrokerMessageHandler [org.springframework.messaging.simp.broker.DefaultSubscriptionRegistry@7ab42625]]","service":"fms-core","version":"1.0.0","environment":"default"}
{"@timestamp":"2026-02-21T11:26:38.7285996+05:30","level":"INFO","logger_name":"org.springframework.messaging.simp.broker.SimpleBrokerMessageHandler","message":"Started.","service":"fms-core","version":"1.0.0","environment":"default"}
{"@timestamp":"2026-02-21T11:26:38.7605979+05:30","level":"INFO","logger_name":"org.springframework.cloud.netflix.eureka.InstanceInfoFactory","message":"Setting initial instance status as: STARTING","service":"fms-core","version":"1.0.0","environment":"default"}
{"@timestamp":"2026-02-21T11:26:38.8275983+05:30","level":"INFO","logger_name":"com.netflix.discovery.DiscoveryClient","message":"Initializing Eureka in region us-east-1","service":"fms-core","version":"1.0.0","environment":"default"}
{"@timestamp":"2026-02-21T11:26:38.8375981+05:30","level":"INFO","logger_name":"com.netflix.discovery.shared.resolver.aws.ConfigClusterResolver","message":"Resolving eureka endpoints via configuration","service":"fms-core","version":"1.0.0","environment":"default"}
{"@timestamp":"2026-02-21T11:26:38.8646002+05:30","level":"INFO","logger_name":"com.netflix.discovery.DiscoveryClient","message":"Disable delta property : false","service":"fms-core","version":"1.0.0","environment":"default"}
{"@timestamp":"2026-02-21T11:26:38.8656109+05:30","level":"INFO","logger_name":"com.netflix.discovery.DiscoveryClient","message":"Single vip registry refresh property : null","service":"fms-core","version":"1.0.0","environment":"default"}
{"@timestamp":"2026-02-21T11:26:38.8656109+05:30","level":"INFO","logger_name":"com.netflix.discovery.DiscoveryClient","message":"Force full registry fetch : false","service":"fms-core","version":"1.0.0","environment":"default"}
{"@timestamp":"2026-02-21T11:26:38.8665979+05:30","level":"INFO","logger_name":"com.netflix.discovery.DiscoveryClient","message":"Application is null : false","service":"fms-core","version":"1.0.0","environment":"default"}
{"@timestamp":"2026-02-21T11:26:38.8665979+05:30","level":"INFO","logger_name":"com.netflix.discovery.DiscoveryClient","message":"Registered Applications size is zero : true","service":"fms-core","version":"1.0.0","environment":"default"}
{"@timestamp":"2026-02-21T11:26:38.8665979+05:30","level":"INFO","logger_name":"com.netflix.discovery.DiscoveryClient","message":"Application version is -1: true","service":"fms-core","version":"1.0.0","environment":"default"}
{"@timestamp":"2026-02-21T11:26:38.8665979+05:30","level":"INFO","logger_name":"com.netflix.discovery.DiscoveryClient","message":"Getting all instance registry info from the eureka server","service":"fms-core","version":"1.0.0","environment":"default"}
{"@timestamp":"2026-02-21T11:26:39.9305969+05:30","level":"INFO","logger_name":"com.netflix.discovery.DiscoveryClient","message":"The response status is 200","service":"fms-core","version":"1.0.0","environment":"default"}
{"@timestamp":"2026-02-21T11:26:39.9345966+05:30","level":"INFO","logger_name":"com.netflix.discovery.DiscoveryClient","message":"Starting heartbeat executor: renew interval is: 30","service":"fms-core","version":"1.0.0","environment":"default"}
{"@timestamp":"2026-02-21T11:26:39.9386025+05:30","level":"INFO","logger_name":"com.netflix.discovery.InstanceInfoReplicator","message":"InstanceInfoReplicator onDemand update allowed rate per min is 4","service":"fms-core","version":"1.0.0","environment":"default"}
{"@timestamp":"2026-02-21T11:26:39.9426001+05:30","level":"INFO","logger_name":"com.netflix.discovery.DiscoveryClient","message":"Discovery Client initialized at timestamp 1771653399941 with initial instances count: 0","service":"fms-core","version":"1.0.0","environment":"default"}
{"@timestamp":"2026-02-21T11:26:39.9665975+05:30","level":"INFO","logger_name":"org.springframework.cloud.netflix.eureka.serviceregistry.EurekaServiceRegistry","message":"Registering application FMS_CORE with eureka with status UP","service":"fms-core","version":"1.0.0","environment":"default"}
{"@timestamp":"2026-02-21T11:26:39.9675979+05:30","level":"INFO","logger_name":"com.netflix.discovery.DiscoveryClient","message":"Saw local status change event StatusChangeEvent [timestamp=1771653399967, current=UP, previous=STARTING]","service":"fms-core","version":"1.0.0","environment":"default"}
{"@timestamp":"2026-02-21T11:26:39.9715985+05:30","level":"INFO","logger_name":"com.netflix.discovery.DiscoveryClient","message":"DiscoveryClient_FMS_CORE/KAVINDA5242.mshome.net:fms_core:8084: registering service...","service":"fms-core","version":"1.0.0","environment":"default"}
{"@timestamp":"2026-02-21T11:26:40.0405957+05:30","level":"INFO","logger_name":"org.springframework.boot.web.embedded.tomcat.TomcatWebServer","message":"Tomcat started on port 8084 (http) with context path '/fms-core-service'","service":"fms-core","version":"1.0.0","environment":"default"}
{"@timestamp":"2026-02-21T11:26:40.0425966+05:30","level":"INFO","logger_name":"org.springframework.cloud.netflix.eureka.serviceregistry.EurekaAutoServiceRegistration","message":"Updating port to 8084","service":"fms-core","version":"1.0.0","environment":"default"}
{"@timestamp":"2026-02-21T11:26:40.1595983+05:30","level":"INFO","logger_name":"net.com.fms_core.FmsCoreApplication","message":"Started FmsCoreApplication in 42.253 seconds (process running for 45.195)","service":"fms-core","version":"1.0.0","environment":"default"}
{"@timestamp":"2026-02-21T11:26:40.2915982+05:30","level":"INFO","logger_name":"com.netflix.discovery.DiscoveryClient","message":"DiscoveryClient_FMS_CORE/KAVINDA5242.mshome.net:fms_core:8084 - registration status: 204","service":"fms-core","version":"1.0.0","environment":"default"}
{"@timestamp":"2026-02-21T11:26:45.3655974+05:30","level":"INFO","logger_name":"org.drools.compiler.kie.builder.impl.KieContainerImpl","message":"Start creation of KieBase: defaultKieBase","service":"fms-core","version":"1.0.0","environment":"default"}
{"@timestamp":"2026-02-21T11:26:45.5646015+05:30","level":"INFO","logger_name":"org.drools.compiler.kie.builder.impl.KieContainerImpl","message":"End creation of KieBase: defaultKieBase","service":"fms-core","version":"1.0.0","environment":"default"}
{"@timestamp":"2026-02-21T11:26:45.5706013+05:30","level":"INFO","logger_name":"net.com.fms_core.config.SocketListener","message":"✅ FMS Receiver is listening on port 5000","service":"fms-core","version":"1.0.0","environment":"default"}
{"@timestamp":"2026-02-21T11:27:09.9482493+05:30","level":"INFO","logger_name":"com.netflix.discovery.DiscoveryClient","message":"Disable delta property : false","service":"fms-core","version":"1.0.0","environment":"default"}
{"@timestamp":"2026-02-21T11:27:09.9482493+05:30","level":"INFO","logger_name":"com.netflix.discovery.DiscoveryClient","message":"Single vip registry refresh property : null","service":"fms-core","version":"1.0.0","environment":"default"}
{"@timestamp":"2026-02-21T11:27:09.9492478+05:30","level":"INFO","logger_name":"com.netflix.discovery.DiscoveryClient","message":"Force full registry fetch : false","service":"fms-core","version":"1.0.0","environment":"default"}
{"@timestamp":"2026-02-21T11:27:09.9492478+05:30","level":"INFO","logger_name":"com.netflix.discovery.DiscoveryClient","message":"Application is null : false","service":"fms-core","version":"1.0.0","environment":"default"}
{"@timestamp":"2026-02-21T11:27:09.9492478+05:30","level":"INFO","logger_name":"com.netflix.discovery.DiscoveryClient","message":"Registered Applications size is zero : true","service":"fms-core","version":"1.0.0","environment":"default"}
{"@timestamp":"2026-02-21T11:27:09.9502491+05:30","level":"INFO","logger_name":"com.netflix.discovery.DiscoveryClient","message":"Application version is -1: false","service":"fms-core","version":"1.0.0","environment":"default"}
{"@timestamp":"2026-02-21T11:27:09.9502491+05:30","level":"INFO","logger_name":"com.netflix.discovery.DiscoveryClient","message":"Getting all instance registry info from the eureka server","service":"fms-core","version":"1.0.0","environment":"default"}
{"@timestamp":"2026-02-21T11:27:09.9802479+05:30","level":"INFO","logger_name":"com.netflix.discovery.DiscoveryClient","message":"The response status is 200","service":"fms-core","version":"1.0.0","environment":"default"}
{"@timestamp":"2026-02-21T11:27:33.0175802+05:30","level":"INFO","logger_name":"org.apache.tomcat.util.http.parser.Cookie","message":"A cookie header was received [g_state={\"i_t\":1757581920389,\"i_l\":0};] that contained an invalid cookie. That cookie will be ignored.\n Note: further occurrences of this error will be logged at DEBUG level.","service":"fms-core","version":"1.0.0","environment":"default"}
{"@timestamp":"2026-02-21T11:27:33.0415825+05:30","level":"INFO","logger_name":"org.apache.catalina.core.ContainerBase.[Tomcat].[localhost].[/fms-core-service]","message":"Initializing Spring DispatcherServlet 'dispatcherServlet'","service":"fms-core","version":"1.0.0","environment":"default"}
{"@timestamp":"2026-02-21T11:27:33.0415825+05:30","level":"INFO","logger_name":"org.springframework.web.servlet.DispatcherServlet","message":"Initializing Servlet 'dispatcherServlet'","service":"fms-core","version":"1.0.0","environment":"default"}
{"@timestamp":"2026-02-21T11:27:33.1165785+05:30","level":"INFO","logger_name":"org.springframework.web.servlet.DispatcherServlet","message":"Completed initialization in 73 ms","service":"fms-core","version":"1.0.0","environment":"default"}
{"@timestamp":"2026-02-21T11:27:38.6335811+05:30","level":"INFO","logger_name":"org.springframework.web.socket.config.WebSocketMessageBrokerStats","message":"WebSocketSession[0 current WS(0)-HttpStream(0)-HttpPoll(0), 0 total, 0 closed abnormally (0 connect failure, 0 send limit, 0 transport error)], stompSubProtocol[processed CONNECT(0)-CONNECTED(0)-DISCONNECT(0)], stompBrokerRelay[null], inboundChannel[pool size = 0, active threads = 0, queued tasks = 0, completed tasks = 0], outboundChannel[pool size = 0, active threads = 0, queued tasks = 0, completed tasks = 0], sockJsScheduler[pool size = 1, active threads = 1, queued tasks = 0, completed tasks = 0]","service":"fms-core","version":"1.0.0","environment":"default"}
{"@timestamp":"2026-02-21T11:28:44.7498881+05:30","level":"ERROR","logger_name":"net.com.fms_core.service.impl.PaymentNetworkServiceIMPL","message":"0","service":"fms-core","version":"1.0.0","environment":"default"}
{"@timestamp":"2026-02-21T11:28:44.7508688+05:30","level":"ERROR","logger_name":"net.com.fms_core.service.impl.PaymentNetworkServiceIMPL","message":"5","service":"fms-core","version":"1.0.0","environment":"default"}
{"@timestamp":"2026-02-21T11:28:44.7778579+05:30","level":"INFO","logger_name":"net.com.fms_core.service.impl.PaymentNetworkServiceIMPL","message":"::::Returned All Payment Networks.","service":"fms-core","version":"1.0.0","environment":"default"}
{"@timestamp":"2026-02-21T11:28:44.7858594+05:30","level":"WARN","logger_name":"org.springframework.data.web.config.SpringDataJacksonConfiguration$PageModule$WarningLoggingModifier","message":"Serializing PageImpl instances as-is is not supported, meaning that there is no guarantee about the stability of the resulting JSON structure!\n\tFor a stable JSON structure, please use Spring Data's PagedModel (globally via @EnableSpringDataWebSupport(pageSerializationMode = VIA_DTO))\n\tor Spring HATEOAS and Spring Data's PagedResourcesAssembler as documented in https://docs.spring.io/spring-data/commons/reference/repositories/core-extensions.html#core.web.pageables.\n","service":"fms-core","version":"1.0.0","environment":"default"}
{"@timestamp":"2026-02-21T11:29:39.7669045+05:30","level":"ERROR","logger_name":"net.com.fms_core.service.impl.PaymentNetworkServiceIMPL","message":"0","service":"fms-core","version":"1.0.0","environment":"default"}
{"@timestamp":"2026-02-21T11:29:39.7669045+05:30","level":"ERROR","logger_name":"net.com.fms_core.service.impl.PaymentNetworkServiceIMPL","message":"5","service":"fms-core","version":"1.0.0","environment":"default"}
{"@timestamp":"2026-02-21T11:29:39.7719057+05:30","level":"INFO","logger_name":"net.com.fms_core.service.impl.PaymentNetworkServiceIMPL","message":"::::Returned All Payment Networks.","service":"fms-core","version":"1.0.0","environment":"default"}
{"@timestamp":"2026-02-21T11:31:38.8845706+05:30","level":"INFO","logger_name":"com.netflix.discovery.shared.resolver.aws.ConfigClusterResolver","message":"Resolving eureka endpoints via configuration","service":"fms-core","version":"1.0.0","environment":"default"}
{"@timestamp":"2026-02-21T11:32:41.0769914+05:30","level":"INFO","logger_name":"org.springframework.scheduling.annotation.AnnotationAsyncExecutionInterceptor","message":"More than one TaskExecutor bean found within the context, and none is named 'taskExecutor'. Mark one of them as primary or name it 'taskExecutor' (possibly as an alias) in order to use it for async processing: [applicationTaskExecutor, clientInboundChannelExecutor, clientOutboundChannelExecutor, brokerChannelExecutor, messageBrokerTaskScheduler]","service":"fms-core","version":"1.0.0","environment":"default"}
{"@timestamp":"2026-02-21T11:32:41.1099954+05:30","level":"INFO","logger_name":"net.com.fms_core.monitoring.LoggingUtil","message":"Audit event: CREATE_RULE on FMS_RULE with ID: null","entityType":"FMS_RULE","auditAction":"CREATE_RULE","service":"fms-core","version":"1.0.0","environment":"default"}
{"@timestamp":"2026-02-21T11:32:52.0064124+05:30","level":"INFO","logger_name":"net.com.fms_core.monitoring.LoggingUtil","message":"Audit event: UPDATE_RULE on FMS_RULE with ID: null","entityType":"FMS_RULE","auditAction":"UPDATE_RULE","service":"fms-core","version":"1.0.0","environment":"default"}
{"@timestamp":"2026-02-21T11:33:44.8688528+05:30","level":"INFO","logger_name":"org.drools.compiler.kie.builder.impl.KieContainerImpl","message":"Start creation of KieBase: defaultKieBase","service":"fms-core","version":"1.0.0","environment":"default"}
{"@timestamp":"2026-02-21T11:33:44.8888539+05:30","level":"INFO","logger_name":"org.drools.compiler.kie.builder.impl.KieContainerImpl","message":"End creation of KieBase: defaultKieBase","service":"fms-core","version":"1.0.0","environment":"default"}
{"@timestamp":"2026-02-21T11:34:04.3401169+05:30","level":"INFO","logger_name":"net.com.fms_core.service.impl.ImpossibleDistanceServiceImpl","message":"Using Java + Python model for distance analysis","service":"fms-core","version":"1.0.0","environment":"default"}
{"@timestamp":"2026-02-21T11:34:04.359106+05:30","level":"INFO","logger_name":"net.com.fms_core.controller.RiskController","message":"Distance: 0.0km, Time: 0min, Required Speed: 0.0km/h","service":"fms-core","version":"1.0.0","environment":"default"}
{"@timestamp":"2026-02-21T11:34:04.7881084+05:30","level":"INFO","logger_name":"net.com.fms_core.client.NotificationClient","message":"Medium risk notification sent for transaction: 123.0","service":"fms-core","version":"1.0.0","environment":"default"}
{"@timestamp":"2026-02-21T11:34:04.7881084+05:30","level":"INFO","logger_name":"net.com.fms_core.service.impl.DynamicDroolsServiceImpl","message":"MEDIUM RISK transaction detected: ID=123.0, Score=MID","service":"fms-core","version":"1.0.0","environment":"default"}
{"@timestamp":"2026-02-21T11:35:42.1488014+05:30","level":"ERROR","logger_name":"net.com.fms_core.service.impl.PaymentNetworkServiceIMPL","message":"0","service":"fms-core","version":"1.0.0","environment":"default"}
{"@timestamp":"2026-02-21T11:35:42.1498013+05:30","level":"ERROR","logger_name":"net.com.fms_core.service.impl.PaymentNetworkServiceIMPL","message":"5","service":"fms-core","version":"1.0.0","environment":"default"}
{"@timestamp":"2026-02-21T11:35:42.1548001+05:30","level":"INFO","logger_name":"net.com.fms_core.service.impl.PaymentNetworkServiceIMPL","message":"::::Returned All Payment Networks.","service":"fms-core","version":"1.0.0","environment":"default"}
{"@timestamp":"2026-02-21T11:36:26.3823906+05:30","level":"ERROR","logger_name":"net.com.fms_core.service.impl.PaymentNetworkServiceIMPL","message":"0","service":"fms-core","version":"1.0.0","environment":"default"}
{"@timestamp":"2026-02-21T11:36:26.3823906+05:30","level":"ERROR","logger_name":"net.com.fms_core.service.impl.PaymentNetworkServiceIMPL","message":"5","service":"fms-core","version":"1.0.0","environment":"default"}
{"@timestamp":"2026-02-21T11:36:26.3854028+05:30","level":"INFO","logger_name":"net.com.fms_core.service.impl.PaymentNetworkServiceIMPL","message":"::::Returned All Payment Networks.","service":"fms-core","version":"1.0.0","environment":"default"}
{"@timestamp":"2026-02-21T11:36:38.8909284+05:30","level":"INFO","logger_name":"com.netflix.discovery.shared.resolver.aws.ConfigClusterResolver","message":"Resolving eureka endpoints via configuration","service":"fms-core","version":"1.0.0","environment":"default"}
{"@timestamp":"2026-02-21T11:41:45.1348203+05:30","level":"INFO","logger_name":"com.netflix.discovery.shared.resolver.aws.ConfigClusterResolver","message":"Resolving eureka endpoints via configuration","service":"fms-core","version":"1.0.0","environment":"default"}
{"@timestamp":"2026-02-21T11:46:45.1464776+05:30","level":"INFO","logger_name":"com.netflix.discovery.shared.resolver.aws.ConfigClusterResolver","message":"Resolving eureka endpoints via configuration","service":"fms-core","version":"1.0.0","environment":"default"}
{"@timestamp":"2026-02-21T11:51:45.1505438+05:30","level":"INFO","logger_name":"com.netflix.discovery.shared.resolver.aws.ConfigClusterResolver","message":"Resolving eureka endpoints via configuration","service":"fms-core","version":"1.0.0","environment":"default"}
{"@timestamp":"2026-02-21T11:56:45.1567237+05:30","level":"INFO","logger_name":"com.netflix.discovery.shared.resolver.aws.ConfigClusterResolver","message":"Resolving eureka endpoints via configuration","service":"fms-core","version":"1.0.0","environment":"default"}
{"@timestamp":"2026-02-21T11:57:44.8715879+05:30","level":"INFO","logger_name":"org.springframework.web.socket.config.WebSocketMessageBrokerStats","message":"WebSocketSession[0 current WS(0)-HttpStream(0)-HttpPoll(0), 0 total, 0 closed abnormally (0 connect failure, 0 send limit, 0 transport error)], stompSubProtocol[processed CONNECT(0)-CONNECTED(0)-DISCONNECT(0)], stompBrokerRelay[null], inboundChannel[pool size = 1, active threads = 0, queued tasks = 0, completed tasks = 1], outboundChannel[pool size = 1, active threads = 0, queued tasks = 0, completed tasks = 1], sockJsScheduler[pool size = 2, active threads = 1, queued tasks = 0, completed tasks = 1]","service":"fms-core","version":"1.0.0","environment":"default"}
{"@timestamp":"2026-02-21T12:01:45.1630378+05:30","level":"INFO","logger_name":"com.netflix.discovery.shared.resolver.aws.ConfigClusterResolver","message":"Resolving eureka endpoints via configuration","service":"fms-core","version":"1.0.0","environment":"default"}
{"@timestamp":"2026-02-21T12:06:45.179082+05:30","level":"INFO","logger_name":"com.netflix.discovery.shared.resolver.aws.ConfigClusterResolver","message":"Resolving eureka endpoints via configuration","service":"fms-core","version":"1.0.0","environment":"default"}
{"@timestamp":"2026-02-21T12:11:45.1869172+05:30","level":"INFO","logger_name":"com.netflix.discovery.shared.resolver.aws.ConfigClusterResolver","message":"Resolving eureka endpoints via configuration","service":"fms-core","version":"1.0.0","environment":"default"}
{"@timestamp":"2026-02-21T12:16:45.1926985+05:30","level":"INFO","logger_name":"com.netflix.discovery.shared.resolver.aws.ConfigClusterResolver","message":"Resolving eureka endpoints via configuration","service":"fms-core","version":"1.0.0","environment":"default"}
{"@timestamp":"2026-02-21T12:21:45.20476+05:30","level":"INFO","logger_name":"com.netflix.discovery.shared.resolver.aws.ConfigClusterResolver","message":"Resolving eureka endpoints via configuration","service":"fms-core","version":"1.0.0","environment":"default"}
{"@timestamp":"2026-02-21T12:26:45.2203518+05:30","level":"INFO","logger_name":"com.netflix.discovery.shared.resolver.aws.ConfigClusterResolver","message":"Resolving eureka endpoints via configuration","service":"fms-core","version":"1.0.0","environment":"default"}
{"@timestamp":"2026-02-21T12:27:44.882885+05:30","level":"INFO","logger_name":"org.springframework.web.socket.config.WebSocketMessageBrokerStats","message":"WebSocketSession[0 current WS(0)-HttpStream(0)-HttpPoll(0), 0 total, 0 closed abnormally (0 connect failure, 0 send limit, 0 transport error)], stompSubProtocol[processed CONNECT(0)-CONNECTED(0)-DISCONNECT(0)], stompBrokerRelay[null], inboundChannel[pool size = 1, active threads = 0, queued tasks = 0, completed tasks = 1], outboundChannel[pool size = 1, active threads = 0, queued tasks = 0, completed tasks = 1], sockJsScheduler[pool size = 3, active threads = 1, queued tasks = 0, completed tasks = 2]","service":"fms-core","version":"1.0.0","environment":"default"}
{"@timestamp":"2026-02-21T12:31:45.2327697+05:30","level":"INFO","logger_name":"com.netflix.discovery.shared.resolver.aws.ConfigClusterResolver","message":"Resolving eureka endpoints via configuration","service":"fms-core","version":"1.0.0","environment":"default"}
{"@timestamp":"2026-02-21T12:36:45.2455219+05:30","level":"INFO","logger_name":"com.netflix.discovery.shared.resolver.aws.ConfigClusterResolver","message":"Resolving eureka endpoints via configuration","service":"fms-core","version":"1.0.0","environment":"default"}
{"@timestamp":"2026-02-21T12:41:45.2505694+05:30","level":"INFO","logger_name":"com.netflix.discovery.shared.resolver.aws.ConfigClusterResolver","message":"Resolving eureka endpoints via configuration","service":"fms-core","version":"1.0.0","environment":"default"}
{"@timestamp":"2026-02-21T12:46:45.2525175+05:30","level":"INFO","logger_name":"com.netflix.discovery.shared.resolver.aws.ConfigClusterResolver","message":"Resolving eureka endpoints via configuration","service":"fms-core","version":"1.0.0","environment":"default"}
{"@timestamp":"2026-02-21T12:51:45.2570001+05:30","level":"INFO","logger_name":"com.netflix.discovery.shared.resolver.aws.ConfigClusterResolver","message":"Resolving eureka endpoints via configuration","service":"fms-core","version":"1.0.0","environment":"default"}
{"@timestamp":"2026-02-21T12:56:45.2652314+05:30","level":"INFO","logger_name":"com.netflix.discovery.shared.resolver.aws.ConfigClusterResolver","message":"Resolving eureka endpoints via configuration","service":"fms-core","version":"1.0.0","environment":"default"}
{"@timestamp":"2026-02-21T12:57:44.897486+05:30","level":"INFO","logger_name":"org.springframework.web.socket.config.WebSocketMessageBrokerStats","message":"WebSocketSession[0 current WS(0)-HttpStream(0)-HttpPoll(0), 0 total, 0 closed abnormally (0 connect failure, 0 send limit, 0 transport error)], stompSubProtocol[processed CONNECT(0)-CONNECTED(0)-DISCONNECT(0)], stompBrokerRelay[null], inboundChannel[pool size = 1, active threads = 0, queued tasks = 0, completed tasks = 1], outboundChannel[pool size = 1, active threads = 0, queued tasks = 0, completed tasks = 1], sockJsScheduler[pool size = 4, active threads = 1, queued tasks = 0, completed tasks = 3]","service":"fms-core","version":"1.0.0","environment":"default"}
{"@timestamp":"2026-02-21T13:01:45.2822925+05:30","level":"INFO","logger_name":"com.netflix.discovery.shared.resolver.aws.ConfigClusterResolver","message":"Resolving eureka endpoints via configuration","service":"fms-core","version":"1.0.0","environment":"default"}
{"@timestamp":"2026-02-21T13:06:45.2872718+05:30","level":"INFO","logger_name":"com.netflix.discovery.shared.resolver.aws.ConfigClusterResolver","message":"Resolving eureka endpoints via configuration","service":"fms-core","version":"1.0.0","environment":"default"}
{"@timestamp":"2026-02-21T13:11:45.3029909+05:30","level":"INFO","logger_name":"com.netflix.discovery.shared.resolver.aws.ConfigClusterResolver","message":"Resolving eureka endpoints via configuration","service":"fms-core","version":"1.0.0","environment":"default"}
{"@timestamp":"2026-02-21T13:16:45.3069164+05:30","level":"INFO","logger_name":"com.netflix.discovery.shared.resolver.aws.ConfigClusterResolver","message":"Resolving eureka endpoints via configuration","service":"fms-core","version":"1.0.0","environment":"default"}
{"@timestamp":"2026-02-21T13:21:45.3108967+05:30","level":"INFO","logger_name":"com.netflix.discovery.shared.resolver.aws.ConfigClusterResolver","message":"Resolving eureka endpoints via configuration","service":"fms-core","version":"1.0.0","environment":"default"}
{"@timestamp":"2026-02-21T13:26:45.3171282+05:30","level":"INFO","logger_name":"com.netflix.discovery.shared.resolver.aws.ConfigClusterResolver","message":"Resolving eureka endpoints via configuration","service":"fms-core","version":"1.0.0","environment":"default"}
{"@timestamp":"2026-02-21T13:27:44.9015763+05:30","level":"INFO","logger_name":"org.springframework.web.socket.config.WebSocketMessageBrokerStats","message":"WebSocketSession[0 current WS(0)-HttpStream(0)-HttpPoll(0), 0 total, 0 closed abnormally (0 connect failure, 0 send limit, 0 transport error)], stompSubProtocol[processed CONNECT(0)-CONNECTED(0)-DISCONNECT(0)], stompBrokerRelay[null], inboundChannel[pool size = 1, active threads = 0, queued tasks = 0, completed tasks = 1], outboundChannel[pool size = 1, active threads = 0, queued tasks = 0, completed tasks = 1], sockJsScheduler[pool size = 4, active threads = 1, queued tasks = 0, completed tasks = 4]","service":"fms-core","version":"1.0.0","environment":"default"}
{"@timestamp":"2026-02-21T13:31:45.3226429+05:30","level":"INFO","logger_name":"com.netflix.discovery.shared.resolver.aws.ConfigClusterResolver","message":"Resolving eureka endpoints via configuration","service":"fms-core","version":"1.0.0","environment":"default"}
{"@timestamp":"2026-02-21T13:33:43.1903315+05:30","level":"INFO","logger_name":"org.springframework.cloud.netflix.eureka.serviceregistry.EurekaServiceRegistry","message":"Unregistering application FMS_CORE with eureka with status DOWN","service":"fms-core","version":"1.0.0","environment":"default"}
{"@timestamp":"2026-02-21T13:33:43.1923145+05:30","level":"INFO","logger_name":"com.netflix.discovery.DiscoveryClient","message":"Saw local status change event StatusChangeEvent [timestamp=1771661023192, current=DOWN, previous=UP]","service":"fms-core","version":"1.0.0","environment":"default"}
{"@timestamp":"2026-02-21T13:33:43.196313+05:30","level":"INFO","logger_name":"com.netflix.discovery.DiscoveryClient","message":"DiscoveryClient_FMS_CORE/KAVINDA5242.mshome.net:fms_core:8084: registering service...","service":"fms-core","version":"1.0.0","environment":"default"}
{"@timestamp":"2026-02-21T13:33:43.2053433+05:30","level":"INFO","logger_name":"org.springframework.boot.web.embedded.tomcat.GracefulShutdown","message":"Commencing graceful shutdown. Waiting for active requests to complete","service":"fms-core","version":"1.0.0","environment":"default"}
{"@timestamp":"2026-02-21T13:33:43.2293138+05:30","level":"INFO","logger_name":"com.netflix.discovery.DiscoveryClient","message":"DiscoveryClient_FMS_CORE/KAVINDA5242.mshome.net:fms_core:8084 - registration status: 204","service":"fms-core","version":"1.0.0","environment":"default"}
{"@timestamp":"2026-02-21T13:34:13.4813355+05:30","level":"INFO","logger_name":"org.springframework.context.support.DefaultLifecycleProcessor","message":"Shutdown phase 2147482623 ends with 1 bean still running after timeout of 30000ms: [webServerGracefulShutdown]","service":"fms-core","version":"1.0.0","environment":"default"}
{"@timestamp":"2026-02-21T13:34:13.5973313+05:30","level":"INFO","logger_name":"org.springframework.boot.web.embedded.tomcat.GracefulShutdown","message":"Graceful shutdown aborted with one or more requests still active","service":"fms-core","version":"1.0.0","environment":"default"}
{"@timestamp":"2026-02-21T13:34:13.9333344+05:30","level":"INFO","logger_name":"org.springframework.messaging.simp.broker.SimpleBrokerMessageHandler","message":"Stopping...","service":"fms-core","version":"1.0.0","environment":"default"}
{"@timestamp":"2026-02-21T13:34:13.9333344+05:30","level":"INFO","logger_name":"org.springframework.messaging.simp.broker.SimpleBrokerMessageHandler","message":"BrokerAvailabilityEvent[available=false, SimpleBrokerMessageHandler [org.springframework.messaging.simp.broker.DefaultSubscriptionRegistry@7ab42625]]","service":"fms-core","version":"1.0.0","environment":"default"}
{"@timestamp":"2026-02-21T13:34:13.9333344+05:30","level":"INFO","logger_name":"org.springframework.messaging.simp.broker.SimpleBrokerMessageHandler","message":"Stopped.","service":"fms-core","version":"1.0.0","environment":"default"}
{"@timestamp":"2026-02-21T13:34:14.1663309+05:30","level":"INFO","logger_name":"org.springframework.orm.jpa.LocalContainerEntityManagerFactoryBean","message":"Closing JPA EntityManagerFactory for persistence unit 'default'","service":"fms-core","version":"1.0.0","environment":"default"}
{"@timestamp":"2026-02-21T13:34:14.1773325+05:30","level":"INFO","logger_name":"com.zaxxer.hikari.HikariDataSource","message":"HikariPool-1 - Shutdown initiated...","service":"fms-core","version":"1.0.0","environment":"default"}
{"@timestamp":"2026-02-21T13:34:14.4093347+05:30","level":"INFO","logger_name":"com.zaxxer.hikari.HikariDataSource","message":"HikariPool-1 - Shutdown completed.","service":"fms-core","version":"1.0.0","environment":"default"}
{"@timestamp":"2026-02-21T13:34:14.4113345+05:30","level":"INFO","logger_name":"com.netflix.discovery.DiscoveryClient","message":"Shutting down DiscoveryClient ...","service":"fms-core","version":"1.0.0","environment":"default"}
{"@timestamp":"2026-02-21T13:34:17.4993322+05:30","level":"INFO","logger_name":"com.netflix.discovery.DiscoveryClient","message":"Unregistering ...","service":"fms-core","version":"1.0.0","environment":"default"}
{"@timestamp":"2026-02-21T13:34:17.5303296+05:30","level":"INFO","logger_name":"com.netflix.discovery.DiscoveryClient","message":"DiscoveryClient_FMS_CORE/KAVINDA5242.mshome.net:fms_core:8084 - deregister  status: 200","service":"fms-core","version":"1.0.0","environment":"default"}
{"@timestamp":"2026-02-21T13:34:17.5313343+05:30","level":"INFO","logger_name":"com.netflix.discovery.DiscoveryClient","message":"Completed shut down of DiscoveryClient","service":"fms-core","version":"1.0.0","environment":"default"}
