{"@timestamp":"2025-12-08T10:44:35.074958+05:30","level":"INFO","logger_name":"net.com.fms_auth.FmsAuthApplication","message":"Starting FmsAuthApplication using Java 21.0.2 with PID 12996 (C:\\Users\\kavinda_d\\Documents\\e soft\\final project\\project\\fms backend\\fms_auth\\target\\classes started by kavinda_d in C:\\Users\\kavinda_d\\Documents\\e soft\\final project\\project\\fms backend)","service":"fms-auth","version":"1.0.0","environment":"default"}
{"@timestamp":"2025-12-08T10:44:35.1069192+05:30","level":"DEBUG","logger_name":"net.com.fms_auth.FmsAuthApplication","message":"Running with Spring Boot v3.4.4, Spring v6.2.5","service":"fms-auth","version":"1.0.0","environment":"default"}
{"@timestamp":"2025-12-08T10:44:35.1079183+05:30","level":"INFO","logger_name":"net.com.fms_auth.FmsAuthApplication","message":"No active profile set, falling back to 1 default profile: \"default\"","service":"fms-auth","version":"1.0.0","environment":"default"}
{"@timestamp":"2025-12-08T10:44:37.647238+05:30","level":"INFO","logger_name":"org.springframework.data.repository.config.RepositoryConfigurationDelegate","message":"Bootstrapping Spring Data JPA repositories in DEFAULT mode.","service":"fms-auth","version":"1.0.0","environment":"default"}
{"@timestamp":"2025-12-08T10:44:38.1372403+05:30","level":"INFO","logger_name":"org.springframework.data.repository.config.RepositoryConfigurationDelegate","message":"Finished Spring Data repository scanning in 461 ms. Found 10 JPA repository interfaces.","service":"fms-auth","version":"1.0.0","environment":"default"}
{"@timestamp":"2025-12-08T10:44:38.8226203+05:30","level":"INFO","logger_name":"org.springframework.cloud.context.scope.GenericScope","message":"BeanFactory id=17c79e29-4ce2-3445-83ce-b64912e6f20b","service":"fms-auth","version":"1.0.0","environment":"default"}
{"@timestamp":"2025-12-08T10:44:40.273563+05:30","level":"INFO","logger_name":"org.springframework.boot.web.embedded.tomcat.TomcatWebServer","message":"Tomcat initialized with port 8085 (http)","service":"fms-auth","version":"1.0.0","environment":"default"}
{"@timestamp":"2025-12-08T10:44:40.2995611+05:30","level":"INFO","logger_name":"org.apache.catalina.core.StandardService","message":"Starting service [Tomcat]","service":"fms-auth","version":"1.0.0","environment":"default"}
{"@timestamp":"2025-12-08T10:44:40.2995611+05:30","level":"INFO","logger_name":"org.apache.catalina.core.StandardEngine","message":"Starting Servlet engine: [Apache Tomcat/10.1.39]","service":"fms-auth","version":"1.0.0","environment":"default"}
{"@timestamp":"2025-12-08T10:44:40.3795579+05:30","level":"INFO","logger_name":"org.apache.catalina.core.ContainerBase.[Tomcat].[localhost].[/fms-auth-service]","message":"Initializing Spring embedded WebApplicationContext","service":"fms-auth","version":"1.0.0","environment":"default"}
{"@timestamp":"2025-12-08T10:44:40.3805594+05:30","level":"INFO","logger_name":"org.springframework.boot.web.servlet.context.ServletWebServerApplicationContext","message":"Root WebApplicationContext: initialization completed in 5047 ms","service":"fms-auth","version":"1.0.0","environment":"default"}
{"@timestamp":"2025-12-08T10:44:40.9755963+05:30","level":"INFO","logger_name":"org.hibernate.jpa.internal.util.LogHelper","message":"HHH000204: Processing PersistenceUnitInfo [name: default]","service":"fms-auth","version":"1.0.0","environment":"default"}
{"@timestamp":"2025-12-08T10:44:41.0405606+05:30","level":"INFO","logger_name":"org.hibernate.Version","message":"HHH000412: Hibernate ORM core version 6.6.11.Final","service":"fms-auth","version":"1.0.0","environment":"default"}
{"@timestamp":"2025-12-08T10:44:41.0795614+05:30","level":"INFO","logger_name":"org.hibernate.cache.internal.RegionFactoryInitiator","message":"HHH000026: Second-level cache disabled","service":"fms-auth","version":"1.0.0","environment":"default"}
{"@timestamp":"2025-12-08T10:44:41.4124662+05:30","level":"INFO","logger_name":"org.springframework.orm.jpa.persistenceunit.SpringPersistenceUnitInfo","message":"No LoadTimeWeaver setup: ignoring JPA class transformer","service":"fms-auth","version":"1.0.0","environment":"default"}
{"@timestamp":"2025-12-08T10:44:41.457503+05:30","level":"INFO","logger_name":"com.zaxxer.hikari.HikariDataSource","message":"HikariPool-1 - Starting...","service":"fms-auth","version":"1.0.0","environment":"default"}
{"@timestamp":"2025-12-08T10:44:41.6634957+05:30","level":"INFO","logger_name":"com.zaxxer.hikari.pool.HikariPool","message":"HikariPool-1 - Added connection com.mysql.cj.jdbc.ConnectionImpl@7137cd14","service":"fms-auth","version":"1.0.0","environment":"default"}
{"@timestamp":"2025-12-08T10:44:41.6654685+05:30","level":"INFO","logger_name":"com.zaxxer.hikari.HikariDataSource","message":"HikariPool-1 - Start completed.","service":"fms-auth","version":"1.0.0","environment":"default"}
{"@timestamp":"2025-12-08T10:44:41.7295013+05:30","level":"WARN","logger_name":"org.hibernate.orm.deprecation","message":"HHH90000025: MySQL8Dialect does not need to be specified explicitly using 'hibernate.dialect' (remove the property setting and it will be selected by default)","service":"fms-auth","version":"1.0.0","environment":"default"}
{"@timestamp":"2025-12-08T10:44:41.7315027+05:30","level":"WARN","logger_name":"org.hibernate.orm.deprecation","message":"HHH90000026: MySQL8Dialect has been deprecated; use org.hibernate.dialect.MySQLDialect instead","service":"fms-auth","version":"1.0.0","environment":"default"}
{"@timestamp":"2025-12-08T10:44:41.750472+05:30","level":"INFO","logger_name":"org.hibernate.orm.connections.pooling","message":"HHH10001005: Database info:\n\tDatabase JDBC URL [Connecting through datasource 'HikariDataSource (HikariPool-1)']\n\tDatabase driver: undefined/unknown\n\tDatabase version: 8.0\n\tAutocommit mode: undefined/unknown\n\tIsolation level: undefined/unknown\n\tMinimum pool size: undefined/unknown\n\tMaximum pool size: undefined/unknown","service":"fms-auth","version":"1.0.0","environment":"default"}
{"@timestamp":"2025-12-08T10:44:43.7562304+05:30","level":"INFO","logger_name":"org.hibernate.engine.transaction.jta.platform.internal.JtaPlatformInitiator","message":"HHH000489: No JTA platform available (set 'hibernate.transaction.jta.platform' to enable JTA platform integration)","service":"fms-auth","version":"1.0.0","environment":"default"}
{"@timestamp":"2025-12-08T10:44:44.9632342+05:30","level":"WARN","logger_name":"org.hibernate.tool.schema.internal.ExceptionHandlerLoggedImpl","message":"GenerationTarget encountered exception accepting command : Error executing DDL \"alter table fms_rule modify column final_rule tinytext not null\" via JDBC [Data truncation: Data too long for column 'final_rule' at row 1]","service":"fms-auth","version":"1.0.0","environment":"default"}
{"@timestamp":"2025-12-08T10:44:44.9752443+05:30","level":"WARN","logger_name":"org.hibernate.tool.schema.internal.ExceptionHandlerLoggedImpl","message":"GenerationTarget encountered exception accepting command : Error executing DDL \"alter table risk_metrix add column condition varchar(255) not null\" via JDBC [You have an error in your SQL syntax; check the manual that corresponds to your MySQL server version for the right syntax to use near 'condition varchar(255) not null' at line 1]","service":"fms-auth","version":"1.0.0","environment":"default"}
{"@timestamp":"2025-12-08T10:44:45.0156318+05:30","level":"WARN","logger_name":"org.hibernate.tool.schema.internal.ExceptionHandlerLoggedImpl","message":"GenerationTarget encountered exception accepting command : Error executing DDL \"alter table transaction_history modify column tran_packet tinytext not null\" via JDBC [Data truncation: Data too long for column 'tran_packet' at row 1]","service":"fms-auth","version":"1.0.0","environment":"default"}
{"@timestamp":"2025-12-08T10:44:45.2222745+05:30","level":"INFO","logger_name":"org.springframework.orm.jpa.LocalContainerEntityManagerFactoryBean","message":"Initialized JPA EntityManagerFactory for persistence unit 'default'","service":"fms-auth","version":"1.0.0","environment":"default"}
{"@timestamp":"2025-12-08T10:44:46.3082695+05:30","level":"INFO","logger_name":"org.springframework.data.jpa.repository.query.QueryEnhancerFactory","message":"Hibernate is in classpath; If applicable, HQL parser will be used.","service":"fms-auth","version":"1.0.0","environment":"default"}
{"@timestamp":"2025-12-08T10:44:47.7641264+05:30","level":"DEBUG","logger_name":"net.com.fms_auth.config.TokenAuthenticationFilter$$SpringCGLIB$$0","message":"Filter 'tokenAuthenticationFilter' configured for use","service":"fms-auth","version":"1.0.0","environment":"default"}
{"@timestamp":"2025-12-08T10:44:51.1012129+05:30","level":"INFO","logger_name":"org.springframework.security.config.annotation.authentication.configuration.InitializeAuthenticationProviderBeanManagerConfigurer$InitializeAuthenticationProviderManagerConfigurer","message":"Global AuthenticationManager configured with AuthenticationProvider bean with name authenticationProvider","service":"fms-auth","version":"1.0.0","environment":"default"}
{"@timestamp":"2025-12-08T10:44:51.104216+05:30","level":"WARN","logger_name":"org.springframework.security.config.annotation.authentication.configuration.InitializeUserDetailsBeanManagerConfigurer$InitializeUserDetailsManagerConfigurer","message":"Global AuthenticationManager configured with an AuthenticationProvider bean. UserDetailsService beans will not be used by Spring Security for automatically configuring username/password login. Consider removing the AuthenticationProvider bean. Alternatively, consider using the UserDetailsService in a manually instantiated DaoAuthenticationProvider. If the current configuration is intentional, to turn off this warning, increase the logging level of 'org.springframework.security.config.annotation.authentication.configuration.InitializeUserDetailsBeanManagerConfigurer' to ERROR","service":"fms-auth","version":"1.0.0","environment":"default"}
{"@timestamp":"2025-12-08T10:44:55.2068939+05:30","level":"INFO","logger_name":"org.springframework.boot.actuate.endpoint.web.EndpointLinksResolver","message":"Exposing 4 endpoints beneath base path '/actuator'","service":"fms-auth","version":"1.0.0","environment":"default"}
{"@timestamp":"2025-12-08T10:44:55.3618948+05:30","level":"WARN","logger_name":"org.springframework.security.config.annotation.web.configurers.AuthorizeHttpRequestsConfigurer$AuthorizationManagerRequestMatcherRegistry","message":"One of the patterns in [/auth/login, user/add-system-user, role/add-role, /actuator/**] is missing a leading slash. This is discouraged; please include the leading slash in all your request matcher patterns. In future versions of Spring Security, leaving out the leading slash will result in an exception.","service":"fms-auth","version":"1.0.0","environment":"default"}
{"@timestamp":"2025-12-08T10:44:56.787597+05:30","level":"INFO","logger_name":"org.springframework.cloud.netflix.eureka.config.DiscoveryClientOptionalArgsConfiguration","message":"Eureka HTTP Client uses RestTemplate.","service":"fms-auth","version":"1.0.0","environment":"default"}
{"@timestamp":"2025-12-08T10:44:56.9175981+05:30","level":"WARN","logger_name":"org.springframework.cloud.loadbalancer.config.LoadBalancerCacheAutoConfiguration$LoadBalancerCaffeineWarnLogger","message":"Spring Cloud LoadBalancer is currently working with the default cache. While this cache implementation is useful for development and tests, it's recommended to use Caffeine cache in production.You can switch to using Caffeine cache, by adding it and org.springframework.cache.caffeine.CaffeineCacheManager to the classpath.","service":"fms-auth","version":"1.0.0","environment":"default"}
{"@timestamp":"2025-12-08T10:44:57.0956365+05:30","level":"INFO","logger_name":"org.springframework.cloud.netflix.eureka.InstanceInfoFactory","message":"Setting initial instance status as: STARTING","service":"fms-auth","version":"1.0.0","environment":"default"}
{"@timestamp":"2025-12-08T10:44:57.1445987+05:30","level":"INFO","logger_name":"com.netflix.discovery.DiscoveryClient","message":"Initializing Eureka in region us-east-1","service":"fms-auth","version":"1.0.0","environment":"default"}
{"@timestamp":"2025-12-08T10:44:57.1516036+05:30","level":"INFO","logger_name":"com.netflix.discovery.shared.resolver.aws.ConfigClusterResolver","message":"Resolving eureka endpoints via configuration","service":"fms-auth","version":"1.0.0","environment":"default"}
{"@timestamp":"2025-12-08T10:44:57.1685983+05:30","level":"INFO","logger_name":"com.netflix.discovery.DiscoveryClient","message":"Disable delta property : false","service":"fms-auth","version":"1.0.0","environment":"default"}
{"@timestamp":"2025-12-08T10:44:57.1696028+05:30","level":"INFO","logger_name":"com.netflix.discovery.DiscoveryClient","message":"Single vip registry refresh property : null","service":"fms-auth","version":"1.0.0","environment":"default"}
{"@timestamp":"2025-12-08T10:44:57.1696028+05:30","level":"INFO","logger_name":"com.netflix.discovery.DiscoveryClient","message":"Force full registry fetch : false","service":"fms-auth","version":"1.0.0","environment":"default"}
{"@timestamp":"2025-12-08T10:44:57.1696028+05:30","level":"INFO","logger_name":"com.netflix.discovery.DiscoveryClient","message":"Application is null : false","service":"fms-auth","version":"1.0.0","environment":"default"}
{"@timestamp":"2025-12-08T10:44:57.1696028+05:30","level":"INFO","logger_name":"com.netflix.discovery.DiscoveryClient","message":"Registered Applications size is zero : true","service":"fms-auth","version":"1.0.0","environment":"default"}
{"@timestamp":"2025-12-08T10:44:57.1696028+05:30","level":"INFO","logger_name":"com.netflix.discovery.DiscoveryClient","message":"Application version is -1: true","service":"fms-auth","version":"1.0.0","environment":"default"}
{"@timestamp":"2025-12-08T10:44:57.1696028+05:30","level":"INFO","logger_name":"com.netflix.discovery.DiscoveryClient","message":"Getting all instance registry info from the eureka server","service":"fms-auth","version":"1.0.0","environment":"default"}
{"@timestamp":"2025-12-08T10:44:57.8999929+05:30","level":"INFO","logger_name":"com.netflix.discovery.DiscoveryClient","message":"The response status is 200","service":"fms-auth","version":"1.0.0","environment":"default"}
{"@timestamp":"2025-12-08T10:44:57.9059917+05:30","level":"INFO","logger_name":"com.netflix.discovery.DiscoveryClient","message":"Starting heartbeat executor: renew interval is: 30","service":"fms-auth","version":"1.0.0","environment":"default"}
{"@timestamp":"2025-12-08T10:44:57.9089938+05:30","level":"INFO","logger_name":"com.netflix.discovery.InstanceInfoReplicator","message":"InstanceInfoReplicator onDemand update allowed rate per min is 4","service":"fms-auth","version":"1.0.0","environment":"default"}
{"@timestamp":"2025-12-08T10:44:57.9129918+05:30","level":"INFO","logger_name":"com.netflix.discovery.DiscoveryClient","message":"Discovery Client initialized at timestamp 1765170897911 with initial instances count: 1","service":"fms-auth","version":"1.0.0","environment":"default"}
{"@timestamp":"2025-12-08T10:44:57.9359925+05:30","level":"INFO","logger_name":"org.springframework.cloud.netflix.eureka.serviceregistry.EurekaServiceRegistry","message":"Registering application FMS_AUTH with eureka with status UP","service":"fms-auth","version":"1.0.0","environment":"default"}
{"@timestamp":"2025-12-08T10:44:57.9379938+05:30","level":"INFO","logger_name":"com.netflix.discovery.DiscoveryClient","message":"Saw local status change event StatusChangeEvent [timestamp=1765170897937, current=UP, previous=STARTING]","service":"fms-auth","version":"1.0.0","environment":"default"}
{"@timestamp":"2025-12-08T10:44:57.9409918+05:30","level":"INFO","logger_name":"com.netflix.discovery.DiscoveryClient","message":"DiscoveryClient_FMS_AUTH/KAVINDA5242.mshome.net:fms_auth:8085: registering service...","service":"fms-auth","version":"1.0.0","environment":"default"}
{"@timestamp":"2025-12-08T10:44:58.0529916+05:30","level":"INFO","logger_name":"com.netflix.discovery.DiscoveryClient","message":"DiscoveryClient_FMS_AUTH/KAVINDA5242.mshome.net:fms_auth:8085 - registration status: 204","service":"fms-auth","version":"1.0.0","environment":"default"}
{"@timestamp":"2025-12-08T10:44:58.4189636+05:30","level":"INFO","logger_name":"org.springframework.boot.web.embedded.tomcat.TomcatWebServer","message":"Tomcat started on port 8085 (http) with context path '/fms-auth-service'","service":"fms-auth","version":"1.0.0","environment":"default"}
{"@timestamp":"2025-12-08T10:44:58.4299606+05:30","level":"INFO","logger_name":"org.springframework.cloud.netflix.eureka.serviceregistry.EurekaAutoServiceRegistration","message":"Updating port to 8085","service":"fms-auth","version":"1.0.0","environment":"default"}
{"@timestamp":"2025-12-08T10:44:58.5739626+05:30","level":"INFO","logger_name":"net.com.fms_auth.FmsAuthApplication","message":"Started FmsAuthApplication in 25.158 seconds (process running for 27.795)","service":"fms-auth","version":"1.0.0","environment":"default"}
{"@timestamp":"2025-12-08T10:49:57.1888966+05:30","level":"INFO","logger_name":"com.netflix.discovery.shared.resolver.aws.ConfigClusterResolver","message":"Resolving eureka endpoints via configuration","service":"fms-auth","version":"1.0.0","environment":"default"}
{"@timestamp":"2025-12-08T10:54:57.2026637+05:30","level":"INFO","logger_name":"com.netflix.discovery.shared.resolver.aws.ConfigClusterResolver","message":"Resolving eureka endpoints via configuration","service":"fms-auth","version":"1.0.0","environment":"default"}
{"@timestamp":"2025-12-08T10:59:57.2212085+05:30","level":"INFO","logger_name":"com.netflix.discovery.shared.resolver.aws.ConfigClusterResolver","message":"Resolving eureka endpoints via configuration","service":"fms-auth","version":"1.0.0","environment":"default"}
{"@timestamp":"2025-12-08T11:04:57.2373445+05:30","level":"INFO","logger_name":"com.netflix.discovery.shared.resolver.aws.ConfigClusterResolver","message":"Resolving eureka endpoints via configuration","service":"fms-auth","version":"1.0.0","environment":"default"}
{"@timestamp":"2025-12-08T11:09:57.2411288+05:30","level":"INFO","logger_name":"com.netflix.discovery.shared.resolver.aws.ConfigClusterResolver","message":"Resolving eureka endpoints via configuration","service":"fms-auth","version":"1.0.0","environment":"default"}
{"@timestamp":"2025-12-08T11:14:57.2467254+05:30","level":"INFO","logger_name":"com.netflix.discovery.shared.resolver.aws.ConfigClusterResolver","message":"Resolving eureka endpoints via configuration","service":"fms-auth","version":"1.0.0","environment":"default"}
{"@timestamp":"2025-12-08T11:19:57.2624682+05:30","level":"INFO","logger_name":"com.netflix.discovery.shared.resolver.aws.ConfigClusterResolver","message":"Resolving eureka endpoints via configuration","service":"fms-auth","version":"1.0.0","environment":"default"}
{"@timestamp":"2025-12-08T11:24:57.2735329+05:30","level":"INFO","logger_name":"com.netflix.discovery.shared.resolver.aws.ConfigClusterResolver","message":"Resolving eureka endpoints via configuration","service":"fms-auth","version":"1.0.0","environment":"default"}
{"@timestamp":"2025-12-08T11:29:57.2761505+05:30","level":"INFO","logger_name":"com.netflix.discovery.shared.resolver.aws.ConfigClusterResolver","message":"Resolving eureka endpoints via configuration","service":"fms-auth","version":"1.0.0","environment":"default"}
{"@timestamp":"2025-12-08T11:34:57.291355+05:30","level":"INFO","logger_name":"com.netflix.discovery.shared.resolver.aws.ConfigClusterResolver","message":"Resolving eureka endpoints via configuration","service":"fms-auth","version":"1.0.0","environment":"default"}
{"@timestamp":"2025-12-08T11:39:57.3239219+05:30","level":"INFO","logger_name":"com.netflix.discovery.shared.resolver.aws.ConfigClusterResolver","message":"Resolving eureka endpoints via configuration","service":"fms-auth","version":"1.0.0","environment":"default"}
{"@timestamp":"2025-12-08T11:44:57.3399778+05:30","level":"INFO","logger_name":"com.netflix.discovery.shared.resolver.aws.ConfigClusterResolver","message":"Resolving eureka endpoints via configuration","service":"fms-auth","version":"1.0.0","environment":"default"}
{"@timestamp":"2025-12-08T11:49:57.3573146+05:30","level":"INFO","logger_name":"com.netflix.discovery.shared.resolver.aws.ConfigClusterResolver","message":"Resolving eureka endpoints via configuration","service":"fms-auth","version":"1.0.0","environment":"default"}
{"@timestamp":"2025-12-08T11:54:57.3827474+05:30","level":"INFO","logger_name":"com.netflix.discovery.shared.resolver.aws.ConfigClusterResolver","message":"Resolving eureka endpoints via configuration","service":"fms-auth","version":"1.0.0","environment":"default"}
{"@timestamp":"2025-12-08T11:59:57.4063958+05:30","level":"INFO","logger_name":"com.netflix.discovery.shared.resolver.aws.ConfigClusterResolver","message":"Resolving eureka endpoints via configuration","service":"fms-auth","version":"1.0.0","environment":"default"}
{"@timestamp":"2025-12-08T12:04:57.4155269+05:30","level":"INFO","logger_name":"com.netflix.discovery.shared.resolver.aws.ConfigClusterResolver","message":"Resolving eureka endpoints via configuration","service":"fms-auth","version":"1.0.0","environment":"default"}
{"@timestamp":"2025-12-08T12:09:57.4311681+05:30","level":"INFO","logger_name":"com.netflix.discovery.shared.resolver.aws.ConfigClusterResolver","message":"Resolving eureka endpoints via configuration","service":"fms-auth","version":"1.0.0","environment":"default"}
{"@timestamp":"2025-12-08T12:14:57.4337856+05:30","level":"INFO","logger_name":"com.netflix.discovery.shared.resolver.aws.ConfigClusterResolver","message":"Resolving eureka endpoints via configuration","service":"fms-auth","version":"1.0.0","environment":"default"}
{"@timestamp":"2025-12-08T12:19:57.4853557+05:30","level":"INFO","logger_name":"com.netflix.discovery.shared.resolver.aws.ConfigClusterResolver","message":"Resolving eureka endpoints via configuration","service":"fms-auth","version":"1.0.0","environment":"default"}
{"@timestamp":"2025-12-08T12:24:57.4951394+05:30","level":"INFO","logger_name":"com.netflix.discovery.shared.resolver.aws.ConfigClusterResolver","message":"Resolving eureka endpoints via configuration","service":"fms-auth","version":"1.0.0","environment":"default"}
{"@timestamp":"2025-12-08T12:29:57.5142521+05:30","level":"INFO","logger_name":"com.netflix.discovery.shared.resolver.aws.ConfigClusterResolver","message":"Resolving eureka endpoints via configuration","service":"fms-auth","version":"1.0.0","environment":"default"}
{"@timestamp":"2025-12-08T12:34:57.533471+05:30","level":"INFO","logger_name":"com.netflix.discovery.shared.resolver.aws.ConfigClusterResolver","message":"Resolving eureka endpoints via configuration","service":"fms-auth","version":"1.0.0","environment":"default"}
{"@timestamp":"2025-12-08T12:39:57.5495523+05:30","level":"INFO","logger_name":"com.netflix.discovery.shared.resolver.aws.ConfigClusterResolver","message":"Resolving eureka endpoints via configuration","service":"fms-auth","version":"1.0.0","environment":"default"}
{"@timestamp":"2025-12-08T12:44:57.565113+05:30","level":"INFO","logger_name":"com.netflix.discovery.shared.resolver.aws.ConfigClusterResolver","message":"Resolving eureka endpoints via configuration","service":"fms-auth","version":"1.0.0","environment":"default"}
{"@timestamp":"2025-12-08T12:49:57.586293+05:30","level":"INFO","logger_name":"com.netflix.discovery.shared.resolver.aws.ConfigClusterResolver","message":"Resolving eureka endpoints via configuration","service":"fms-auth","version":"1.0.0","environment":"default"}
{"@timestamp":"2025-12-08T12:54:57.5959133+05:30","level":"INFO","logger_name":"com.netflix.discovery.shared.resolver.aws.ConfigClusterResolver","message":"Resolving eureka endpoints via configuration","service":"fms-auth","version":"1.0.0","environment":"default"}
{"@timestamp":"2025-12-08T12:59:57.6094715+05:30","level":"INFO","logger_name":"com.netflix.discovery.shared.resolver.aws.ConfigClusterResolver","message":"Resolving eureka endpoints via configuration","service":"fms-auth","version":"1.0.0","environment":"default"}
{"@timestamp":"2025-12-08T13:04:57.6285712+05:30","level":"INFO","logger_name":"com.netflix.discovery.shared.resolver.aws.ConfigClusterResolver","message":"Resolving eureka endpoints via configuration","service":"fms-auth","version":"1.0.0","environment":"default"}
{"@timestamp":"2025-12-08T13:09:57.7413631+05:30","level":"INFO","logger_name":"com.netflix.discovery.shared.resolver.aws.ConfigClusterResolver","message":"Resolving eureka endpoints via configuration","service":"fms-auth","version":"1.0.0","environment":"default"}
{"@timestamp":"2025-12-08T13:14:57.755171+05:30","level":"INFO","logger_name":"com.netflix.discovery.shared.resolver.aws.ConfigClusterResolver","message":"Resolving eureka endpoints via configuration","service":"fms-auth","version":"1.0.0","environment":"default"}
{"@timestamp":"2025-12-08T13:19:57.7615426+05:30","level":"INFO","logger_name":"com.netflix.discovery.shared.resolver.aws.ConfigClusterResolver","message":"Resolving eureka endpoints via configuration","service":"fms-auth","version":"1.0.0","environment":"default"}
{"@timestamp":"2025-12-08T13:24:57.7848994+05:30","level":"INFO","logger_name":"com.netflix.discovery.shared.resolver.aws.ConfigClusterResolver","message":"Resolving eureka endpoints via configuration","service":"fms-auth","version":"1.0.0","environment":"default"}
{"@timestamp":"2025-12-08T13:29:57.79149+05:30","level":"INFO","logger_name":"com.netflix.discovery.shared.resolver.aws.ConfigClusterResolver","message":"Resolving eureka endpoints via configuration","service":"fms-auth","version":"1.0.0","environment":"default"}
{"@timestamp":"2025-12-08T13:34:57.8070817+05:30","level":"INFO","logger_name":"com.netflix.discovery.shared.resolver.aws.ConfigClusterResolver","message":"Resolving eureka endpoints via configuration","service":"fms-auth","version":"1.0.0","environment":"default"}
{"@timestamp":"2025-12-08T13:39:57.8249338+05:30","level":"INFO","logger_name":"com.netflix.discovery.shared.resolver.aws.ConfigClusterResolver","message":"Resolving eureka endpoints via configuration","service":"fms-auth","version":"1.0.0","environment":"default"}
{"@timestamp":"2025-12-08T13:44:57.8428496+05:30","level":"INFO","logger_name":"com.netflix.discovery.shared.resolver.aws.ConfigClusterResolver","message":"Resolving eureka endpoints via configuration","service":"fms-auth","version":"1.0.0","environment":"default"}
{"@timestamp":"2025-12-08T13:49:57.8548052+05:30","level":"INFO","logger_name":"com.netflix.discovery.shared.resolver.aws.ConfigClusterResolver","message":"Resolving eureka endpoints via configuration","service":"fms-auth","version":"1.0.0","environment":"default"}
{"@timestamp":"2025-12-08T13:54:57.9040185+05:30","level":"INFO","logger_name":"com.netflix.discovery.shared.resolver.aws.ConfigClusterResolver","message":"Resolving eureka endpoints via configuration","service":"fms-auth","version":"1.0.0","environment":"default"}
{"@timestamp":"2025-12-08T13:59:58.095435+05:30","level":"INFO","logger_name":"com.netflix.discovery.shared.resolver.aws.ConfigClusterResolver","message":"Resolving eureka endpoints via configuration","service":"fms-auth","version":"1.0.0","environment":"default"}
{"@timestamp":"2025-12-08T14:04:58.1059797+05:30","level":"INFO","logger_name":"com.netflix.discovery.shared.resolver.aws.ConfigClusterResolver","message":"Resolving eureka endpoints via configuration","service":"fms-auth","version":"1.0.0","environment":"default"}
{"@timestamp":"2025-12-08T14:09:58.1144988+05:30","level":"INFO","logger_name":"com.netflix.discovery.shared.resolver.aws.ConfigClusterResolver","message":"Resolving eureka endpoints via configuration","service":"fms-auth","version":"1.0.0","environment":"default"}
{"@timestamp":"2025-12-08T14:14:58.1300691+05:30","level":"INFO","logger_name":"com.netflix.discovery.shared.resolver.aws.ConfigClusterResolver","message":"Resolving eureka endpoints via configuration","service":"fms-auth","version":"1.0.0","environment":"default"}
{"@timestamp":"2025-12-08T14:19:58.1473333+05:30","level":"INFO","logger_name":"com.netflix.discovery.shared.resolver.aws.ConfigClusterResolver","message":"Resolving eureka endpoints via configuration","service":"fms-auth","version":"1.0.0","environment":"default"}
{"@timestamp":"2025-12-08T14:24:58.1995058+05:30","level":"INFO","logger_name":"com.netflix.discovery.shared.resolver.aws.ConfigClusterResolver","message":"Resolving eureka endpoints via configuration","service":"fms-auth","version":"1.0.0","environment":"default"}
{"@timestamp":"2025-12-08T14:29:58.2124679+05:30","level":"INFO","logger_name":"com.netflix.discovery.shared.resolver.aws.ConfigClusterResolver","message":"Resolving eureka endpoints via configuration","service":"fms-auth","version":"1.0.0","environment":"default"}
{"@timestamp":"2025-12-08T14:34:58.264837+05:30","level":"INFO","logger_name":"com.netflix.discovery.shared.resolver.aws.ConfigClusterResolver","message":"Resolving eureka endpoints via configuration","service":"fms-auth","version":"1.0.0","environment":"default"}
{"@timestamp":"2025-12-08T14:39:58.3521615+05:30","level":"INFO","logger_name":"com.netflix.discovery.shared.resolver.aws.ConfigClusterResolver","message":"Resolving eureka endpoints via configuration","service":"fms-auth","version":"1.0.0","environment":"default"}
{"@timestamp":"2025-12-08T14:44:58.3754626+05:30","level":"INFO","logger_name":"com.netflix.discovery.shared.resolver.aws.ConfigClusterResolver","message":"Resolving eureka endpoints via configuration","service":"fms-auth","version":"1.0.0","environment":"default"}
{"@timestamp":"2025-12-08T14:49:58.3995248+05:30","level":"INFO","logger_name":"com.netflix.discovery.shared.resolver.aws.ConfigClusterResolver","message":"Resolving eureka endpoints via configuration","service":"fms-auth","version":"1.0.0","environment":"default"}
{"@timestamp":"2025-12-08T14:54:58.5601232+05:30","level":"INFO","logger_name":"com.netflix.discovery.shared.resolver.aws.ConfigClusterResolver","message":"Resolving eureka endpoints via configuration","service":"fms-auth","version":"1.0.0","environment":"default"}
{"@timestamp":"2025-12-08T14:56:59.5570475+05:30","level":"INFO","logger_name":"org.apache.tomcat.util.http.parser.Cookie","message":"A cookie header was received [g_state={\"i_t\":1757581920389,\"i_l\":0};] that contained an invalid cookie. That cookie will be ignored.\n Note: further occurrences of this error will be logged at DEBUG level.","service":"fms-auth","version":"1.0.0","environment":"default"}
{"@timestamp":"2025-12-08T14:56:59.6250496+05:30","level":"INFO","logger_name":"org.apache.catalina.core.ContainerBase.[Tomcat].[localhost].[/fms-auth-service]","message":"Initializing Spring DispatcherServlet 'dispatcherServlet'","service":"fms-auth","version":"1.0.0","environment":"default"}
{"@timestamp":"2025-12-08T14:56:59.6270511+05:30","level":"INFO","logger_name":"org.springframework.web.servlet.DispatcherServlet","message":"Initializing Servlet 'dispatcherServlet'","service":"fms-auth","version":"1.0.0","environment":"default"}
{"@timestamp":"2025-12-08T14:56:59.7910518+05:30","level":"INFO","logger_name":"org.springframework.web.servlet.DispatcherServlet","message":"Completed initialization in 161 ms","service":"fms-auth","version":"1.0.0","environment":"default"}
{"@timestamp":"2025-12-08T14:57:01.1470774+05:30","level":"INFO","logger_name":"net.com.fms_auth.service.IMPL.CustomUserDetailsServiceIMPL","message":"Loading user by username: kavindadarmasiri15@gmail.com","service":"fms-auth","version":"1.0.0","environment":"default"}
{"@timestamp":"2025-12-08T14:57:01.1470774+05:30","level":"INFO","logger_name":"net.com.fms_auth.service.IMPL.CustomUserDetailsServiceIMPL","message":"Loading user by username: kavindadarmasiri15@gmail.com","service":"fms-auth","version":"1.0.0","environment":"default"}
{"@timestamp":"2025-12-08T14:57:01.788089+05:30","level":"INFO","logger_name":"net.com.fms_auth.service.IMPL.CustomUserDetailsServiceIMPL","message":"User found: Kavinda Gimhan, Password hash: $2a$10$KPZuGyp855rURM2uNcqLBuhXoSA.eOu7d4TkHzS746v4u5lZFp6/2","service":"fms-auth","version":"1.0.0","environment":"default"}
{"@timestamp":"2025-12-08T14:57:01.8090897+05:30","level":"INFO","logger_name":"net.com.fms_auth.service.IMPL.CustomUserDetailsServiceIMPL","message":"User found: Kavinda Gimhan, Password hash: $2a$10$KPZuGyp855rURM2uNcqLBuhXoSA.eOu7d4TkHzS746v4u5lZFp6/2","service":"fms-auth","version":"1.0.0","environment":"default"}
{"@timestamp":"2025-12-08T14:57:02.5041063+05:30","level":"ERROR","logger_name":"net.com.fms_auth.service.IMPL.AuthServiceIMPL","message":"kavindadarmasiri15@gmail.com authenticated successfully","service":"fms-auth","version":"1.0.0","environment":"default"}
{"@timestamp":"2025-12-08T14:57:02.5081032+05:30","level":"ERROR","logger_name":"net.com.fms_auth.service.IMPL.AuthServiceIMPL","message":"kavindadarmasiri15@gmail.com authenticated successfully","service":"fms-auth","version":"1.0.0","environment":"default"}
{"@timestamp":"2025-12-08T14:57:02.7491111+05:30","level":"INFO","logger_name":"net.com.fms_auth.config.TokenAuthenticationFilter","message":"tokenBearer 58d99731-3365-446c-942c-116811afb25f","service":"fms-auth","version":"1.0.0","environment":"default"}
{"@timestamp":"2025-12-08T14:57:02.7491111+05:30","level":"INFO","logger_name":"net.com.fms_auth.config.TokenAuthenticationFilter","message":"token = 58d99731-3365-446c-942c-116811afb25f","service":"fms-auth","version":"1.0.0","environment":"default"}
{"@timestamp":"2025-12-08T14:57:04.2041303+05:30","level":"INFO","logger_name":"net.com.fms_auth.config.TokenAuthenticationFilter","message":"tokenBearer 58d99731-3365-446c-942c-116811afb25f","service":"fms-auth","version":"1.0.0","environment":"default"}
{"@timestamp":"2025-12-08T14:57:04.205132+05:30","level":"INFO","logger_name":"net.com.fms_auth.config.TokenAuthenticationFilter","message":"token = 58d99731-3365-446c-942c-116811afb25f","service":"fms-auth","version":"1.0.0","environment":"default"}
{"@timestamp":"2025-12-08T14:59:58.5757342+05:30","level":"INFO","logger_name":"com.netflix.discovery.shared.resolver.aws.ConfigClusterResolver","message":"Resolving eureka endpoints via configuration","service":"fms-auth","version":"1.0.0","environment":"default"}
{"@timestamp":"2025-12-08T15:04:58.5918863+05:30","level":"INFO","logger_name":"com.netflix.discovery.shared.resolver.aws.ConfigClusterResolver","message":"Resolving eureka endpoints via configuration","service":"fms-auth","version":"1.0.0","environment":"default"}
{"@timestamp":"2025-12-08T15:09:58.6082583+05:30","level":"INFO","logger_name":"com.netflix.discovery.shared.resolver.aws.ConfigClusterResolver","message":"Resolving eureka endpoints via configuration","service":"fms-auth","version":"1.0.0","environment":"default"}
{"@timestamp":"2025-12-08T15:14:58.6173005+05:30","level":"INFO","logger_name":"com.netflix.discovery.shared.resolver.aws.ConfigClusterResolver","message":"Resolving eureka endpoints via configuration","service":"fms-auth","version":"1.0.0","environment":"default"}
{"@timestamp":"2025-12-08T15:19:58.6315399+05:30","level":"INFO","logger_name":"com.netflix.discovery.shared.resolver.aws.ConfigClusterResolver","message":"Resolving eureka endpoints via configuration","service":"fms-auth","version":"1.0.0","environment":"default"}
{"@timestamp":"2025-12-08T15:24:58.6410457+05:30","level":"INFO","logger_name":"com.netflix.discovery.shared.resolver.aws.ConfigClusterResolver","message":"Resolving eureka endpoints via configuration","service":"fms-auth","version":"1.0.0","environment":"default"}
{"@timestamp":"2025-12-08T15:29:58.6448381+05:30","level":"INFO","logger_name":"com.netflix.discovery.shared.resolver.aws.ConfigClusterResolver","message":"Resolving eureka endpoints via configuration","service":"fms-auth","version":"1.0.0","environment":"default"}
{"@timestamp":"2025-12-08T15:32:20.169528+05:30","level":"INFO","logger_name":"net.com.fms_auth.config.TokenAuthenticationFilter","message":"tokenBearer 58d99731-3365-446c-942c-116811afb25f","service":"fms-auth","version":"1.0.0","environment":"default"}
{"@timestamp":"2025-12-08T15:32:20.1795267+05:30","level":"INFO","logger_name":"net.com.fms_auth.config.TokenAuthenticationFilter","message":"token = 58d99731-3365-446c-942c-116811afb25f","service":"fms-auth","version":"1.0.0","environment":"default"}
{"@timestamp":"2025-12-08T15:34:58.6537083+05:30","level":"INFO","logger_name":"com.netflix.discovery.shared.resolver.aws.ConfigClusterResolver","message":"Resolving eureka endpoints via configuration","service":"fms-auth","version":"1.0.0","environment":"default"}
{"@timestamp":"2025-12-08T15:39:58.6562818+05:30","level":"INFO","logger_name":"com.netflix.discovery.shared.resolver.aws.ConfigClusterResolver","message":"Resolving eureka endpoints via configuration","service":"fms-auth","version":"1.0.0","environment":"default"}
{"@timestamp":"2025-12-08T15:44:59.0553308+05:30","level":"INFO","logger_name":"com.netflix.discovery.shared.resolver.aws.ConfigClusterResolver","message":"Resolving eureka endpoints via configuration","service":"fms-auth","version":"1.0.0","environment":"default"}
{"@timestamp":"2025-12-08T15:49:59.0782957+05:30","level":"INFO","logger_name":"com.netflix.discovery.shared.resolver.aws.ConfigClusterResolver","message":"Resolving eureka endpoints via configuration","service":"fms-auth","version":"1.0.0","environment":"default"}
{"@timestamp":"2025-12-08T15:54:59.0956273+05:30","level":"INFO","logger_name":"com.netflix.discovery.shared.resolver.aws.ConfigClusterResolver","message":"Resolving eureka endpoints via configuration","service":"fms-auth","version":"1.0.0","environment":"default"}
{"@timestamp":"2025-12-08T15:59:59.1095872+05:30","level":"INFO","logger_name":"com.netflix.discovery.shared.resolver.aws.ConfigClusterResolver","message":"Resolving eureka endpoints via configuration","service":"fms-auth","version":"1.0.0","environment":"default"}
{"@timestamp":"2025-12-08T16:04:59.1182812+05:30","level":"INFO","logger_name":"com.netflix.discovery.shared.resolver.aws.ConfigClusterResolver","message":"Resolving eureka endpoints via configuration","service":"fms-auth","version":"1.0.0","environment":"default"}
{"@timestamp":"2025-12-08T16:09:59.1348071+05:30","level":"INFO","logger_name":"com.netflix.discovery.shared.resolver.aws.ConfigClusterResolver","message":"Resolving eureka endpoints via configuration","service":"fms-auth","version":"1.0.0","environment":"default"}
{"@timestamp":"2025-12-08T16:14:59.1544125+05:30","level":"INFO","logger_name":"com.netflix.discovery.shared.resolver.aws.ConfigClusterResolver","message":"Resolving eureka endpoints via configuration","service":"fms-auth","version":"1.0.0","environment":"default"}
{"@timestamp":"2025-12-08T16:19:59.1691851+05:30","level":"INFO","logger_name":"com.netflix.discovery.shared.resolver.aws.ConfigClusterResolver","message":"Resolving eureka endpoints via configuration","service":"fms-auth","version":"1.0.0","environment":"default"}
{"@timestamp":"2025-12-08T16:24:59.1797816+05:30","level":"INFO","logger_name":"com.netflix.discovery.shared.resolver.aws.ConfigClusterResolver","message":"Resolving eureka endpoints via configuration","service":"fms-auth","version":"1.0.0","environment":"default"}
{"@timestamp":"2025-12-08T16:28:27.1417689+05:30","level":"INFO","logger_name":"net.com.fms_auth.service.IMPL.CustomUserDetailsServiceIMPL","message":"Loading user by username: kavindadarmasiri15@gmail.com","service":"fms-auth","version":"1.0.0","environment":"default"}
{"@timestamp":"2025-12-08T16:28:27.2227679+05:30","level":"INFO","logger_name":"net.com.fms_auth.service.IMPL.CustomUserDetailsServiceIMPL","message":"User found: Kavinda Gimhan, Password hash: $2a$10$KPZuGyp855rURM2uNcqLBuhXoSA.eOu7d4TkHzS746v4u5lZFp6/2","service":"fms-auth","version":"1.0.0","environment":"default"}
{"@timestamp":"2025-12-08T16:28:27.4707716+05:30","level":"ERROR","logger_name":"net.com.fms_auth.service.IMPL.AuthServiceIMPL","message":"kavindadarmasiri15@gmail.com authenticated successfully","service":"fms-auth","version":"1.0.0","environment":"default"}
{"@timestamp":"2025-12-08T16:28:27.9177781+05:30","level":"INFO","logger_name":"net.com.fms_auth.config.TokenAuthenticationFilter","message":"tokenBearer f181495e-52c9-48c0-9138-136a62ddc70a","service":"fms-auth","version":"1.0.0","environment":"default"}
{"@timestamp":"2025-12-08T16:28:27.9197892+05:30","level":"INFO","logger_name":"net.com.fms_auth.config.TokenAuthenticationFilter","message":"token = f181495e-52c9-48c0-9138-136a62ddc70a","service":"fms-auth","version":"1.0.0","environment":"default"}
{"@timestamp":"2025-12-08T16:29:59.1868171+05:30","level":"INFO","logger_name":"com.netflix.discovery.shared.resolver.aws.ConfigClusterResolver","message":"Resolving eureka endpoints via configuration","service":"fms-auth","version":"1.0.0","environment":"default"}
{"@timestamp":"2025-12-08T16:34:59.2034331+05:30","level":"INFO","logger_name":"com.netflix.discovery.shared.resolver.aws.ConfigClusterResolver","message":"Resolving eureka endpoints via configuration","service":"fms-auth","version":"1.0.0","environment":"default"}
{"@timestamp":"2025-12-08T16:39:59.2248799+05:30","level":"INFO","logger_name":"com.netflix.discovery.shared.resolver.aws.ConfigClusterResolver","message":"Resolving eureka endpoints via configuration","service":"fms-auth","version":"1.0.0","environment":"default"}
{"@timestamp":"2025-12-08T16:44:59.2787536+05:30","level":"INFO","logger_name":"com.netflix.discovery.shared.resolver.aws.ConfigClusterResolver","message":"Resolving eureka endpoints via configuration","service":"fms-auth","version":"1.0.0","environment":"default"}
{"@timestamp":"2025-12-08T16:49:59.2961605+05:30","level":"INFO","logger_name":"com.netflix.discovery.shared.resolver.aws.ConfigClusterResolver","message":"Resolving eureka endpoints via configuration","service":"fms-auth","version":"1.0.0","environment":"default"}
{"@timestamp":"2025-12-08T16:54:59.3053841+05:30","level":"INFO","logger_name":"com.netflix.discovery.shared.resolver.aws.ConfigClusterResolver","message":"Resolving eureka endpoints via configuration","service":"fms-auth","version":"1.0.0","environment":"default"}
{"@timestamp":"2025-12-08T16:57:07.0487413+05:30","level":"INFO","logger_name":"com.netflix.discovery.shared.transport.decorator.RedirectingEurekaHttpClient","message":"Request execution error. endpoint=DefaultEndpoint{ serviceUrl='http://localhost:8761/eureka/} exception=I/O error on GET request for \"http://localhost:8761/eureka/apps/delta\": Connect to http://localhost:8761 [localhost/127.0.0.1, localhost/0:0:0:0:0:0:0:1] failed: Connection refused: getsockopt stacktrace=org.springframework.web.client.ResourceAccessException: I/O error on GET request for \"http://localhost:8761/eureka/apps/delta\": Connect to http://localhost:8761 [localhost/127.0.0.1, localhost/0:0:0:0:0:0:0:1] failed: Connection refused: getsockopt\r\n\tat org.springframework.web.client.RestTemplate.createResourceAccessException(RestTemplate.java:926)\r\n\tat org.springframework.web.client.RestTemplate.doExecute(RestTemplate.java:906)\r\n\tat org.springframework.web.client.RestTemplate.execute(RestTemplate.java:841)\r\n\tat org.springframework.web.client.RestTemplate.exchange(RestTemplate.java:702)\r\n\tat org.springframework.cloud.netflix.eureka.http.RestTemplateEurekaHttpClient.getApplicationsInternal(RestTemplateEurekaHttpClient.java:174)\r\n\tat org.springframework.cloud.netflix.eureka.http.RestTemplateEurekaHttpClient.getDelta(RestTemplateEurekaHttpClient.java:186)\r\n\tat com.netflix.discovery.shared.transport.decorator.EurekaHttpClientDecorator$7.execute(EurekaHttpClientDecorator.java:152)\r\n\tat com.netflix.discovery.shared.transport.decorator.RedirectingEurekaHttpClient.execute(RedirectingEurekaHttpClient.java:91)\r\n\tat com.netflix.discovery.shared.transport.decorator.EurekaHttpClientDecorator.getDelta(EurekaHttpClientDecorator.java:149)\r\n\tat com.netflix.discovery.shared.transport.decorator.EurekaHttpClientDecorator$7.execute(EurekaHttpClientDecorator.java:152)\r\n\tat com.netflix.discovery.shared.transport.decorator.RetryableEurekaHttpClient.execute(RetryableEurekaHttpClient.java:120)\r\n\tat com.netflix.discovery.shared.transport.decorator.EurekaHttpClientDecorator.getDelta(EurekaHttpClientDecorator.java:149)\r\n\tat com.netflix.discovery.shared.transport.decorator.EurekaHttpClientDecorator$7.execute(EurekaHttpClientDecorator.java:152)\r\n\tat com.netflix.discovery.shared.transport.decorator.SessionedEurekaHttpClient.execute(SessionedEurekaHttpClient.java:76)\r\n\tat com.netflix.discovery.shared.transport.decorator.EurekaHttpClientDecorator.getDelta(EurekaHttpClientDecorator.java:149)\r\n\tat com.netflix.discovery.DiscoveryClient.getAndUpdateDelta(DiscoveryClient.java:1080)\r\n\tat com.netflix.discovery.DiscoveryClient.fetchRegistry(DiscoveryClient.java:963)\r\n\tat com.netflix.discovery.DiscoveryClient.refreshRegistry(DiscoveryClient.java:1473)\r\n\tat com.netflix.discovery.DiscoveryClient$CacheRefreshThread.run(DiscoveryClient.java:1441)\r\n\tat java.base/java.util.concurrent.Executors$RunnableAdapter.call(Executors.java:572)\r\n\tat java.base/java.util.concurrent.FutureTask.run(FutureTask.java:317)\r\n\tat java.base/java.util.concurrent.ThreadPoolExecutor.runWorker(ThreadPoolExecutor.java:1144)\r\n\tat java.base/java.util.concurrent.ThreadPoolExecutor$Worker.run(ThreadPoolExecutor.java:642)\r\n\tat java.base/java.lang.Thread.run(Thread.java:1583)\r\nCaused by: org.apache.hc.client5.http.HttpHostConnectException: Connect to http://localhost:8761 [localhost/127.0.0.1, localhost/0:0:0:0:0:0:0:1] failed: Connection refused: getsockopt\r\n\tat java.base/sun.nio.ch.Net.pollConnect(Native Method)\r\n\tat java.base/sun.nio.ch.Net.pollConnectNow(Net.java:682)\r\n\tat java.base/sun.nio.ch.NioSocketImpl.timedFinishConnect(NioSocketImpl.java:542)\r\n\tat java.base/sun.nio.ch.NioSocketImpl.connect(NioSocketImpl.java:592)\r\n\tat java.base/java.net.SocksSocketImpl.connect(SocksSocketImpl.java:327)\r\n\tat java.base/java.net.Socket.connect(Socket.java:751)\r\n\tat org.apache.hc.client5.http.impl.io.DefaultHttpClientConnectionOperator.connect(DefaultHttpClientConnectionOperator.java:216)\r\n\tat org.apache.hc.client5.http.impl.io.PoolingHttpClientConnectionManager.connect(PoolingHttpClientConnectionManager.java:490)\r\n\tat org.apache.hc.client5.http.impl.classic.InternalExecRuntime.connectEndpoint(InternalExecRuntime.java:164)\r\n\tat org.apache.hc.client5.http.impl.classic.InternalExecRuntime.connectEndpoint(InternalExecRuntime.java:174)\r\n\tat org.apache.hc.client5.http.impl.classic.ConnectExec.execute(ConnectExec.java:144)\r\n\tat org.apache.hc.client5.http.impl.classic.ExecChainElement.execute(ExecChainElement.java:51)\r\n\tat org.apache.hc.client5.http.impl.classic.ProtocolExec.execute(ProtocolExec.java:192)\r\n\tat org.apache.hc.client5.http.impl.classic.ExecChainElement.execute(ExecChainElement.java:51)\r\n\tat org.apache.hc.client5.http.impl.classic.ContentCompressionExec.execute(ContentCompressionExec.java:150)\r\n\tat org.apache.hc.client5.http.impl.classic.ExecChainElement.execute(ExecChainElement.java:51)\r\n\tat org.apache.hc.client5.http.impl.classic.HttpRequestRetryExec.execute(HttpRequestRetryExec.java:113)\r\n\tat org.apache.hc.client5.http.impl.classic.ExecChainElement.execute(ExecChainElement.java:51)\r\n\tat org.apache.hc.client5.http.impl.classic.RedirectExec.execute(RedirectExec.java:110)\r\n\tat org.apache.hc.client5.http.impl.classic.ExecChainElement.execute(ExecChainElement.java:51)\r\n\tat org.apache.hc.client5.http.impl.classic.InternalHttpClient.doExecute(InternalHttpClient.java:174)\r\n\tat org.apache.hc.client5.http.impl.classic.CloseableHttpClient.execute(CloseableHttpClient.java:87)\r\n\tat org.apache.hc.client5.http.impl.classic.CloseableHttpClient.execute(CloseableHttpClient.java:55)\r\n\tat org.apache.hc.client5.http.classic.HttpClient.executeOpen(HttpClient.java:183)\r\n\tat org.springframework.http.client.HttpComponentsClientHttpRequest.executeInternal(HttpComponentsClientHttpRequest.java:99)\r\n\tat org.springframework.http.client.AbstractStreamingClientHttpRequest.executeInternal(AbstractStreamingClientHttpRequest.java:71)\r\n\tat org.springframework.http.client.AbstractClientHttpRequest.execute(AbstractClientHttpRequest.java:81)\r\n\tat org.springframework.http.client.InterceptingClientHttpRequest$InterceptingRequestExecution.execute(InterceptingClientHttpRequest.java:117)\r\n\tat org.springframework.cloud.netflix.eureka.http.RestTemplateTransportClientFactory.lambda$restTemplate$2(RestTemplateTransportClientFactory.java:145)\r\n\tat org.springframework.http.client.InterceptingClientHttpRequest$InterceptingRequestExecution.execute(InterceptingClientHttpRequest.java:88)\r\n\tat org.springframework.http.client.InterceptingClientHttpRequest.executeInternal(InterceptingClientHttpRequest.java:72)\r\n\tat org.springframework.http.client.AbstractBufferingClientHttpRequest.executeInternal(AbstractBufferingClientHttpRequest.java:48)\r\n\tat org.springframework.http.client.AbstractClientHttpRequest.execute(AbstractClientHttpRequest.java:81)\r\n\tat org.springframework.web.client.RestTemplate.doExecute(RestTemplate.java:900)\r\n\t... 22 more\r\n","service":"fms-auth","version":"1.0.0","environment":"default"}
{"@timestamp":"2025-12-08T16:57:07.0507414+05:30","level":"WARN","logger_name":"com.netflix.discovery.shared.transport.decorator.RetryableEurekaHttpClient","message":"Request execution failed with message: I/O error on GET request for \"http://localhost:8761/eureka/apps/delta\": Connect to http://localhost:8761 [localhost/127.0.0.1, localhost/0:0:0:0:0:0:0:1] failed: Connection refused: getsockopt","service":"fms-auth","version":"1.0.0","environment":"default"}
{"@timestamp":"2025-12-08T16:57:07.0657415+05:30","level":"INFO","logger_name":"com.netflix.discovery.shared.transport.decorator.RedirectingEurekaHttpClient","message":"Request execution error. endpoint=DefaultEndpoint{ serviceUrl='http://localhost:8761/eureka/}, exception=I/O error on GET request for \"http://localhost:8761/eureka/apps/delta\": Connect to http://localhost:8761 [localhost/127.0.0.1, localhost/0:0:0:0:0:0:0:1] failed: Connection refused: getsockopt stacktrace=org.springframework.web.client.ResourceAccessException: I/O error on GET request for \"http://localhost:8761/eureka/apps/delta\": Connect to http://localhost:8761 [localhost/127.0.0.1, localhost/0:0:0:0:0:0:0:1] failed: Connection refused: getsockopt\r\n\tat org.springframework.web.client.RestTemplate.createResourceAccessException(RestTemplate.java:926)\r\n\tat org.springframework.web.client.RestTemplate.doExecute(RestTemplate.java:906)\r\n\tat org.springframework.web.client.RestTemplate.execute(RestTemplate.java:841)\r\n\tat org.springframework.web.client.RestTemplate.exchange(RestTemplate.java:702)\r\n\tat org.springframework.cloud.netflix.eureka.http.RestTemplateEurekaHttpClient.getApplicationsInternal(RestTemplateEurekaHttpClient.java:174)\r\n\tat org.springframework.cloud.netflix.eureka.http.RestTemplateEurekaHttpClient.getDelta(RestTemplateEurekaHttpClient.java:186)\r\n\tat com.netflix.discovery.shared.transport.decorator.EurekaHttpClientDecorator$7.execute(EurekaHttpClientDecorator.java:152)\r\n\tat com.netflix.discovery.shared.transport.decorator.RedirectingEurekaHttpClient.executeOnNewServer(RedirectingEurekaHttpClient.java:121)\r\n\tat com.netflix.discovery.shared.transport.decorator.RedirectingEurekaHttpClient.execute(RedirectingEurekaHttpClient.java:80)\r\n\tat com.netflix.discovery.shared.transport.decorator.EurekaHttpClientDecorator.getDelta(EurekaHttpClientDecorator.java:149)\r\n\tat com.netflix.discovery.shared.transport.decorator.EurekaHttpClientDecorator$7.execute(EurekaHttpClientDecorator.java:152)\r\n\tat com.netflix.discovery.shared.transport.decorator.RetryableEurekaHttpClient.execute(RetryableEurekaHttpClient.java:120)\r\n\tat com.netflix.discovery.shared.transport.decorator.EurekaHttpClientDecorator.getDelta(EurekaHttpClientDecorator.java:149)\r\n\tat com.netflix.discovery.shared.transport.decorator.EurekaHttpClientDecorator$7.execute(EurekaHttpClientDecorator.java:152)\r\n\tat com.netflix.discovery.shared.transport.decorator.SessionedEurekaHttpClient.execute(SessionedEurekaHttpClient.java:76)\r\n\tat com.netflix.discovery.shared.transport.decorator.EurekaHttpClientDecorator.getDelta(EurekaHttpClientDecorator.java:149)\r\n\tat com.netflix.discovery.DiscoveryClient.getAndUpdateDelta(DiscoveryClient.java:1080)\r\n\tat com.netflix.discovery.DiscoveryClient.fetchRegistry(DiscoveryClient.java:963)\r\n\tat com.netflix.discovery.DiscoveryClient.refreshRegistry(DiscoveryClient.java:1473)\r\n\tat com.netflix.discovery.DiscoveryClient$CacheRefreshThread.run(DiscoveryClient.java:1441)\r\n\tat java.base/java.util.concurrent.Executors$RunnableAdapter.call(Executors.java:572)\r\n\tat java.base/java.util.concurrent.FutureTask.run(FutureTask.java:317)\r\n\tat java.base/java.util.concurrent.ThreadPoolExecutor.runWorker(ThreadPoolExecutor.java:1144)\r\n\tat java.base/java.util.concurrent.ThreadPoolExecutor$Worker.run(ThreadPoolExecutor.java:642)\r\n\tat java.base/java.lang.Thread.run(Thread.java:1583)\r\nCaused by: org.apache.hc.client5.http.HttpHostConnectException: Connect to http://localhost:8761 [localhost/127.0.0.1, localhost/0:0:0:0:0:0:0:1] failed: Connection refused: getsockopt\r\n\tat java.base/sun.nio.ch.Net.pollConnect(Native Method)\r\n\tat java.base/sun.nio.ch.Net.pollConnectNow(Net.java:682)\r\n\tat java.base/sun.nio.ch.NioSocketImpl.timedFinishConnect(NioSocketImpl.java:542)\r\n\tat java.base/sun.nio.ch.NioSocketImpl.connect(NioSocketImpl.java:592)\r\n\tat java.base/java.net.SocksSocketImpl.connect(SocksSocketImpl.java:327)\r\n\tat java.base/java.net.Socket.connect(Socket.java:751)\r\n\tat org.apache.hc.client5.http.impl.io.DefaultHttpClientConnectionOperator.connect(DefaultHttpClientConnectionOperator.java:216)\r\n\tat org.apache.hc.client5.http.impl.io.PoolingHttpClientConnectionManager.connect(PoolingHttpClientConnectionManager.java:490)\r\n\tat org.apache.hc.client5.http.impl.classic.InternalExecRuntime.connectEndpoint(InternalExecRuntime.java:164)\r\n\tat org.apache.hc.client5.http.impl.classic.InternalExecRuntime.connectEndpoint(InternalExecRuntime.java:174)\r\n\tat org.apache.hc.client5.http.impl.classic.ConnectExec.execute(ConnectExec.java:144)\r\n\tat org.apache.hc.client5.http.impl.classic.ExecChainElement.execute(ExecChainElement.java:51)\r\n\tat org.apache.hc.client5.http.impl.classic.ProtocolExec.execute(ProtocolExec.java:192)\r\n\tat org.apache.hc.client5.http.impl.classic.ExecChainElement.execute(ExecChainElement.java:51)\r\n\tat org.apache.hc.client5.http.impl.classic.ContentCompressionExec.execute(ContentCompressionExec.java:150)\r\n\tat org.apache.hc.client5.http.impl.classic.ExecChainElement.execute(ExecChainElement.java:51)\r\n\tat org.apache.hc.client5.http.impl.classic.HttpRequestRetryExec.execute(HttpRequestRetryExec.java:113)\r\n\tat org.apache.hc.client5.http.impl.classic.ExecChainElement.execute(ExecChainElement.java:51)\r\n\tat org.apache.hc.client5.http.impl.classic.RedirectExec.execute(RedirectExec.java:110)\r\n\tat org.apache.hc.client5.http.impl.classic.ExecChainElement.execute(ExecChainElement.java:51)\r\n\tat org.apache.hc.client5.http.impl.classic.InternalHttpClient.doExecute(InternalHttpClient.java:174)\r\n\tat org.apache.hc.client5.http.impl.classic.CloseableHttpClient.execute(CloseableHttpClient.java:87)\r\n\tat org.apache.hc.client5.http.impl.classic.CloseableHttpClient.execute(CloseableHttpClient.java:55)\r\n\tat org.apache.hc.client5.http.classic.HttpClient.executeOpen(HttpClient.java:183)\r\n\tat org.springframework.http.client.HttpComponentsClientHttpRequest.executeInternal(HttpComponentsClientHttpRequest.java:99)\r\n\tat org.springframework.http.client.AbstractStreamingClientHttpRequest.executeInternal(AbstractStreamingClientHttpRequest.java:71)\r\n\tat org.springframework.http.client.AbstractClientHttpRequest.execute(AbstractClientHttpRequest.java:81)\r\n\tat org.springframework.http.client.InterceptingClientHttpRequest$InterceptingRequestExecution.execute(InterceptingClientHttpRequest.java:117)\r\n\tat org.springframework.cloud.netflix.eureka.http.RestTemplateTransportClientFactory.lambda$restTemplate$2(RestTemplateTransportClientFactory.java:145)\r\n\tat org.springframework.http.client.InterceptingClientHttpRequest$InterceptingRequestExecution.execute(InterceptingClientHttpRequest.java:88)\r\n\tat org.springframework.http.client.InterceptingClientHttpRequest.executeInternal(InterceptingClientHttpRequest.java:72)\r\n\tat org.springframework.http.client.AbstractBufferingClientHttpRequest.executeInternal(AbstractBufferingClientHttpRequest.java:48)\r\n\tat org.springframework.http.client.AbstractClientHttpRequest.execute(AbstractClientHttpRequest.java:81)\r\n\tat org.springframework.web.client.RestTemplate.doExecute(RestTemplate.java:900)\r\n\t... 23 more\r\n","service":"fms-auth","version":"1.0.0","environment":"default"}
{"@timestamp":"2025-12-08T16:57:07.0667417+05:30","level":"WARN","logger_name":"com.netflix.discovery.shared.transport.decorator.RetryableEurekaHttpClient","message":"Request execution failed with message: I/O error on GET request for \"http://localhost:8761/eureka/apps/delta\": Connect to http://localhost:8761 [localhost/127.0.0.1, localhost/0:0:0:0:0:0:0:1] failed: Connection refused: getsockopt","service":"fms-auth","version":"1.0.0","environment":"default"}
{"@timestamp":"2025-12-08T16:57:07.0667417+05:30","level":"INFO","logger_name":"com.netflix.discovery.DiscoveryClient","message":"DiscoveryClient_FMS_AUTH/KAVINDA5242.mshome.net:fms_auth:8085 - was unable to refresh its cache! This periodic background refresh will be retried in 30 seconds. status = Cannot execute request on any known server stacktrace = com.netflix.discovery.shared.transport.TransportException: Cannot execute request on any known server\r\n\tat com.netflix.discovery.shared.transport.decorator.RetryableEurekaHttpClient.execute(RetryableEurekaHttpClient.java:112)\r\n\tat com.netflix.discovery.shared.transport.decorator.EurekaHttpClientDecorator.getDelta(EurekaHttpClientDecorator.java:149)\r\n\tat com.netflix.discovery.shared.transport.decorator.EurekaHttpClientDecorator$7.execute(EurekaHttpClientDecorator.java:152)\r\n\tat com.netflix.discovery.shared.transport.decorator.SessionedEurekaHttpClient.execute(SessionedEurekaHttpClient.java:76)\r\n\tat com.netflix.discovery.shared.transport.decorator.EurekaHttpClientDecorator.getDelta(EurekaHttpClientDecorator.java:149)\r\n\tat com.netflix.discovery.DiscoveryClient.getAndUpdateDelta(DiscoveryClient.java:1080)\r\n\tat com.netflix.discovery.DiscoveryClient.fetchRegistry(DiscoveryClient.java:963)\r\n\tat com.netflix.discovery.DiscoveryClient.refreshRegistry(DiscoveryClient.java:1473)\r\n\tat com.netflix.discovery.DiscoveryClient$CacheRefreshThread.run(DiscoveryClient.java:1441)\r\n\tat java.base/java.util.concurrent.Executors$RunnableAdapter.call(Executors.java:572)\r\n\tat java.base/java.util.concurrent.FutureTask.run(FutureTask.java:317)\r\n\tat java.base/java.util.concurrent.ThreadPoolExecutor.runWorker(ThreadPoolExecutor.java:1144)\r\n\tat java.base/java.util.concurrent.ThreadPoolExecutor$Worker.run(ThreadPoolExecutor.java:642)\r\n\tat java.base/java.lang.Thread.run(Thread.java:1583)\r\n","service":"fms-auth","version":"1.0.0","environment":"default"}
{"@timestamp":"2025-12-08T16:57:07.699745+05:30","level":"INFO","logger_name":"com.netflix.discovery.shared.transport.decorator.RedirectingEurekaHttpClient","message":"Request execution error. endpoint=DefaultEndpoint{ serviceUrl='http://localhost:8761/eureka/} exception=I/O error on PUT request for \"http://localhost:8761/eureka/apps/FMS_AUTH/KAVINDA5242.mshome.net:fms_auth:8085\": Connect to http://localhost:8761 [localhost/127.0.0.1, localhost/0:0:0:0:0:0:0:1] failed: Connection refused: getsockopt stacktrace=org.springframework.web.client.ResourceAccessException: I/O error on PUT request for \"http://localhost:8761/eureka/apps/FMS_AUTH/KAVINDA5242.mshome.net:fms_auth:8085\": Connect to http://localhost:8761 [localhost/127.0.0.1, localhost/0:0:0:0:0:0:0:1] failed: Connection refused: getsockopt\r\n\tat org.springframework.web.client.RestTemplate.createResourceAccessException(RestTemplate.java:926)\r\n\tat org.springframework.web.client.RestTemplate.doExecute(RestTemplate.java:906)\r\n\tat org.springframework.web.client.RestTemplate.execute(RestTemplate.java:841)\r\n\tat org.springframework.web.client.RestTemplate.exchange(RestTemplate.java:702)\r\n\tat org.springframework.cloud.netflix.eureka.http.RestTemplateEurekaHttpClient.sendHeartBeat(RestTemplateEurekaHttpClient.java:119)\r\n\tat com.netflix.discovery.shared.transport.decorator.EurekaHttpClientDecorator$3.execute(EurekaHttpClientDecorator.java:92)\r\n\tat com.netflix.discovery.shared.transport.decorator.RedirectingEurekaHttpClient.execute(RedirectingEurekaHttpClient.java:91)\r\n\tat com.netflix.discovery.shared.transport.decorator.EurekaHttpClientDecorator.sendHeartBeat(EurekaHttpClientDecorator.java:89)\r\n\tat com.netflix.discovery.shared.transport.decorator.EurekaHttpClientDecorator$3.execute(EurekaHttpClientDecorator.java:92)\r\n\tat com.netflix.discovery.shared.transport.decorator.RetryableEurekaHttpClient.execute(RetryableEurekaHttpClient.java:120)\r\n\tat com.netflix.discovery.shared.transport.decorator.EurekaHttpClientDecorator.sendHeartBeat(EurekaHttpClientDecorator.java:89)\r\n\tat com.netflix.discovery.shared.transport.decorator.EurekaHttpClientDecorator$3.execute(EurekaHttpClientDecorator.java:92)\r\n\tat com.netflix.discovery.shared.transport.decorator.SessionedEurekaHttpClient.execute(SessionedEurekaHttpClient.java:76)\r\n\tat com.netflix.discovery.shared.transport.decorator.EurekaHttpClientDecorator.sendHeartBeat(EurekaHttpClientDecorator.java:89)\r\n\tat com.netflix.discovery.DiscoveryClient.renew(DiscoveryClient.java:845)\r\n\tat com.netflix.discovery.DiscoveryClient$HeartbeatThread.run(DiscoveryClient.java:1402)\r\n\tat java.base/java.util.concurrent.Executors$RunnableAdapter.call(Executors.java:572)\r\n\tat java.base/java.util.concurrent.FutureTask.run(FutureTask.java:317)\r\n\tat java.base/java.util.concurrent.ThreadPoolExecutor.runWorker(ThreadPoolExecutor.java:1144)\r\n\tat java.base/java.util.concurrent.ThreadPoolExecutor$Worker.run(ThreadPoolExecutor.java:642)\r\n\tat java.base/java.lang.Thread.run(Thread.java:1583)\r\nCaused by: org.apache.hc.client5.http.HttpHostConnectException: Connect to http://localhost:8761 [localhost/127.0.0.1, localhost/0:0:0:0:0:0:0:1] failed: Connection refused: getsockopt\r\n\tat java.base/sun.nio.ch.Net.pollConnect(Native Method)\r\n\tat java.base/sun.nio.ch.Net.pollConnectNow(Net.java:682)\r\n\tat java.base/sun.nio.ch.NioSocketImpl.timedFinishConnect(NioSocketImpl.java:542)\r\n\tat java.base/sun.nio.ch.NioSocketImpl.connect(NioSocketImpl.java:592)\r\n\tat java.base/java.net.SocksSocketImpl.connect(SocksSocketImpl.java:327)\r\n\tat java.base/java.net.Socket.connect(Socket.java:751)\r\n\tat org.apache.hc.client5.http.impl.io.DefaultHttpClientConnectionOperator.connect(DefaultHttpClientConnectionOperator.java:216)\r\n\tat org.apache.hc.client5.http.impl.io.PoolingHttpClientConnectionManager.connect(PoolingHttpClientConnectionManager.java:490)\r\n\tat org.apache.hc.client5.http.impl.classic.InternalExecRuntime.connectEndpoint(InternalExecRuntime.java:164)\r\n\tat org.apache.hc.client5.http.impl.classic.InternalExecRuntime.connectEndpoint(InternalExecRuntime.java:174)\r\n\tat org.apache.hc.client5.http.impl.classic.ConnectExec.execute(ConnectExec.java:144)\r\n\tat org.apache.hc.client5.http.impl.classic.ExecChainElement.execute(ExecChainElement.java:51)\r\n\tat org.apache.hc.client5.http.impl.classic.ProtocolExec.execute(ProtocolExec.java:192)\r\n\tat org.apache.hc.client5.http.impl.classic.ExecChainElement.execute(ExecChainElement.java:51)\r\n\tat org.apache.hc.client5.http.impl.classic.ContentCompressionExec.execute(ContentCompressionExec.java:150)\r\n\tat org.apache.hc.client5.http.impl.classic.ExecChainElement.execute(ExecChainElement.java:51)\r\n\tat org.apache.hc.client5.http.impl.classic.HttpRequestRetryExec.execute(HttpRequestRetryExec.java:113)\r\n\tat org.apache.hc.client5.http.impl.classic.ExecChainElement.execute(ExecChainElement.java:51)\r\n\tat org.apache.hc.client5.http.impl.classic.RedirectExec.execute(RedirectExec.java:110)\r\n\tat org.apache.hc.client5.http.impl.classic.ExecChainElement.execute(ExecChainElement.java:51)\r\n\tat org.apache.hc.client5.http.impl.classic.InternalHttpClient.doExecute(InternalHttpClient.java:174)\r\n\tat org.apache.hc.client5.http.impl.classic.CloseableHttpClient.execute(CloseableHttpClient.java:87)\r\n\tat org.apache.hc.client5.http.impl.classic.CloseableHttpClient.execute(CloseableHttpClient.java:55)\r\n\tat org.apache.hc.client5.http.classic.HttpClient.executeOpen(HttpClient.java:183)\r\n\tat org.springframework.http.client.HttpComponentsClientHttpRequest.executeInternal(HttpComponentsClientHttpRequest.java:99)\r\n\tat org.springframework.http.client.AbstractStreamingClientHttpRequest.executeInternal(AbstractStreamingClientHttpRequest.java:71)\r\n\tat org.springframework.http.client.AbstractClientHttpRequest.execute(AbstractClientHttpRequest.java:81)\r\n\tat org.springframework.http.client.InterceptingClientHttpRequest$InterceptingRequestExecution.execute(InterceptingClientHttpRequest.java:117)\r\n\tat org.springframework.cloud.netflix.eureka.http.RestTemplateTransportClientFactory.lambda$restTemplate$2(RestTemplateTransportClientFactory.java:145)\r\n\tat org.springframework.http.client.InterceptingClientHttpRequest$InterceptingRequestExecution.execute(InterceptingClientHttpRequest.java:88)\r\n\tat org.springframework.http.client.InterceptingClientHttpRequest.executeInternal(InterceptingClientHttpRequest.java:72)\r\n\tat org.springframework.http.client.AbstractBufferingClientHttpRequest.executeInternal(AbstractBufferingClientHttpRequest.java:48)\r\n\tat org.springframework.http.client.AbstractClientHttpRequest.execute(AbstractClientHttpRequest.java:81)\r\n\tat org.springframework.web.client.RestTemplate.doExecute(RestTemplate.java:900)\r\n\t... 19 more\r\n","service":"fms-auth","version":"1.0.0","environment":"default"}
{"@timestamp":"2025-12-08T16:57:07.7017522+05:30","level":"WARN","logger_name":"com.netflix.discovery.shared.transport.decorator.RetryableEurekaHttpClient","message":"Request execution failed with message: I/O error on PUT request for \"http://localhost:8761/eureka/apps/FMS_AUTH/KAVINDA5242.mshome.net:fms_auth:8085\": Connect to http://localhost:8761 [localhost/127.0.0.1, localhost/0:0:0:0:0:0:0:1] failed: Connection refused: getsockopt","service":"fms-auth","version":"1.0.0","environment":"default"}
{"@timestamp":"2025-12-08T16:57:07.7387093+05:30","level":"INFO","logger_name":"com.netflix.discovery.shared.transport.decorator.RedirectingEurekaHttpClient","message":"Request execution error. endpoint=DefaultEndpoint{ serviceUrl='http://localhost:8761/eureka/}, exception=I/O error on PUT request for \"http://localhost:8761/eureka/apps/FMS_AUTH/KAVINDA5242.mshome.net:fms_auth:8085\": Connect to http://localhost:8761 [localhost/127.0.0.1, localhost/0:0:0:0:0:0:0:1] failed: Connection refused: getsockopt stacktrace=org.springframework.web.client.ResourceAccessException: I/O error on PUT request for \"http://localhost:8761/eureka/apps/FMS_AUTH/KAVINDA5242.mshome.net:fms_auth:8085\": Connect to http://localhost:8761 [localhost/127.0.0.1, localhost/0:0:0:0:0:0:0:1] failed: Connection refused: getsockopt\r\n\tat org.springframework.web.client.RestTemplate.createResourceAccessException(RestTemplate.java:926)\r\n\tat org.springframework.web.client.RestTemplate.doExecute(RestTemplate.java:906)\r\n\tat org.springframework.web.client.RestTemplate.execute(RestTemplate.java:841)\r\n\tat org.springframework.web.client.RestTemplate.exchange(RestTemplate.java:702)\r\n\tat org.springframework.cloud.netflix.eureka.http.RestTemplateEurekaHttpClient.sendHeartBeat(RestTemplateEurekaHttpClient.java:119)\r\n\tat com.netflix.discovery.shared.transport.decorator.EurekaHttpClientDecorator$3.execute(EurekaHttpClientDecorator.java:92)\r\n\tat com.netflix.discovery.shared.transport.decorator.RedirectingEurekaHttpClient.executeOnNewServer(RedirectingEurekaHttpClient.java:121)\r\n\tat com.netflix.discovery.shared.transport.decorator.RedirectingEurekaHttpClient.execute(RedirectingEurekaHttpClient.java:80)\r\n\tat com.netflix.discovery.shared.transport.decorator.EurekaHttpClientDecorator.sendHeartBeat(EurekaHttpClientDecorator.java:89)\r\n\tat com.netflix.discovery.shared.transport.decorator.EurekaHttpClientDecorator$3.execute(EurekaHttpClientDecorator.java:92)\r\n\tat com.netflix.discovery.shared.transport.decorator.RetryableEurekaHttpClient.execute(RetryableEurekaHttpClient.java:120)\r\n\tat com.netflix.discovery.shared.transport.decorator.EurekaHttpClientDecorator.sendHeartBeat(EurekaHttpClientDecorator.java:89)\r\n\tat com.netflix.discovery.shared.transport.decorator.EurekaHttpClientDecorator$3.execute(EurekaHttpClientDecorator.java:92)\r\n\tat com.netflix.discovery.shared.transport.decorator.SessionedEurekaHttpClient.execute(SessionedEurekaHttpClient.java:76)\r\n\tat com.netflix.discovery.shared.transport.decorator.EurekaHttpClientDecorator.sendHeartBeat(EurekaHttpClientDecorator.java:89)\r\n\tat com.netflix.discovery.DiscoveryClient.renew(DiscoveryClient.java:845)\r\n\tat com.netflix.discovery.DiscoveryClient$HeartbeatThread.run(DiscoveryClient.java:1402)\r\n\tat java.base/java.util.concurrent.Executors$RunnableAdapter.call(Executors.java:572)\r\n\tat java.base/java.util.concurrent.FutureTask.run(FutureTask.java:317)\r\n\tat java.base/java.util.concurrent.ThreadPoolExecutor.runWorker(ThreadPoolExecutor.java:1144)\r\n\tat java.base/java.util.concurrent.ThreadPoolExecutor$Worker.run(ThreadPoolExecutor.java:642)\r\n\tat java.base/java.lang.Thread.run(Thread.java:1583)\r\nCaused by: org.apache.hc.client5.http.HttpHostConnectException: Connect to http://localhost:8761 [localhost/127.0.0.1, localhost/0:0:0:0:0:0:0:1] failed: Connection refused: getsockopt\r\n\tat java.base/sun.nio.ch.Net.pollConnect(Native Method)\r\n\tat java.base/sun.nio.ch.Net.pollConnectNow(Net.java:682)\r\n\tat java.base/sun.nio.ch.NioSocketImpl.timedFinishConnect(NioSocketImpl.java:542)\r\n\tat java.base/sun.nio.ch.NioSocketImpl.connect(NioSocketImpl.java:592)\r\n\tat java.base/java.net.SocksSocketImpl.connect(SocksSocketImpl.java:327)\r\n\tat java.base/java.net.Socket.connect(Socket.java:751)\r\n\tat org.apache.hc.client5.http.impl.io.DefaultHttpClientConnectionOperator.connect(DefaultHttpClientConnectionOperator.java:216)\r\n\tat org.apache.hc.client5.http.impl.io.PoolingHttpClientConnectionManager.connect(PoolingHttpClientConnectionManager.java:490)\r\n\tat org.apache.hc.client5.http.impl.classic.InternalExecRuntime.connectEndpoint(InternalExecRuntime.java:164)\r\n\tat org.apache.hc.client5.http.impl.classic.InternalExecRuntime.connectEndpoint(InternalExecRuntime.java:174)\r\n\tat org.apache.hc.client5.http.impl.classic.ConnectExec.execute(ConnectExec.java:144)\r\n\tat org.apache.hc.client5.http.impl.classic.ExecChainElement.execute(ExecChainElement.java:51)\r\n\tat org.apache.hc.client5.http.impl.classic.ProtocolExec.execute(ProtocolExec.java:192)\r\n\tat org.apache.hc.client5.http.impl.classic.ExecChainElement.execute(ExecChainElement.java:51)\r\n\tat org.apache.hc.client5.http.impl.classic.ContentCompressionExec.execute(ContentCompressionExec.java:150)\r\n\tat org.apache.hc.client5.http.impl.classic.ExecChainElement.execute(ExecChainElement.java:51)\r\n\tat org.apache.hc.client5.http.impl.classic.HttpRequestRetryExec.execute(HttpRequestRetryExec.java:113)\r\n\tat org.apache.hc.client5.http.impl.classic.ExecChainElement.execute(ExecChainElement.java:51)\r\n\tat org.apache.hc.client5.http.impl.classic.RedirectExec.execute(RedirectExec.java:110)\r\n\tat org.apache.hc.client5.http.impl.classic.ExecChainElement.execute(ExecChainElement.java:51)\r\n\tat org.apache.hc.client5.http.impl.classic.InternalHttpClient.doExecute(InternalHttpClient.java:174)\r\n\tat org.apache.hc.client5.http.impl.classic.CloseableHttpClient.execute(CloseableHttpClient.java:87)\r\n\tat org.apache.hc.client5.http.impl.classic.CloseableHttpClient.execute(CloseableHttpClient.java:55)\r\n\tat org.apache.hc.client5.http.classic.HttpClient.executeOpen(HttpClient.java:183)\r\n\tat org.springframework.http.client.HttpComponentsClientHttpRequest.executeInternal(HttpComponentsClientHttpRequest.java:99)\r\n\tat org.springframework.http.client.AbstractStreamingClientHttpRequest.executeInternal(AbstractStreamingClientHttpRequest.java:71)\r\n\tat org.springframework.http.client.AbstractClientHttpRequest.execute(AbstractClientHttpRequest.java:81)\r\n\tat org.springframework.http.client.InterceptingClientHttpRequest$InterceptingRequestExecution.execute(InterceptingClientHttpRequest.java:117)\r\n\tat org.springframework.cloud.netflix.eureka.http.RestTemplateTransportClientFactory.lambda$restTemplate$2(RestTemplateTransportClientFactory.java:145)\r\n\tat org.springframework.http.client.InterceptingClientHttpRequest$InterceptingRequestExecution.execute(InterceptingClientHttpRequest.java:88)\r\n\tat org.springframework.http.client.InterceptingClientHttpRequest.executeInternal(InterceptingClientHttpRequest.java:72)\r\n\tat org.springframework.http.client.AbstractBufferingClientHttpRequest.executeInternal(AbstractBufferingClientHttpRequest.java:48)\r\n\tat org.springframework.http.client.AbstractClientHttpRequest.execute(AbstractClientHttpRequest.java:81)\r\n\tat org.springframework.web.client.RestTemplate.doExecute(RestTemplate.java:900)\r\n\t... 20 more\r\n","service":"fms-auth","version":"1.0.0","environment":"default"}
{"@timestamp":"2025-12-08T16:57:07.739709+05:30","level":"WARN","logger_name":"com.netflix.discovery.shared.transport.decorator.RetryableEurekaHttpClient","message":"Request execution failed with message: I/O error on PUT request for \"http://localhost:8761/eureka/apps/FMS_AUTH/KAVINDA5242.mshome.net:fms_auth:8085\": Connect to http://localhost:8761 [localhost/127.0.0.1, localhost/0:0:0:0:0:0:0:1] failed: Connection refused: getsockopt","service":"fms-auth","version":"1.0.0","environment":"default"}
{"@timestamp":"2025-12-08T16:57:07.739709+05:30","level":"ERROR","logger_name":"com.netflix.discovery.DiscoveryClient","message":"DiscoveryClient_FMS_AUTH/KAVINDA5242.mshome.net:fms_auth:8085 - was unable to send heartbeat!","service":"fms-auth","version":"1.0.0","environment":"default"}
{"@timestamp":"2025-12-08T16:57:29.3033888+05:30","level":"INFO","logger_name":"org.springframework.cloud.netflix.eureka.serviceregistry.EurekaServiceRegistry","message":"Unregistering application FMS_AUTH with eureka with status DOWN","service":"fms-auth","version":"1.0.0","environment":"default"}
{"@timestamp":"2025-12-08T16:57:29.3053892+05:30","level":"INFO","logger_name":"com.netflix.discovery.DiscoveryClient","message":"Saw local status change event StatusChangeEvent [timestamp=1765193249305, current=DOWN, previous=UP]","service":"fms-auth","version":"1.0.0","environment":"default"}
{"@timestamp":"2025-12-08T16:57:29.3063966+05:30","level":"INFO","logger_name":"com.netflix.discovery.DiscoveryClient","message":"DiscoveryClient_FMS_AUTH/KAVINDA5242.mshome.net:fms_auth:8085: registering service...","service":"fms-auth","version":"1.0.0","environment":"default"}
{"@timestamp":"2025-12-08T16:57:29.3253896+05:30","level":"INFO","logger_name":"com.netflix.discovery.shared.transport.decorator.RedirectingEurekaHttpClient","message":"Request execution error. endpoint=DefaultEndpoint{ serviceUrl='http://localhost:8761/eureka/}, exception=I/O error on POST request for \"http://localhost:8761/eureka/apps/FMS_AUTH\": Connect to http://localhost:8761 [localhost/127.0.0.1, localhost/0:0:0:0:0:0:0:1] failed: Connection refused: getsockopt stacktrace=org.springframework.web.client.ResourceAccessException: I/O error on POST request for \"http://localhost:8761/eureka/apps/FMS_AUTH\": Connect to http://localhost:8761 [localhost/127.0.0.1, localhost/0:0:0:0:0:0:0:1] failed: Connection refused: getsockopt\r\n\tat org.springframework.web.client.RestTemplate.createResourceAccessException(RestTemplate.java:926)\r\n\tat org.springframework.web.client.RestTemplate.doExecute(RestTemplate.java:906)\r\n\tat org.springframework.web.client.RestTemplate.execute(RestTemplate.java:841)\r\n\tat org.springframework.web.client.RestTemplate.exchange(RestTemplate.java:702)\r\n\tat org.springframework.cloud.netflix.eureka.http.RestTemplateEurekaHttpClient.register(RestTemplateEurekaHttpClient.java:87)\r\n\tat com.netflix.discovery.shared.transport.decorator.EurekaHttpClientDecorator$1.execute(EurekaHttpClientDecorator.java:59)\r\n\tat com.netflix.discovery.shared.transport.decorator.RedirectingEurekaHttpClient.executeOnNewServer(RedirectingEurekaHttpClient.java:121)\r\n\tat com.netflix.discovery.shared.transport.decorator.RedirectingEurekaHttpClient.execute(RedirectingEurekaHttpClient.java:80)\r\n\tat com.netflix.discovery.shared.transport.decorator.EurekaHttpClientDecorator.register(EurekaHttpClientDecorator.java:56)\r\n\tat com.netflix.discovery.shared.transport.decorator.EurekaHttpClientDecorator$1.execute(EurekaHttpClientDecorator.java:59)\r\n\tat com.netflix.discovery.shared.transport.decorator.RetryableEurekaHttpClient.execute(RetryableEurekaHttpClient.java:120)\r\n\tat com.netflix.discovery.shared.transport.decorator.EurekaHttpClientDecorator.register(EurekaHttpClientDecorator.java:56)\r\n\tat com.netflix.discovery.shared.transport.decorator.EurekaHttpClientDecorator$1.execute(EurekaHttpClientDecorator.java:59)\r\n\tat com.netflix.discovery.shared.transport.decorator.SessionedEurekaHttpClient.execute(SessionedEurekaHttpClient.java:76)\r\n\tat com.netflix.discovery.shared.transport.decorator.EurekaHttpClientDecorator.register(EurekaHttpClientDecorator.java:56)\r\n\tat com.netflix.discovery.DiscoveryClient.register(DiscoveryClient.java:828)\r\n\tat com.netflix.discovery.InstanceInfoReplicator.run(InstanceInfoReplicator.java:125)\r\n\tat com.netflix.discovery.InstanceInfoReplicator$2.run(InstanceInfoReplicator.java:105)\r\n\tat java.base/java.util.concurrent.Executors$RunnableAdapter.call(Executors.java:572)\r\n\tat java.base/java.util.concurrent.FutureTask.run(FutureTask.java:317)\r\n\tat java.base/java.util.concurrent.ScheduledThreadPoolExecutor$ScheduledFutureTask.run(ScheduledThreadPoolExecutor.java:304)\r\n\tat java.base/java.util.concurrent.ThreadPoolExecutor.runWorker(ThreadPoolExecutor.java:1144)\r\n\tat java.base/java.util.concurrent.ThreadPoolExecutor$Worker.run(ThreadPoolExecutor.java:642)\r\n\tat java.base/java.lang.Thread.run(Thread.java:1583)\r\nCaused by: org.apache.hc.client5.http.HttpHostConnectException: Connect to http://localhost:8761 [localhost/127.0.0.1, localhost/0:0:0:0:0:0:0:1] failed: Connection refused: getsockopt\r\n\tat java.base/sun.nio.ch.Net.pollConnect(Native Method)\r\n\tat java.base/sun.nio.ch.Net.pollConnectNow(Net.java:682)\r\n\tat java.base/sun.nio.ch.NioSocketImpl.timedFinishConnect(NioSocketImpl.java:542)\r\n\tat java.base/sun.nio.ch.NioSocketImpl.connect(NioSocketImpl.java:592)\r\n\tat java.base/java.net.SocksSocketImpl.connect(SocksSocketImpl.java:327)\r\n\tat java.base/java.net.Socket.connect(Socket.java:751)\r\n\tat org.apache.hc.client5.http.impl.io.DefaultHttpClientConnectionOperator.connect(DefaultHttpClientConnectionOperator.java:216)\r\n\tat org.apache.hc.client5.http.impl.io.PoolingHttpClientConnectionManager.connect(PoolingHttpClientConnectionManager.java:490)\r\n\tat org.apache.hc.client5.http.impl.classic.InternalExecRuntime.connectEndpoint(InternalExecRuntime.java:164)\r\n\tat org.apache.hc.client5.http.impl.classic.InternalExecRuntime.connectEndpoint(InternalExecRuntime.java:174)\r\n\tat org.apache.hc.client5.http.impl.classic.ConnectExec.execute(ConnectExec.java:144)\r\n\tat org.apache.hc.client5.http.impl.classic.ExecChainElement.execute(ExecChainElement.java:51)\r\n\tat org.apache.hc.client5.http.impl.classic.ProtocolExec.execute(ProtocolExec.java:192)\r\n\tat org.apache.hc.client5.http.impl.classic.ExecChainElement.execute(ExecChainElement.java:51)\r\n\tat org.apache.hc.client5.http.impl.classic.ContentCompressionExec.execute(ContentCompressionExec.java:150)\r\n\tat org.apache.hc.client5.http.impl.classic.ExecChainElement.execute(ExecChainElement.java:51)\r\n\tat org.apache.hc.client5.http.impl.classic.HttpRequestRetryExec.execute(HttpRequestRetryExec.java:113)\r\n\tat org.apache.hc.client5.http.impl.classic.ExecChainElement.execute(ExecChainElement.java:51)\r\n\tat org.apache.hc.client5.http.impl.classic.RedirectExec.execute(RedirectExec.java:110)\r\n\tat org.apache.hc.client5.http.impl.classic.ExecChainElement.execute(ExecChainElement.java:51)\r\n\tat org.apache.hc.client5.http.impl.classic.InternalHttpClient.doExecute(InternalHttpClient.java:174)\r\n\tat org.apache.hc.client5.http.impl.classic.CloseableHttpClient.execute(CloseableHttpClient.java:87)\r\n\tat org.apache.hc.client5.http.impl.classic.CloseableHttpClient.execute(CloseableHttpClient.java:55)\r\n\tat org.apache.hc.client5.http.classic.HttpClient.executeOpen(HttpClient.java:183)\r\n\tat org.springframework.http.client.HttpComponentsClientHttpRequest.executeInternal(HttpComponentsClientHttpRequest.java:99)\r\n\tat org.springframework.http.client.AbstractStreamingClientHttpRequest.executeInternal(AbstractStreamingClientHttpRequest.java:71)\r\n\tat org.springframework.http.client.AbstractClientHttpRequest.execute(AbstractClientHttpRequest.java:81)\r\n\tat org.springframework.http.client.InterceptingClientHttpRequest$InterceptingRequestExecution.execute(InterceptingClientHttpRequest.java:117)\r\n\tat org.springframework.cloud.netflix.eureka.http.RestTemplateTransportClientFactory.lambda$restTemplate$2(RestTemplateTransportClientFactory.java:145)\r\n\tat org.springframework.http.client.InterceptingClientHttpRequest$InterceptingRequestExecution.execute(InterceptingClientHttpRequest.java:88)\r\n\tat org.springframework.http.client.InterceptingClientHttpRequest.executeInternal(InterceptingClientHttpRequest.java:72)\r\n\tat org.springframework.http.client.AbstractBufferingClientHttpRequest.executeInternal(AbstractBufferingClientHttpRequest.java:48)\r\n\tat org.springframework.http.client.AbstractClientHttpRequest.execute(AbstractClientHttpRequest.java:81)\r\n\tat org.springframework.web.client.RestTemplate.doExecute(RestTemplate.java:900)\r\n\t... 22 more\r\n","service":"fms-auth","version":"1.0.0","environment":"default"}
{"@timestamp":"2025-12-08T16:57:29.3263909+05:30","level":"WARN","logger_name":"com.netflix.discovery.shared.transport.decorator.RetryableEurekaHttpClient","message":"Request execution failed with message: I/O error on POST request for \"http://localhost:8761/eureka/apps/FMS_AUTH\": Connect to http://localhost:8761 [localhost/127.0.0.1, localhost/0:0:0:0:0:0:0:1] failed: Connection refused: getsockopt","service":"fms-auth","version":"1.0.0","environment":"default"}
{"@timestamp":"2025-12-08T16:57:29.3273905+05:30","level":"WARN","logger_name":"com.netflix.discovery.DiscoveryClient","message":"DiscoveryClient_FMS_AUTH/KAVINDA5242.mshome.net:fms_auth:8085 - registration failed Cannot execute request on any known server","service":"fms-auth","version":"1.0.0","environment":"default"}
{"@timestamp":"2025-12-08T16:57:29.3273905+05:30","level":"WARN","logger_name":"com.netflix.discovery.InstanceInfoReplicator","message":"There was a problem with the instance info replicator","service":"fms-auth","version":"1.0.0","environment":"default"}
{"@timestamp":"2025-12-08T16:57:29.3773925+05:30","level":"INFO","logger_name":"org.springframework.boot.web.embedded.tomcat.GracefulShutdown","message":"Commencing graceful shutdown. Waiting for active requests to complete","service":"fms-auth","version":"1.0.0","environment":"default"}
{"@timestamp":"2025-12-08T16:57:29.3973932+05:30","level":"INFO","logger_name":"org.springframework.boot.web.embedded.tomcat.GracefulShutdown","message":"Graceful shutdown complete","service":"fms-auth","version":"1.0.0","environment":"default"}
{"@timestamp":"2025-12-08T16:57:29.4473895+05:30","level":"INFO","logger_name":"org.springframework.orm.jpa.LocalContainerEntityManagerFactoryBean","message":"Closing JPA EntityManagerFactory for persistence unit 'default'","service":"fms-auth","version":"1.0.0","environment":"default"}
{"@timestamp":"2025-12-08T16:57:29.4773881+05:30","level":"INFO","logger_name":"com.zaxxer.hikari.HikariDataSource","message":"HikariPool-1 - Shutdown initiated...","service":"fms-auth","version":"1.0.0","environment":"default"}
{"@timestamp":"2025-12-08T16:57:29.4913912+05:30","level":"INFO","logger_name":"com.zaxxer.hikari.HikariDataSource","message":"HikariPool-1 - Shutdown completed.","service":"fms-auth","version":"1.0.0","environment":"default"}
{"@timestamp":"2025-12-08T16:57:29.4983902+05:30","level":"INFO","logger_name":"com.netflix.discovery.DiscoveryClient","message":"Shutting down DiscoveryClient ...","service":"fms-auth","version":"1.0.0","environment":"default"}
{"@timestamp":"2025-12-08T16:57:32.5165209+05:30","level":"INFO","logger_name":"com.netflix.discovery.DiscoveryClient","message":"Unregistering ...","service":"fms-auth","version":"1.0.0","environment":"default"}
{"@timestamp":"2025-12-08T16:57:32.5434889+05:30","level":"INFO","logger_name":"com.netflix.discovery.shared.transport.decorator.RedirectingEurekaHttpClient","message":"Request execution error. endpoint=DefaultEndpoint{ serviceUrl='http://localhost:8761/eureka/}, exception=I/O error on DELETE request for \"http://localhost:8761/eureka/apps/FMS_AUTH/KAVINDA5242.mshome.net:fms_auth:8085\": Connect to http://localhost:8761 [localhost/127.0.0.1, localhost/0:0:0:0:0:0:0:1] failed: Connection refused: getsockopt stacktrace=org.springframework.web.client.ResourceAccessException: I/O error on DELETE request for \"http://localhost:8761/eureka/apps/FMS_AUTH/KAVINDA5242.mshome.net:fms_auth:8085\": Connect to http://localhost:8761 [localhost/127.0.0.1, localhost/0:0:0:0:0:0:0:1] failed: Connection refused: getsockopt\r\n\tat org.springframework.web.client.RestTemplate.createResourceAccessException(RestTemplate.java:926)\r\n\tat org.springframework.web.client.RestTemplate.doExecute(RestTemplate.java:906)\r\n\tat org.springframework.web.client.RestTemplate.execute(RestTemplate.java:841)\r\n\tat org.springframework.web.client.RestTemplate.exchange(RestTemplate.java:702)\r\n\tat org.springframework.cloud.netflix.eureka.http.RestTemplateEurekaHttpClient.cancel(RestTemplateEurekaHttpClient.java:100)\r\n\tat com.netflix.discovery.shared.transport.decorator.EurekaHttpClientDecorator$2.execute(EurekaHttpClientDecorator.java:74)\r\n\tat com.netflix.discovery.shared.transport.decorator.RedirectingEurekaHttpClient.executeOnNewServer(RedirectingEurekaHttpClient.java:121)\r\n\tat com.netflix.discovery.shared.transport.decorator.RedirectingEurekaHttpClient.execute(RedirectingEurekaHttpClient.java:80)\r\n\tat com.netflix.discovery.shared.transport.decorator.EurekaHttpClientDecorator.cancel(EurekaHttpClientDecorator.java:71)\r\n\tat com.netflix.discovery.shared.transport.decorator.EurekaHttpClientDecorator$2.execute(EurekaHttpClientDecorator.java:74)\r\n\tat com.netflix.discovery.shared.transport.decorator.RetryableEurekaHttpClient.execute(RetryableEurekaHttpClient.java:120)\r\n\tat com.netflix.discovery.shared.transport.decorator.EurekaHttpClientDecorator.cancel(EurekaHttpClientDecorator.java:71)\r\n\tat com.netflix.discovery.shared.transport.decorator.EurekaHttpClientDecorator$2.execute(EurekaHttpClientDecorator.java:74)\r\n\tat com.netflix.discovery.shared.transport.decorator.SessionedEurekaHttpClient.execute(SessionedEurekaHttpClient.java:76)\r\n\tat com.netflix.discovery.shared.transport.decorator.EurekaHttpClientDecorator.cancel(EurekaHttpClientDecorator.java:71)\r\n\tat com.netflix.discovery.DiscoveryClient.unregister(DiscoveryClient.java:919)\r\n\tat com.netflix.discovery.DiscoveryClient.shutdown(DiscoveryClient.java:900)\r\n\tat java.base/jdk.internal.reflect.DirectMethodHandleAccessor.invoke(DirectMethodHandleAccessor.java:103)\r\n\tat java.base/java.lang.reflect.Method.invoke(Method.java:580)\r\n\tat org.springframework.beans.factory.annotation.InitDestroyAnnotationBeanPostProcessor$LifecycleMethod.invoke(InitDestroyAnnotationBeanPostProcessor.java:457)\r\n\tat org.springframework.beans.factory.annotation.InitDestroyAnnotationBeanPostProcessor$LifecycleMetadata.invokeDestroyMethods(InitDestroyAnnotationBeanPostProcessor.java:415)\r\n\tat org.springframework.beans.factory.annotation.InitDestroyAnnotationBeanPostProcessor.postProcessBeforeDestruction(InitDestroyAnnotationBeanPostProcessor.java:239)\r\n\tat org.springframework.beans.factory.support.DisposableBeanAdapter.destroy(DisposableBeanAdapter.java:202)\r\n\tat org.springframework.beans.factory.support.DisposableBeanAdapter.run(DisposableBeanAdapter.java:195)\r\n\tat org.springframework.cloud.context.scope.GenericScope$BeanLifecycleWrapper.destroy(GenericScope.java:389)\r\n\tat org.springframework.cloud.context.scope.GenericScope.destroy(GenericScope.java:136)\r\n\tat org.springframework.beans.factory.support.DisposableBeanAdapter.destroy(DisposableBeanAdapter.java:211)\r\n\tat org.springframework.beans.factory.support.DefaultSingletonBeanRegistry.destroyBean(DefaultSingletonBeanRegistry.java:745)\r\n\tat org.springframework.beans.factory.support.DefaultSingletonBeanRegistry.destroySingleton(DefaultSingletonBeanRegistry.java:702)\r\n\tat org.springframework.beans.factory.support.DefaultListableBeanFactory.destroySingleton(DefaultListableBeanFactory.java:1401)\r\n\tat org.springframework.beans.factory.support.DefaultSingletonBeanRegistry.destroySingletons(DefaultSingletonBeanRegistry.java:661)\r\n\tat org.springframework.beans.factory.support.DefaultListableBeanFactory.destroySingletons(DefaultListableBeanFactory.java:1394)\r\n\tat org.springframework.context.support.AbstractApplicationContext.destroyBeans(AbstractApplicationContext.java:1219)\r\n\tat org.springframework.context.support.AbstractApplicationContext.doClose(AbstractApplicationContext.java:1180)\r\n\tat org.springframework.boot.web.servlet.context.ServletWebServerApplicationContext.doClose(ServletWebServerApplicationContext.java:179)\r\n\tat org.springframework.context.support.AbstractApplicationContext.close(AbstractApplicationContext.java:1126)\r\n\tat org.springframework.boot.SpringApplicationShutdownHook.closeAndWait(SpringApplicationShutdownHook.java:147)\r\n\tat java.base/java.lang.Iterable.forEach(Iterable.java:75)\r\n\tat org.springframework.boot.SpringApplicationShutdownHook.run(SpringApplicationShutdownHook.java:116)\r\n\tat java.base/java.lang.Thread.run(Thread.java:1583)\r\nCaused by: org.apache.hc.client5.http.HttpHostConnectException: Connect to http://localhost:8761 [localhost/127.0.0.1, localhost/0:0:0:0:0:0:0:1] failed: Connection refused: getsockopt\r\n\tat java.base/sun.nio.ch.Net.pollConnect(Native Method)\r\n\tat java.base/sun.nio.ch.Net.pollConnectNow(Net.java:682)\r\n\tat java.base/sun.nio.ch.NioSocketImpl.timedFinishConnect(NioSocketImpl.java:542)\r\n\tat java.base/sun.nio.ch.NioSocketImpl.connect(NioSocketImpl.java:592)\r\n\tat java.base/java.net.SocksSocketImpl.connect(SocksSocketImpl.java:327)\r\n\tat java.base/java.net.Socket.connect(Socket.java:751)\r\n\tat org.apache.hc.client5.http.impl.io.DefaultHttpClientConnectionOperator.connect(DefaultHttpClientConnectionOperator.java:216)\r\n\tat org.apache.hc.client5.http.impl.io.PoolingHttpClientConnectionManager.connect(PoolingHttpClientConnectionManager.java:490)\r\n\tat org.apache.hc.client5.http.impl.classic.InternalExecRuntime.connectEndpoint(InternalExecRuntime.java:164)\r\n\tat org.apache.hc.client5.http.impl.classic.InternalExecRuntime.connectEndpoint(InternalExecRuntime.java:174)\r\n\tat org.apache.hc.client5.http.impl.classic.ConnectExec.execute(ConnectExec.java:144)\r\n\tat org.apache.hc.client5.http.impl.classic.ExecChainElement.execute(ExecChainElement.java:51)\r\n\tat org.apache.hc.client5.http.impl.classic.ProtocolExec.execute(ProtocolExec.java:192)\r\n\tat org.apache.hc.client5.http.impl.classic.ExecChainElement.execute(ExecChainElement.java:51)\r\n\tat org.apache.hc.client5.http.impl.classic.ContentCompressionExec.execute(ContentCompressionExec.java:150)\r\n\tat org.apache.hc.client5.http.impl.classic.ExecChainElement.execute(ExecChainElement.java:51)\r\n\tat org.apache.hc.client5.http.impl.classic.HttpRequestRetryExec.execute(HttpRequestRetryExec.java:113)\r\n\tat org.apache.hc.client5.http.impl.classic.ExecChainElement.execute(ExecChainElement.java:51)\r\n\tat org.apache.hc.client5.http.impl.classic.RedirectExec.execute(RedirectExec.java:110)\r\n\tat org.apache.hc.client5.http.impl.classic.ExecChainElement.execute(ExecChainElement.java:51)\r\n\tat org.apache.hc.client5.http.impl.classic.InternalHttpClient.doExecute(InternalHttpClient.java:174)\r\n\tat org.apache.hc.client5.http.impl.classic.CloseableHttpClient.execute(CloseableHttpClient.java:87)\r\n\tat org.apache.hc.client5.http.impl.classic.CloseableHttpClient.execute(CloseableHttpClient.java:55)\r\n\tat org.apache.hc.client5.http.classic.HttpClient.executeOpen(HttpClient.java:183)\r\n\tat org.springframework.http.client.HttpComponentsClientHttpRequest.executeInternal(HttpComponentsClientHttpRequest.java:99)\r\n\tat org.springframework.http.client.AbstractStreamingClientHttpRequest.executeInternal(AbstractStreamingClientHttpRequest.java:71)\r\n\tat org.springframework.http.client.AbstractClientHttpRequest.execute(AbstractClientHttpRequest.java:81)\r\n\tat org.springframework.http.client.InterceptingClientHttpRequest$InterceptingRequestExecution.execute(InterceptingClientHttpRequest.java:117)\r\n\tat org.springframework.cloud.netflix.eureka.http.RestTemplateTransportClientFactory.lambda$restTemplate$2(RestTemplateTransportClientFactory.java:145)\r\n\tat org.springframework.http.client.InterceptingClientHttpRequest$InterceptingRequestExecution.execute(InterceptingClientHttpRequest.java:88)\r\n\tat org.springframework.http.client.InterceptingClientHttpRequest.executeInternal(InterceptingClientHttpRequest.java:72)\r\n\tat org.springframework.http.client.AbstractBufferingClientHttpRequest.executeInternal(AbstractBufferingClientHttpRequest.java:48)\r\n\tat org.springframework.http.client.AbstractClientHttpRequest.execute(AbstractClientHttpRequest.java:81)\r\n\tat org.springframework.web.client.RestTemplate.doExecute(RestTemplate.java:900)\r\n\t... 38 more\r\n","service":"fms-auth","version":"1.0.0","environment":"default"}
{"@timestamp":"2025-12-08T16:57:32.5654767+05:30","level":"WARN","logger_name":"com.netflix.discovery.shared.transport.decorator.RetryableEurekaHttpClient","message":"Request execution failed with message: I/O error on DELETE request for \"http://localhost:8761/eureka/apps/FMS_AUTH/KAVINDA5242.mshome.net:fms_auth:8085\": Connect to http://localhost:8761 [localhost/127.0.0.1, localhost/0:0:0:0:0:0:0:1] failed: Connection refused: getsockopt","service":"fms-auth","version":"1.0.0","environment":"default"}
{"@timestamp":"2025-12-08T16:57:32.5654767+05:30","level":"ERROR","logger_name":"com.netflix.discovery.DiscoveryClient","message":"DiscoveryClient_FMS_AUTH/KAVINDA5242.mshome.net:fms_auth:8085 - de-registration failedCannot execute request on any known server","service":"fms-auth","version":"1.0.0","environment":"default"}
{"@timestamp":"2025-12-08T16:57:32.5684787+05:30","level":"INFO","logger_name":"com.netflix.discovery.DiscoveryClient","message":"Completed shut down of DiscoveryClient","service":"fms-auth","version":"1.0.0","environment":"default"}
