{"@timestamp":"2025-12-08T10:44:35.074958+05:30","level":"INFO","logger_name":"net.com.fms_auth.FmsAuthApplication","message":"Starting FmsAuthApplication using Java 21.0.2 with PID 12996 (C:\\Users\\kavinda_d\\Documents\\e soft\\final project\\project\\fms backend\\fms_auth\\target\\classes started by kavinda_d in C:\\Users\\kavinda_d\\Documents\\e soft\\final project\\project\\fms backend)","service":"fms-auth","version":"1.0.0","environment":"default"}
{"@timestamp":"2025-12-08T10:44:35.1069192+05:30","level":"DEBUG","logger_name":"net.com.fms_auth.FmsAuthApplication","message":"Running with Spring Boot v3.4.4, Spring v6.2.5","service":"fms-auth","version":"1.0.0","environment":"default"}
{"@timestamp":"2025-12-08T10:44:35.1079183+05:30","level":"INFO","logger_name":"net.com.fms_auth.FmsAuthApplication","message":"No active profile set, falling back to 1 default profile: \"default\"","service":"fms-auth","version":"1.0.0","environment":"default"}
{"@timestamp":"2025-12-08T10:44:37.647238+05:30","level":"INFO","logger_name":"org.springframework.data.repository.config.RepositoryConfigurationDelegate","message":"Bootstrapping Spring Data JPA repositories in DEFAULT mode.","service":"fms-auth","version":"1.0.0","environment":"default"}
{"@timestamp":"2025-12-08T10:44:38.1372403+05:30","level":"INFO","logger_name":"org.springframework.data.repository.config.RepositoryConfigurationDelegate","message":"Finished Spring Data repository scanning in 461 ms. Found 10 JPA repository interfaces.","service":"fms-auth","version":"1.0.0","environment":"default"}
{"@timestamp":"2025-12-08T10:44:38.8226203+05:30","level":"INFO","logger_name":"org.springframework.cloud.context.scope.GenericScope","message":"BeanFactory id=17c79e29-4ce2-3445-83ce-b64912e6f20b","service":"fms-auth","version":"1.0.0","environment":"default"}
{"@timestamp":"2025-12-08T10:44:40.273563+05:30","level":"INFO","logger_name":"org.springframework.boot.web.embedded.tomcat.TomcatWebServer","message":"Tomcat initialized with port 8085 (http)","service":"fms-auth","version":"1.0.0","environment":"default"}
{"@timestamp":"2025-12-08T10:44:40.2995611+05:30","level":"INFO","logger_name":"org.apache.catalina.core.StandardService","message":"Starting service [Tomcat]","service":"fms-auth","version":"1.0.0","environment":"default"}
{"@timestamp":"2025-12-08T10:44:40.2995611+05:30","level":"INFO","logger_name":"org.apache.catalina.core.StandardEngine","message":"Starting Servlet engine: [Apache Tomcat/10.1.39]","service":"fms-auth","version":"1.0.0","environment":"default"}
{"@timestamp":"2025-12-08T10:44:40.3795579+05:30","level":"INFO","logger_name":"org.apache.catalina.core.ContainerBase.[Tomcat].[localhost].[/fms-auth-service]","message":"Initializing Spring embedded WebApplicationContext","service":"fms-auth","version":"1.0.0","environment":"default"}
{"@timestamp":"2025-12-08T10:44:40.3805594+05:30","level":"INFO","logger_name":"org.springframework.boot.web.servlet.context.ServletWebServerApplicationContext","message":"Root WebApplicationContext: initialization completed in 5047 ms","service":"fms-auth","version":"1.0.0","environment":"default"}
{"@timestamp":"2025-12-08T10:44:40.9755963+05:30","level":"INFO","logger_name":"org.hibernate.jpa.internal.util.LogHelper","message":"HHH000204: Processing PersistenceUnitInfo [name: default]","service":"fms-auth","version":"1.0.0","environment":"default"}
{"@timestamp":"2025-12-08T10:44:41.0405606+05:30","level":"INFO","logger_name":"org.hibernate.Version","message":"HHH000412: Hibernate ORM core version 6.6.11.Final","service":"fms-auth","version":"1.0.0","environment":"default"}
{"@timestamp":"2025-12-08T10:44:41.0795614+05:30","level":"INFO","logger_name":"org.hibernate.cache.internal.RegionFactoryInitiator","message":"HHH000026: Second-level cache disabled","service":"fms-auth","version":"1.0.0","environment":"default"}
{"@timestamp":"2025-12-08T10:44:41.4124662+05:30","level":"INFO","logger_name":"org.springframework.orm.jpa.persistenceunit.SpringPersistenceUnitInfo","message":"No LoadTimeWeaver setup: ignoring JPA class transformer","service":"fms-auth","version":"1.0.0","environment":"default"}
{"@timestamp":"2025-12-08T10:44:41.457503+05:30","level":"INFO","logger_name":"com.zaxxer.hikari.HikariDataSource","message":"HikariPool-1 - Starting...","service":"fms-auth","version":"1.0.0","environment":"default"}
{"@timestamp":"2025-12-08T10:44:41.6634957+05:30","level":"INFO","logger_name":"com.zaxxer.hikari.pool.HikariPool","message":"HikariPool-1 - Added connection com.mysql.cj.jdbc.ConnectionImpl@7137cd14","service":"fms-auth","version":"1.0.0","environment":"default"}
{"@timestamp":"2025-12-08T10:44:41.6654685+05:30","level":"INFO","logger_name":"com.zaxxer.hikari.HikariDataSource","message":"HikariPool-1 - Start completed.","service":"fms-auth","version":"1.0.0","environment":"default"}
{"@timestamp":"2025-12-08T10:44:41.7295013+05:30","level":"WARN","logger_name":"org.hibernate.orm.deprecation","message":"HHH90000025: MySQL8Dialect does not need to be specified explicitly using 'hibernate.dialect' (remove the property setting and it will be selected by default)","service":"fms-auth","version":"1.0.0","environment":"default"}
{"@timestamp":"2025-12-08T10:44:41.7315027+05:30","level":"WARN","logger_name":"org.hibernate.orm.deprecation","message":"HHH90000026: MySQL8Dialect has been deprecated; use org.hibernate.dialect.MySQLDialect instead","service":"fms-auth","version":"1.0.0","environment":"default"}
{"@timestamp":"2025-12-08T10:44:41.750472+05:30","level":"INFO","logger_name":"org.hibernate.orm.connections.pooling","message":"HHH10001005: Database info:\n\tDatabase JDBC URL [Connecting through datasource 'HikariDataSource (HikariPool-1)']\n\tDatabase driver: undefined/unknown\n\tDatabase version: 8.0\n\tAutocommit mode: undefined/unknown\n\tIsolation level: undefined/unknown\n\tMinimum pool size: undefined/unknown\n\tMaximum pool size: undefined/unknown","service":"fms-auth","version":"1.0.0","environment":"default"}
{"@timestamp":"2025-12-08T10:44:43.7562304+05:30","level":"INFO","logger_name":"org.hibernate.engine.transaction.jta.platform.internal.JtaPlatformInitiator","message":"HHH000489: No JTA platform available (set 'hibernate.transaction.jta.platform' to enable JTA platform integration)","service":"fms-auth","version":"1.0.0","environment":"default"}
{"@timestamp":"2025-12-08T10:44:44.9632342+05:30","level":"WARN","logger_name":"org.hibernate.tool.schema.internal.ExceptionHandlerLoggedImpl","message":"GenerationTarget encountered exception accepting command : Error executing DDL \"alter table fms_rule modify column final_rule tinytext not null\" via JDBC [Data truncation: Data too long for column 'final_rule' at row 1]","service":"fms-auth","version":"1.0.0","environment":"default"}
{"@timestamp":"2025-12-08T10:44:44.9752443+05:30","level":"WARN","logger_name":"org.hibernate.tool.schema.internal.ExceptionHandlerLoggedImpl","message":"GenerationTarget encountered exception accepting command : Error executing DDL \"alter table risk_metrix add column condition varchar(255) not null\" via JDBC [You have an error in your SQL syntax; check the manual that corresponds to your MySQL server version for the right syntax to use near 'condition varchar(255) not null' at line 1]","service":"fms-auth","version":"1.0.0","environment":"default"}
{"@timestamp":"2025-12-08T10:44:45.0156318+05:30","level":"WARN","logger_name":"org.hibernate.tool.schema.internal.ExceptionHandlerLoggedImpl","message":"GenerationTarget encountered exception accepting command : Error executing DDL \"alter table transaction_history modify column tran_packet tinytext not null\" via JDBC [Data truncation: Data too long for column 'tran_packet' at row 1]","service":"fms-auth","version":"1.0.0","environment":"default"}
{"@timestamp":"2025-12-08T10:44:45.2222745+05:30","level":"INFO","logger_name":"org.springframework.orm.jpa.LocalContainerEntityManagerFactoryBean","message":"Initialized JPA EntityManagerFactory for persistence unit 'default'","service":"fms-auth","version":"1.0.0","environment":"default"}
{"@timestamp":"2025-12-08T10:44:46.3082695+05:30","level":"INFO","logger_name":"org.springframework.data.jpa.repository.query.QueryEnhancerFactory","message":"Hibernate is in classpath; If applicable, HQL parser will be used.","service":"fms-auth","version":"1.0.0","environment":"default"}
{"@timestamp":"2025-12-08T10:44:47.7641264+05:30","level":"DEBUG","logger_name":"net.com.fms_auth.config.TokenAuthenticationFilter$$SpringCGLIB$$0","message":"Filter 'tokenAuthenticationFilter' configured for use","service":"fms-auth","version":"1.0.0","environment":"default"}
{"@timestamp":"2025-12-08T10:44:51.1012129+05:30","level":"INFO","logger_name":"org.springframework.security.config.annotation.authentication.configuration.InitializeAuthenticationProviderBeanManagerConfigurer$InitializeAuthenticationProviderManagerConfigurer","message":"Global AuthenticationManager configured with AuthenticationProvider bean with name authenticationProvider","service":"fms-auth","version":"1.0.0","environment":"default"}
{"@timestamp":"2025-12-08T10:44:51.104216+05:30","level":"WARN","logger_name":"org.springframework.security.config.annotation.authentication.configuration.InitializeUserDetailsBeanManagerConfigurer$InitializeUserDetailsManagerConfigurer","message":"Global AuthenticationManager configured with an AuthenticationProvider bean. UserDetailsService beans will not be used by Spring Security for automatically configuring username/password login. Consider removing the AuthenticationProvider bean. Alternatively, consider using the UserDetailsService in a manually instantiated DaoAuthenticationProvider. If the current configuration is intentional, to turn off this warning, increase the logging level of 'org.springframework.security.config.annotation.authentication.configuration.InitializeUserDetailsBeanManagerConfigurer' to ERROR","service":"fms-auth","version":"1.0.0","environment":"default"}
{"@timestamp":"2025-12-08T10:44:55.2068939+05:30","level":"INFO","logger_name":"org.springframework.boot.actuate.endpoint.web.EndpointLinksResolver","message":"Exposing 4 endpoints beneath base path '/actuator'","service":"fms-auth","version":"1.0.0","environment":"default"}
{"@timestamp":"2025-12-08T10:44:55.3618948+05:30","level":"WARN","logger_name":"org.springframework.security.config.annotation.web.configurers.AuthorizeHttpRequestsConfigurer$AuthorizationManagerRequestMatcherRegistry","message":"One of the patterns in [/auth/login, user/add-system-user, role/add-role, /actuator/**] is missing a leading slash. This is discouraged; please include the leading slash in all your request matcher patterns. In future versions of Spring Security, leaving out the leading slash will result in an exception.","service":"fms-auth","version":"1.0.0","environment":"default"}
{"@timestamp":"2025-12-08T10:44:56.787597+05:30","level":"INFO","logger_name":"org.springframework.cloud.netflix.eureka.config.DiscoveryClientOptionalArgsConfiguration","message":"Eureka HTTP Client uses RestTemplate.","service":"fms-auth","version":"1.0.0","environment":"default"}
{"@timestamp":"2025-12-08T10:44:56.9175981+05:30","level":"WARN","logger_name":"org.springframework.cloud.loadbalancer.config.LoadBalancerCacheAutoConfiguration$LoadBalancerCaffeineWarnLogger","message":"Spring Cloud LoadBalancer is currently working with the default cache. While this cache implementation is useful for development and tests, it's recommended to use Caffeine cache in production.You can switch to using Caffeine cache, by adding it and org.springframework.cache.caffeine.CaffeineCacheManager to the classpath.","service":"fms-auth","version":"1.0.0","environment":"default"}
{"@timestamp":"2025-12-08T10:44:57.0956365+05:30","level":"INFO","logger_name":"org.springframework.cloud.netflix.eureka.InstanceInfoFactory","message":"Setting initial instance status as: STARTING","service":"fms-auth","version":"1.0.0","environment":"default"}
{"@timestamp":"2025-12-08T10:44:57.1445987+05:30","level":"INFO","logger_name":"com.netflix.discovery.DiscoveryClient","message":"Initializing Eureka in region us-east-1","service":"fms-auth","version":"1.0.0","environment":"default"}
{"@timestamp":"2025-12-08T10:44:57.1516036+05:30","level":"INFO","logger_name":"com.netflix.discovery.shared.resolver.aws.ConfigClusterResolver","message":"Resolving eureka endpoints via configuration","service":"fms-auth","version":"1.0.0","environment":"default"}
{"@timestamp":"2025-12-08T10:44:57.1685983+05:30","level":"INFO","logger_name":"com.netflix.discovery.DiscoveryClient","message":"Disable delta property : false","service":"fms-auth","version":"1.0.0","environment":"default"}
{"@timestamp":"2025-12-08T10:44:57.1696028+05:30","level":"INFO","logger_name":"com.netflix.discovery.DiscoveryClient","message":"Single vip registry refresh property : null","service":"fms-auth","version":"1.0.0","environment":"default"}
{"@timestamp":"2025-12-08T10:44:57.1696028+05:30","level":"INFO","logger_name":"com.netflix.discovery.DiscoveryClient","message":"Force full registry fetch : false","service":"fms-auth","version":"1.0.0","environment":"default"}
{"@timestamp":"2025-12-08T10:44:57.1696028+05:30","level":"INFO","logger_name":"com.netflix.discovery.DiscoveryClient","message":"Application is null : false","service":"fms-auth","version":"1.0.0","environment":"default"}
{"@timestamp":"2025-12-08T10:44:57.1696028+05:30","level":"INFO","logger_name":"com.netflix.discovery.DiscoveryClient","message":"Registered Applications size is zero : true","service":"fms-auth","version":"1.0.0","environment":"default"}
{"@timestamp":"2025-12-08T10:44:57.1696028+05:30","level":"INFO","logger_name":"com.netflix.discovery.DiscoveryClient","message":"Application version is -1: true","service":"fms-auth","version":"1.0.0","environment":"default"}
{"@timestamp":"2025-12-08T10:44:57.1696028+05:30","level":"INFO","logger_name":"com.netflix.discovery.DiscoveryClient","message":"Getting all instance registry info from the eureka server","service":"fms-auth","version":"1.0.0","environment":"default"}
{"@timestamp":"2025-12-08T10:44:57.8999929+05:30","level":"INFO","logger_name":"com.netflix.discovery.DiscoveryClient","message":"The response status is 200","service":"fms-auth","version":"1.0.0","environment":"default"}
{"@timestamp":"2025-12-08T10:44:57.9059917+05:30","level":"INFO","logger_name":"com.netflix.discovery.DiscoveryClient","message":"Starting heartbeat executor: renew interval is: 30","service":"fms-auth","version":"1.0.0","environment":"default"}
{"@timestamp":"2025-12-08T10:44:57.9089938+05:30","level":"INFO","logger_name":"com.netflix.discovery.InstanceInfoReplicator","message":"InstanceInfoReplicator onDemand update allowed rate per min is 4","service":"fms-auth","version":"1.0.0","environment":"default"}
{"@timestamp":"2025-12-08T10:44:57.9129918+05:30","level":"INFO","logger_name":"com.netflix.discovery.DiscoveryClient","message":"Discovery Client initialized at timestamp 1765170897911 with initial instances count: 1","service":"fms-auth","version":"1.0.0","environment":"default"}
{"@timestamp":"2025-12-08T10:44:57.9359925+05:30","level":"INFO","logger_name":"org.springframework.cloud.netflix.eureka.serviceregistry.EurekaServiceRegistry","message":"Registering application FMS_AUTH with eureka with status UP","service":"fms-auth","version":"1.0.0","environment":"default"}
{"@timestamp":"2025-12-08T10:44:57.9379938+05:30","level":"INFO","logger_name":"com.netflix.discovery.DiscoveryClient","message":"Saw local status change event StatusChangeEvent [timestamp=1765170897937, current=UP, previous=STARTING]","service":"fms-auth","version":"1.0.0","environment":"default"}
{"@timestamp":"2025-12-08T10:44:57.9409918+05:30","level":"INFO","logger_name":"com.netflix.discovery.DiscoveryClient","message":"DiscoveryClient_FMS_AUTH/KAVINDA5242.mshome.net:fms_auth:8085: registering service...","service":"fms-auth","version":"1.0.0","environment":"default"}
{"@timestamp":"2025-12-08T10:44:58.0529916+05:30","level":"INFO","logger_name":"com.netflix.discovery.DiscoveryClient","message":"DiscoveryClient_FMS_AUTH/KAVINDA5242.mshome.net:fms_auth:8085 - registration status: 204","service":"fms-auth","version":"1.0.0","environment":"default"}
{"@timestamp":"2025-12-08T10:44:58.4189636+05:30","level":"INFO","logger_name":"org.springframework.boot.web.embedded.tomcat.TomcatWebServer","message":"Tomcat started on port 8085 (http) with context path '/fms-auth-service'","service":"fms-auth","version":"1.0.0","environment":"default"}
{"@timestamp":"2025-12-08T10:44:58.4299606+05:30","level":"INFO","logger_name":"org.springframework.cloud.netflix.eureka.serviceregistry.EurekaAutoServiceRegistration","message":"Updating port to 8085","service":"fms-auth","version":"1.0.0","environment":"default"}
{"@timestamp":"2025-12-08T10:44:58.5739626+05:30","level":"INFO","logger_name":"net.com.fms_auth.FmsAuthApplication","message":"Started FmsAuthApplication in 25.158 seconds (process running for 27.795)","service":"fms-auth","version":"1.0.0","environment":"default"}
{"@timestamp":"2025-12-08T10:49:57.1888966+05:30","level":"INFO","logger_name":"com.netflix.discovery.shared.resolver.aws.ConfigClusterResolver","message":"Resolving eureka endpoints via configuration","service":"fms-auth","version":"1.0.0","environment":"default"}
{"@timestamp":"2025-12-08T10:54:57.2026637+05:30","level":"INFO","logger_name":"com.netflix.discovery.shared.resolver.aws.ConfigClusterResolver","message":"Resolving eureka endpoints via configuration","service":"fms-auth","version":"1.0.0","environment":"default"}
{"@timestamp":"2025-12-08T10:59:57.2212085+05:30","level":"INFO","logger_name":"com.netflix.discovery.shared.resolver.aws.ConfigClusterResolver","message":"Resolving eureka endpoints via configuration","service":"fms-auth","version":"1.0.0","environment":"default"}
{"@timestamp":"2025-12-08T11:04:57.2373445+05:30","level":"INFO","logger_name":"com.netflix.discovery.shared.resolver.aws.ConfigClusterResolver","message":"Resolving eureka endpoints via configuration","service":"fms-auth","version":"1.0.0","environment":"default"}
{"@timestamp":"2025-12-08T11:09:57.2411288+05:30","level":"INFO","logger_name":"com.netflix.discovery.shared.resolver.aws.ConfigClusterResolver","message":"Resolving eureka endpoints via configuration","service":"fms-auth","version":"1.0.0","environment":"default"}
{"@timestamp":"2025-12-08T11:14:57.2467254+05:30","level":"INFO","logger_name":"com.netflix.discovery.shared.resolver.aws.ConfigClusterResolver","message":"Resolving eureka endpoints via configuration","service":"fms-auth","version":"1.0.0","environment":"default"}
{"@timestamp":"2025-12-08T11:19:57.2624682+05:30","level":"INFO","logger_name":"com.netflix.discovery.shared.resolver.aws.ConfigClusterResolver","message":"Resolving eureka endpoints via configuration","service":"fms-auth","version":"1.0.0","environment":"default"}
{"@timestamp":"2025-12-08T11:24:57.2735329+05:30","level":"INFO","logger_name":"com.netflix.discovery.shared.resolver.aws.ConfigClusterResolver","message":"Resolving eureka endpoints via configuration","service":"fms-auth","version":"1.0.0","environment":"default"}
{"@timestamp":"2025-12-08T11:29:57.2761505+05:30","level":"INFO","logger_name":"com.netflix.discovery.shared.resolver.aws.ConfigClusterResolver","message":"Resolving eureka endpoints via configuration","service":"fms-auth","version":"1.0.0","environment":"default"}
{"@timestamp":"2025-12-08T11:34:57.291355+05:30","level":"INFO","logger_name":"com.netflix.discovery.shared.resolver.aws.ConfigClusterResolver","message":"Resolving eureka endpoints via configuration","service":"fms-auth","version":"1.0.0","environment":"default"}
{"@timestamp":"2025-12-08T11:39:57.3239219+05:30","level":"INFO","logger_name":"com.netflix.discovery.shared.resolver.aws.ConfigClusterResolver","message":"Resolving eureka endpoints via configuration","service":"fms-auth","version":"1.0.0","environment":"default"}
{"@timestamp":"2025-12-08T11:44:57.3399778+05:30","level":"INFO","logger_name":"com.netflix.discovery.shared.resolver.aws.ConfigClusterResolver","message":"Resolving eureka endpoints via configuration","service":"fms-auth","version":"1.0.0","environment":"default"}
{"@timestamp":"2025-12-08T11:49:57.3573146+05:30","level":"INFO","logger_name":"com.netflix.discovery.shared.resolver.aws.ConfigClusterResolver","message":"Resolving eureka endpoints via configuration","service":"fms-auth","version":"1.0.0","environment":"default"}
{"@timestamp":"2025-12-08T11:54:57.3827474+05:30","level":"INFO","logger_name":"com.netflix.discovery.shared.resolver.aws.ConfigClusterResolver","message":"Resolving eureka endpoints via configuration","service":"fms-auth","version":"1.0.0","environment":"default"}
{"@timestamp":"2025-12-08T11:59:57.4063958+05:30","level":"INFO","logger_name":"com.netflix.discovery.shared.resolver.aws.ConfigClusterResolver","message":"Resolving eureka endpoints via configuration","service":"fms-auth","version":"1.0.0","environment":"default"}
{"@timestamp":"2025-12-08T12:04:57.4155269+05:30","level":"INFO","logger_name":"com.netflix.discovery.shared.resolver.aws.ConfigClusterResolver","message":"Resolving eureka endpoints via configuration","service":"fms-auth","version":"1.0.0","environment":"default"}
{"@timestamp":"2025-12-08T12:09:57.4311681+05:30","level":"INFO","logger_name":"com.netflix.discovery.shared.resolver.aws.ConfigClusterResolver","message":"Resolving eureka endpoints via configuration","service":"fms-auth","version":"1.0.0","environment":"default"}
{"@timestamp":"2025-12-08T12:14:57.4337856+05:30","level":"INFO","logger_name":"com.netflix.discovery.shared.resolver.aws.ConfigClusterResolver","message":"Resolving eureka endpoints via configuration","service":"fms-auth","version":"1.0.0","environment":"default"}
{"@timestamp":"2025-12-08T12:19:57.4853557+05:30","level":"INFO","logger_name":"com.netflix.discovery.shared.resolver.aws.ConfigClusterResolver","message":"Resolving eureka endpoints via configuration","service":"fms-auth","version":"1.0.0","environment":"default"}
{"@timestamp":"2025-12-08T12:24:57.4951394+05:30","level":"INFO","logger_name":"com.netflix.discovery.shared.resolver.aws.ConfigClusterResolver","message":"Resolving eureka endpoints via configuration","service":"fms-auth","version":"1.0.0","environment":"default"}
{"@timestamp":"2025-12-08T12:29:57.5142521+05:30","level":"INFO","logger_name":"com.netflix.discovery.shared.resolver.aws.ConfigClusterResolver","message":"Resolving eureka endpoints via configuration","service":"fms-auth","version":"1.0.0","environment":"default"}
{"@timestamp":"2025-12-08T12:34:57.533471+05:30","level":"INFO","logger_name":"com.netflix.discovery.shared.resolver.aws.ConfigClusterResolver","message":"Resolving eureka endpoints via configuration","service":"fms-auth","version":"1.0.0","environment":"default"}
{"@timestamp":"2025-12-08T12:39:57.5495523+05:30","level":"INFO","logger_name":"com.netflix.discovery.shared.resolver.aws.ConfigClusterResolver","message":"Resolving eureka endpoints via configuration","service":"fms-auth","version":"1.0.0","environment":"default"}
{"@timestamp":"2025-12-08T12:44:57.565113+05:30","level":"INFO","logger_name":"com.netflix.discovery.shared.resolver.aws.ConfigClusterResolver","message":"Resolving eureka endpoints via configuration","service":"fms-auth","version":"1.0.0","environment":"default"}
{"@timestamp":"2025-12-08T12:49:57.586293+05:30","level":"INFO","logger_name":"com.netflix.discovery.shared.resolver.aws.ConfigClusterResolver","message":"Resolving eureka endpoints via configuration","service":"fms-auth","version":"1.0.0","environment":"default"}
{"@timestamp":"2025-12-08T12:54:57.5959133+05:30","level":"INFO","logger_name":"com.netflix.discovery.shared.resolver.aws.ConfigClusterResolver","message":"Resolving eureka endpoints via configuration","service":"fms-auth","version":"1.0.0","environment":"default"}
{"@timestamp":"2025-12-08T12:59:57.6094715+05:30","level":"INFO","logger_name":"com.netflix.discovery.shared.resolver.aws.ConfigClusterResolver","message":"Resolving eureka endpoints via configuration","service":"fms-auth","version":"1.0.0","environment":"default"}
{"@timestamp":"2025-12-08T13:04:57.6285712+05:30","level":"INFO","logger_name":"com.netflix.discovery.shared.resolver.aws.ConfigClusterResolver","message":"Resolving eureka endpoints via configuration","service":"fms-auth","version":"1.0.0","environment":"default"}
{"@timestamp":"2025-12-08T13:09:57.7413631+05:30","level":"INFO","logger_name":"com.netflix.discovery.shared.resolver.aws.ConfigClusterResolver","message":"Resolving eureka endpoints via configuration","service":"fms-auth","version":"1.0.0","environment":"default"}
{"@timestamp":"2025-12-08T13:14:57.755171+05:30","level":"INFO","logger_name":"com.netflix.discovery.shared.resolver.aws.ConfigClusterResolver","message":"Resolving eureka endpoints via configuration","service":"fms-auth","version":"1.0.0","environment":"default"}
{"@timestamp":"2025-12-08T13:19:57.7615426+05:30","level":"INFO","logger_name":"com.netflix.discovery.shared.resolver.aws.ConfigClusterResolver","message":"Resolving eureka endpoints via configuration","service":"fms-auth","version":"1.0.0","environment":"default"}
{"@timestamp":"2025-12-08T13:24:57.7848994+05:30","level":"INFO","logger_name":"com.netflix.discovery.shared.resolver.aws.ConfigClusterResolver","message":"Resolving eureka endpoints via configuration","service":"fms-auth","version":"1.0.0","environment":"default"}
{"@timestamp":"2025-12-08T13:29:57.79149+05:30","level":"INFO","logger_name":"com.netflix.discovery.shared.resolver.aws.ConfigClusterResolver","message":"Resolving eureka endpoints via configuration","service":"fms-auth","version":"1.0.0","environment":"default"}
{"@timestamp":"2025-12-08T13:34:57.8070817+05:30","level":"INFO","logger_name":"com.netflix.discovery.shared.resolver.aws.ConfigClusterResolver","message":"Resolving eureka endpoints via configuration","service":"fms-auth","version":"1.0.0","environment":"default"}
{"@timestamp":"2025-12-08T13:39:57.8249338+05:30","level":"INFO","logger_name":"com.netflix.discovery.shared.resolver.aws.ConfigClusterResolver","message":"Resolving eureka endpoints via configuration","service":"fms-auth","version":"1.0.0","environment":"default"}
{"@timestamp":"2025-12-08T13:44:57.8428496+05:30","level":"INFO","logger_name":"com.netflix.discovery.shared.resolver.aws.ConfigClusterResolver","message":"Resolving eureka endpoints via configuration","service":"fms-auth","version":"1.0.0","environment":"default"}
{"@timestamp":"2025-12-08T13:49:57.8548052+05:30","level":"INFO","logger_name":"com.netflix.discovery.shared.resolver.aws.ConfigClusterResolver","message":"Resolving eureka endpoints via configuration","service":"fms-auth","version":"1.0.0","environment":"default"}
